I0619 16:25:08.034221 24944640 processor.cc:842] Processor: complete processing batch 8ce90dfc-918a-4917-b71a-e26020fe626a into model nwt
I0619 16:25:08.037953 24944640 cuckoo_watch.h:44] 134ms in ProcessBatch(/Users/miptgirl/Documents/coursera_ml_and_data_analysis_spec/structure_in_data/week_4/assignment_2/batches/aaaaao.batch) [including 9ms in LoadMessage; 11ms in InitializeSparseNdw; 106ms in InferThetaAndUpdateNwtSparse; ]
I0619 16:25:08.038801 23871488 processor.cc:662] No data in processing queue, waiting...
I0619 16:25:08.041957 24408064 processor.cc:662] No data in processing queue, waiting...
I0619 16:25:08.059957 24944640 processor.cc:662] No data in processing queue, waiting...
I0619 16:25:08.087517 25481216 processor.cc:842] Processor: complete processing batch 654c13d6-dd97-4f03-a4d7-a13f5ea253f3 into model nwt
I0619 16:25:08.090204 25481216 cuckoo_watch.h:44] 127ms in ProcessBatch(/Users/miptgirl/Documents/coursera_ml_and_data_analysis_spec/structure_in_data/week_4/assignment_2/batches/aaaaap.batch) [including 36ms in LoadMessage; 9ms in InitializeSparseNdw; 75ms in InferThetaAndUpdateNwtSparse; ]
I0619 16:25:08.091346 2021564416 master_component.cc:979] RegularizeModelArgs: rwt_target_name=rwt, pwt_source_name=pwt, nwt_source_name=nwt
I0619 16:25:08.091387 2021564416 master_component.cc:590] MasterComponent: start regularizing model pwt
I0619 16:25:08.112962 25481216 processor.cc:662] No data in processing queue, waiting...
I0619 16:25:08.157274 2021564416 master_component.cc:613] MasterComponent: complete regularizing model pwt
I0619 16:25:08.157296 2021564416 master_component.cc:990] NormalizeModelArgs: pwt_target_name=pwt, nwt_source_name=nwt, rwt_source_name=rwt
I0619 16:25:08.157304 2021564416 master_component.cc:617] MasterComponent: start normalizing model nwt
I0619 16:25:08.209190 2021564416 master_component.cc:639] MasterComponent: complete normalizing model nwt
I0619 16:25:08.351337 2021564416 master_component.cc:1014] DisposeModel rwt
I0619 16:25:08.368571 2021564416 c_interface.cc:332] Pass FitOfflineMasterModelArgs, batch_filename_size=18, batch_weight_size=18, num_collection_passes=1 to MN4artm4core15MasterComponentEFvRKNS_25FitOfflineMasterModelArgsEE
I0619 16:25:08.368592 2021564416 master_component.cc:941] ProcessBatchesArgs: nwt_target_name=nwt, batch_filename_size=18, batch_size=0, batch_weight_size=18, pwt_source_name=pwt, num_document_passes=10, regularizer=(name:SmoothPhi, tau:100000), class=(text:1), class=(author:1), reuse_theta=no, opt_for_avx=yes, predict_class_id=
I0619 16:25:08.404785 23871488 processor.cc:669] Processing queue has data, processing started
I0619 16:25:08.407176 23871488 processor.cc:746] Processor: start processing batch f912d5bb-bfe9-4607-9bf2-add4bac57d76 into model nwt
I0619 16:25:08.409531 24408064 processor.cc:669] Processing queue has data, processing started
I0619 16:25:08.413192 24408064 processor.cc:746] Processor: start processing batch 9042f92e-fd75-4444-973c-657f347edb55 into model nwt
I0619 16:25:08.415850 25481216 processor.cc:669] Processing queue has data, processing started
I0619 16:25:08.416900 23871488 processor.cc:842] Processor: complete processing batch f912d5bb-bfe9-4607-9bf2-add4bac57d76 into model nwt
I0619 16:25:08.417946 23871488 cuckoo_watch.h:44] 13ms in ProcessBatch(/Users/miptgirl/Documents/coursera_ml_and_data_analysis_spec/structure_in_data/week_4/assignment_2/batches/aaaaaa.batch) [including 1ms in LoadMessage; 0ms in InitializeSparseNdw; 9ms in InferThetaAndUpdateNwtSparse; ]
I0619 16:25:08.420224 25481216 processor.cc:746] Processor: start processing batch 6609c86e-5b7a-44da-be30-772c4f79a3f2 into model nwt
I0619 16:25:08.422030 24944640 processor.cc:669] Processing queue has data, processing started
I0619 16:25:08.452383 23871488 processor.cc:662] No data in processing queue, waiting...
I0619 16:25:08.459046 24944640 processor.cc:746] Processor: start processing batch cde3298e-97b7-41f7-a58d-038c26ec99b2 into model nwt
I0619 16:25:08.464993 23871488 processor.cc:669] Processing queue has data, processing started
I0619 16:25:08.503265 23871488 processor.cc:746] Processor: start processing batch cda8f3c4-f4f0-40ae-8586-057e31205b6c into model nwt
I0619 16:25:08.527885 25481216 processor.cc:842] Processor: complete processing batch 6609c86e-5b7a-44da-be30-772c4f79a3f2 into model nwt
I0619 16:25:08.530501 24408064 processor.cc:842] Processor: complete processing batch 9042f92e-fd75-4444-973c-657f347edb55 into model nwt
I0619 16:25:08.536324 24408064 cuckoo_watch.h:44] 126ms in ProcessBatch(/Users/miptgirl/Documents/coursera_ml_and_data_analysis_spec/structure_in_data/week_4/assignment_2/batches/aaaaab.batch) [including 1ms in LoadMessage; 1ms in InitializeSparseNdw; 116ms in InferThetaAndUpdateNwtSparse; ]
I0619 16:25:08.536751 25481216 cuckoo_watch.h:44] 120ms in ProcessBatch(/Users/miptgirl/Documents/coursera_ml_and_data_analysis_spec/structure_in_data/week_4/assignment_2/batches/aaaaac.batch) [including 3ms in LoadMessage; 1ms in InitializeSparseNdw; 106ms in InferThetaAndUpdateNwtSparse; ]
I0619 16:25:08.546641 24408064 processor.cc:746] Processor: start processing batch d9d556fc-53f0-4412-a960-7064efe6a29f into model nwt
I0619 16:25:08.555577 23871488 processor.cc:842] Processor: complete processing batch cda8f3c4-f4f0-40ae-8586-057e31205b6c into model nwt
I0619 16:25:08.558346 23871488 cuckoo_watch.h:44] 93ms in ProcessBatch(/Users/miptgirl/Documents/coursera_ml_and_data_analysis_spec/structure_in_data/week_4/assignment_2/batches/aaaaae.batch) [including 31ms in LoadMessage; 2ms in InitializeSparseNdw; 48ms in InferThetaAndUpdateNwtSparse; ]
I0619 16:25:08.569627 23871488 processor.cc:746] Processor: start processing batch d1fc1de5-37c2-4987-b827-0d3a835f4da7 into model nwt
I0619 16:25:08.569669 24944640 processor.cc:842] Processor: complete processing batch cde3298e-97b7-41f7-a58d-038c26ec99b2 into model nwt
I0619 16:25:08.572526 24944640 cuckoo_watch.h:44] 150ms in ProcessBatch(/Users/miptgirl/Documents/coursera_ml_and_data_analysis_spec/structure_in_data/week_4/assignment_2/batches/aaaaad.batch) [including 3ms in LoadMessage; 18ms in InitializeSparseNdw; 91ms in InferThetaAndUpdateNwtSparse; ]
I0619 16:25:08.579193 25481216 processor.cc:746] Processor: start processing batch a39646d9-c93c-4b46-9c31-62d6768a9e4d into model nwt
I0619 16:25:08.583369 24944640 processor.cc:746] Processor: start processing batch 655cd2ca-a884-4971-8f82-ba284303a518 into model nwt
I0619 16:25:08.601531 24408064 processor.cc:842] Processor: complete processing batch d9d556fc-53f0-4412-a960-7064efe6a29f into model nwt
I0619 16:25:08.604147 24408064 cuckoo_watch.h:44] 67ms in ProcessBatch(/Users/miptgirl/Documents/coursera_ml_and_data_analysis_spec/structure_in_data/week_4/assignment_2/batches/aaaaaf.batch) [including 7ms in LoadMessage; 2ms in InitializeSparseNdw; 52ms in InferThetaAndUpdateNwtSparse; ]
I0619 16:25:08.615839 24408064 processor.cc:746] Processor: start processing batch a36830c6-b335-4acf-9c93-d53ca2ddea20 into model nwt
I0619 16:25:08.621978 23871488 processor.cc:842] Processor: complete processing batch d1fc1de5-37c2-4987-b827-0d3a835f4da7 into model nwt
I0619 16:25:08.624060 24944640 processor.cc:842] Processor: complete processing batch 655cd2ca-a884-4971-8f82-ba284303a518 into model nwt
I0619 16:25:08.624341 23871488 cuckoo_watch.h:44] 65ms in ProcessBatch(/Users/miptgirl/Documents/coursera_ml_and_data_analysis_spec/structure_in_data/week_4/assignment_2/batches/aaaaah.batch) [including 8ms in LoadMessage; 3ms in InitializeSparseNdw; 48ms in InferThetaAndUpdateNwtSparse; ]
I0619 16:25:08.626215 24944640 cuckoo_watch.h:44] 53ms in ProcessBatch(/Users/miptgirl/Documents/coursera_ml_and_data_analysis_spec/structure_in_data/week_4/assignment_2/batches/aaaaai.batch) [including 5ms in LoadMessage; 5ms in InitializeSparseNdw; 35ms in InferThetaAndUpdateNwtSparse; ]
I0619 16:25:08.636587 23871488 processor.cc:746] Processor: start processing batch 056d7f10-6699-407e-b143-2d8211909c87 into model nwt
I0619 16:25:08.651906 24944640 processor.cc:746] Processor: start processing batch eae3841a-2012-4922-a99c-d274e87a3c31 into model nwt
I0619 16:25:08.652005 25481216 processor.cc:842] Processor: complete processing batch a39646d9-c93c-4b46-9c31-62d6768a9e4d into model nwt
I0619 16:25:08.654386 25481216 cuckoo_watch.h:44] 117ms in ProcessBatch(/Users/miptgirl/Documents/coursera_ml_and_data_analysis_spec/structure_in_data/week_4/assignment_2/batches/aaaaag.batch) [including 26ms in LoadMessage; 2ms in InitializeSparseNdw; 69ms in InferThetaAndUpdateNwtSparse; ]
I0619 16:25:08.666913 25481216 processor.cc:746] Processor: start processing batch c0116f44-2e93-4075-bff2-492ffffb9e16 into model nwt
I0619 16:25:08.816515 24408064 processor.cc:842] Processor: complete processing batch a36830c6-b335-4acf-9c93-d53ca2ddea20 into model nwt
I0619 16:25:08.819958 24408064 cuckoo_watch.h:44] 215ms in ProcessBatch(/Users/miptgirl/Documents/coursera_ml_and_data_analysis_spec/structure_in_data/week_4/assignment_2/batches/aaaaaj.batch) [including 9ms in LoadMessage; 6ms in InitializeSparseNdw; 194ms in InferThetaAndUpdateNwtSparse; ]
I0619 16:25:08.831959 24408064 processor.cc:746] Processor: start processing batch f053904a-564b-4d2e-b458-6d05ddd7d42f into model nwt
I0619 16:25:08.864694 24944640 processor.cc:842] Processor: complete processing batch eae3841a-2012-4922-a99c-d274e87a3c31 into model nwt
I0619 16:25:08.875206 24944640 cuckoo_watch.h:44] 248ms in ProcessBatch(/Users/miptgirl/Documents/coursera_ml_and_data_analysis_spec/structure_in_data/week_4/assignment_2/batches/aaaaal.batch) [including 23ms in LoadMessage; 6ms in InitializeSparseNdw; 206ms in InferThetaAndUpdateNwtSparse; ]
I0619 16:25:08.882805 23871488 processor.cc:842] Processor: complete processing batch 056d7f10-6699-407e-b143-2d8211909c87 into model nwt
I0619 16:25:08.892227 25481216 processor.cc:842] Processor: complete processing batch c0116f44-2e93-4075-bff2-492ffffb9e16 into model nwt
I0619 16:25:08.898151 24944640 processor.cc:746] Processor: start processing batch 8ce90dfc-918a-4917-b71a-e26020fe626a into model nwt
I0619 16:25:08.900504 25481216 cuckoo_watch.h:44] 246ms in ProcessBatch(/Users/miptgirl/Documents/coursera_ml_and_data_analysis_spec/structure_in_data/week_4/assignment_2/batches/aaaaam.batch) [including 10ms in LoadMessage; 8ms in InitializeSparseNdw; 216ms in InferThetaAndUpdateNwtSparse; ]
I0619 16:25:08.910851 23871488 cuckoo_watch.h:44] 286ms in ProcessBatch(/Users/miptgirl/Documents/coursera_ml_and_data_analysis_spec/structure_in_data/week_4/assignment_2/batches/aaaaak.batch) [including 10ms in LoadMessage; 7ms in InitializeSparseNdw; 238ms in InferThetaAndUpdateNwtSparse; ]
I0619 16:25:08.912595 25481216 processor.cc:746] Processor: start processing batch 654c13d6-dd97-4f03-a4d7-a13f5ea253f3 into model nwt
I0619 16:25:08.919140 23871488 processor.cc:746] Processor: start processing batch 689e14a7-6922-4fa3-bc93-2cdb4fca8fdf into model nwt
I0619 16:25:08.947906 23871488 processor.cc:842] Processor: complete processing batch 689e14a7-6922-4fa3-bc93-2cdb4fca8fdf into model nwt
I0619 16:25:08.949389 23871488 cuckoo_watch.h:44] 38ms in ProcessBatch(/Users/miptgirl/Documents/coursera_ml_and_data_analysis_spec/structure_in_data/week_4/assignment_2/batches/aaaaaq.batch) [including 3ms in LoadMessage; 4ms in InitializeSparseNdw; 24ms in InferThetaAndUpdateNwtSparse; ]
I0619 16:25:08.953021 23871488 processor.cc:746] Processor: start processing batch 1d30393b-e01f-4593-9876-0633c2152dae into model nwt
I0619 16:25:08.958240 23871488 processor.cc:842] Processor: complete processing batch 1d30393b-e01f-4593-9876-0633c2152dae into model nwt
I0619 16:25:08.958701 23871488 cuckoo_watch.h:44] 9ms in ProcessBatch(/Users/miptgirl/Documents/coursera_ml_and_data_analysis_spec/structure_in_data/week_4/assignment_2/batches/aaaaar.batch) [including 0ms in LoadMessage; 0ms in InitializeSparseNdw; 4ms in InferThetaAndUpdateNwtSparse; ]
I0619 16:25:08.983002 23871488 processor.cc:662] No data in processing queue, waiting...
I0619 16:25:09.003883 24408064 processor.cc:842] Processor: complete processing batch f053904a-564b-4d2e-b458-6d05ddd7d42f into model nwt
I0619 16:25:09.009551 24408064 cuckoo_watch.h:44] 189ms in ProcessBatch(/Users/miptgirl/Documents/coursera_ml_and_data_analysis_spec/structure_in_data/week_4/assignment_2/batches/aaaaan.batch) [including 9ms in LoadMessage; 12ms in InitializeSparseNdw; 159ms in InferThetaAndUpdateNwtSparse; ]
I0619 16:25:09.032928 24408064 processor.cc:662] No data in processing queue, waiting...
I0619 16:25:09.035271 24944640 processor.cc:842] Processor: complete processing batch 8ce90dfc-918a-4917-b71a-e26020fe626a into model nwt
I0619 16:25:09.039768 24944640 cuckoo_watch.h:44] 164ms in ProcessBatch(/Users/miptgirl/Documents/coursera_ml_and_data_analysis_spec/structure_in_data/week_4/assignment_2/batches/aaaaao.batch) [including 13ms in LoadMessage; 7ms in InitializeSparseNdw; 129ms in InferThetaAndUpdateNwtSparse; ]
I0619 16:25:09.060329 25481216 processor.cc:842] Processor: complete processing batch 654c13d6-dd97-4f03-a4d7-a13f5ea253f3 into model nwt
I0619 16:25:09.062006 25481216 cuckoo_watch.h:44] 161ms in ProcessBatch(/Users/miptgirl/Documents/coursera_ml_and_data_analysis_spec/structure_in_data/week_4/assignment_2/batches/aaaaap.batch) [including 9ms in LoadMessage; 5ms in InitializeSparseNdw; 141ms in InferThetaAndUpdateNwtSparse; ]
I0619 16:25:09.062088 2021564416 master_component.cc:979] RegularizeModelArgs: rwt_target_name=rwt, pwt_source_name=pwt, nwt_source_name=nwt
I0619 16:25:09.062109 2021564416 master_component.cc:590] MasterComponent: start regularizing model pwt
I0619 16:25:09.063320 24944640 processor.cc:662] No data in processing queue, waiting...
I0619 16:25:09.087121 25481216 processor.cc:662] No data in processing queue, waiting...
I0619 16:25:09.126998 2021564416 master_component.cc:613] MasterComponent: complete regularizing model pwt
I0619 16:25:09.127018 2021564416 master_component.cc:990] NormalizeModelArgs: pwt_target_name=pwt, nwt_source_name=nwt, rwt_source_name=rwt
I0619 16:25:09.127025 2021564416 master_component.cc:617] MasterComponent: start normalizing model nwt
I0619 16:25:09.172044 2021564416 master_component.cc:639] MasterComponent: complete normalizing model nwt
I0619 16:25:09.348881 2021564416 master_component.cc:1014] DisposeModel rwt
I0619 16:25:09.374770 2021564416 c_interface.cc:332] Pass FitOfflineMasterModelArgs, batch_filename_size=18, batch_weight_size=18, num_collection_passes=1 to MN4artm4core15MasterComponentEFvRKNS_25FitOfflineMasterModelArgsEE
I0619 16:25:09.374793 2021564416 master_component.cc:941] ProcessBatchesArgs: nwt_target_name=nwt, batch_filename_size=18, batch_size=0, batch_weight_size=18, pwt_source_name=pwt, num_document_passes=10, regularizer=(name:SmoothPhi, tau:100000), class=(text:1), class=(author:1), reuse_theta=no, opt_for_avx=yes, predict_class_id=
I0619 16:25:09.426669 24944640 processor.cc:669] Processing queue has data, processing started
I0619 16:25:09.429548 24944640 processor.cc:746] Processor: start processing batch f912d5bb-bfe9-4607-9bf2-add4bac57d76 into model nwt
I0619 16:25:09.433837 23871488 processor.cc:669] Processing queue has data, processing started
I0619 16:25:09.440902 23871488 processor.cc:746] Processor: start processing batch 9042f92e-fd75-4444-973c-657f347edb55 into model nwt
I0619 16:25:09.443591 24408064 processor.cc:669] Processing queue has data, processing started
I0619 16:25:09.448297 24944640 processor.cc:842] Processor: complete processing batch f912d5bb-bfe9-4607-9bf2-add4bac57d76 into model nwt
I0619 16:25:09.449321 24408064 processor.cc:746] Processor: start processing batch 6609c86e-5b7a-44da-be30-772c4f79a3f2 into model nwt
I0619 16:25:09.449745 24944640 cuckoo_watch.h:44] 23ms in ProcessBatch(/Users/miptgirl/Documents/coursera_ml_and_data_analysis_spec/structure_in_data/week_4/assignment_2/batches/aaaaaa.batch) [including 1ms in LoadMessage; 0ms in InitializeSparseNdw; 18ms in InferThetaAndUpdateNwtSparse; ]
I0619 16:25:09.462473 24944640 processor.cc:746] Processor: start processing batch cde3298e-97b7-41f7-a58d-038c26ec99b2 into model nwt
I0619 16:25:09.463465 25481216 processor.cc:669] Processing queue has data, processing started
I0619 16:25:09.469044 25481216 processor.cc:746] Processor: start processing batch cda8f3c4-f4f0-40ae-8586-057e31205b6c into model nwt
I0619 16:25:09.489472 24408064 processor.cc:842] Processor: complete processing batch 6609c86e-5b7a-44da-be30-772c4f79a3f2 into model nwt
I0619 16:25:09.491104 23871488 processor.cc:842] Processor: complete processing batch 9042f92e-fd75-4444-973c-657f347edb55 into model nwt
I0619 16:25:09.492514 24408064 cuckoo_watch.h:44] 48ms in ProcessBatch(/Users/miptgirl/Documents/coursera_ml_and_data_analysis_spec/structure_in_data/week_4/assignment_2/batches/aaaaac.batch) [including 3ms in LoadMessage; 1ms in InitializeSparseNdw; 38ms in InferThetaAndUpdateNwtSparse; ]
I0619 16:25:09.493777 23871488 cuckoo_watch.h:44] 59ms in ProcessBatch(/Users/miptgirl/Documents/coursera_ml_and_data_analysis_spec/structure_in_data/week_4/assignment_2/batches/aaaaab.batch) [including 3ms in LoadMessage; 2ms in InitializeSparseNdw; 47ms in InferThetaAndUpdateNwtSparse; ]
I0619 16:25:09.495537 24944640 processor.cc:842] Processor: complete processing batch cde3298e-97b7-41f7-a58d-038c26ec99b2 into model nwt
I0619 16:25:09.498152 24944640 cuckoo_watch.h:44] 44ms in ProcessBatch(/Users/miptgirl/Documents/coursera_ml_and_data_analysis_spec/structure_in_data/week_4/assignment_2/batches/aaaaad.batch) [including 7ms in LoadMessage; 1ms in InitializeSparseNdw; 31ms in InferThetaAndUpdateNwtSparse; ]
I0619 16:25:09.500933 24408064 processor.cc:746] Processor: start processing batch d9d556fc-53f0-4412-a960-7064efe6a29f into model nwt
I0619 16:25:09.503607 25481216 processor.cc:842] Processor: complete processing batch cda8f3c4-f4f0-40ae-8586-057e31205b6c into model nwt
I0619 16:25:09.506363 25481216 cuckoo_watch.h:44] 42ms in ProcessBatch(/Users/miptgirl/Documents/coursera_ml_and_data_analysis_spec/structure_in_data/week_4/assignment_2/batches/aaaaae.batch) [including 3ms in LoadMessage; 1ms in InitializeSparseNdw; 32ms in InferThetaAndUpdateNwtSparse; ]
I0619 16:25:09.507163 24944640 processor.cc:746] Processor: start processing batch a39646d9-c93c-4b46-9c31-62d6768a9e4d into model nwt
I0619 16:25:09.517647 23871488 processor.cc:746] Processor: start processing batch d1fc1de5-37c2-4987-b827-0d3a835f4da7 into model nwt
I0619 16:25:09.528092 25481216 processor.cc:746] Processor: start processing batch 655cd2ca-a884-4971-8f82-ba284303a518 into model nwt
I0619 16:25:09.539803 24408064 processor.cc:842] Processor: complete processing batch d9d556fc-53f0-4412-a960-7064efe6a29f into model nwt
I0619 16:25:09.542035 24408064 cuckoo_watch.h:44] 49ms in ProcessBatch(/Users/miptgirl/Documents/coursera_ml_and_data_analysis_spec/structure_in_data/week_4/assignment_2/batches/aaaaaf.batch) [including 6ms in LoadMessage; 1ms in InitializeSparseNdw; 37ms in InferThetaAndUpdateNwtSparse; ]
I0619 16:25:09.552244 24408064 processor.cc:746] Processor: start processing batch a36830c6-b335-4acf-9c93-d53ca2ddea20 into model nwt
I0619 16:25:09.565465 25481216 processor.cc:842] Processor: complete processing batch 655cd2ca-a884-4971-8f82-ba284303a518 into model nwt
I0619 16:25:09.567981 25481216 cuckoo_watch.h:44] 46ms in ProcessBatch(/Users/miptgirl/Documents/coursera_ml_and_data_analysis_spec/structure_in_data/week_4/assignment_2/batches/aaaaai.batch) [including 3ms in LoadMessage; 1ms in InitializeSparseNdw; 35ms in InferThetaAndUpdateNwtSparse; ]
I0619 16:25:09.570737 23871488 processor.cc:842] Processor: complete processing batch d1fc1de5-37c2-4987-b827-0d3a835f4da7 into model nwt
I0619 16:25:09.573554 23871488 cuckoo_watch.h:44] 62ms in ProcessBatch(/Users/miptgirl/Documents/coursera_ml_and_data_analysis_spec/structure_in_data/week_4/assignment_2/batches/aaaaah.batch) [including 4ms in LoadMessage; 1ms in InitializeSparseNdw; 51ms in InferThetaAndUpdateNwtSparse; ]
I0619 16:25:09.589834 25481216 processor.cc:746] Processor: start processing batch 056d7f10-6699-407e-b143-2d8211909c87 into model nwt
I0619 16:25:09.596962 24944640 processor.cc:842] Processor: complete processing batch a39646d9-c93c-4b46-9c31-62d6768a9e4d into model nwt
I0619 16:25:09.599923 24944640 cuckoo_watch.h:44] 100ms in ProcessBatch(/Users/miptgirl/Documents/coursera_ml_and_data_analysis_spec/structure_in_data/week_4/assignment_2/batches/aaaaag.batch) [including 5ms in LoadMessage; 2ms in InitializeSparseNdw; 87ms in InferThetaAndUpdateNwtSparse; ]
I0619 16:25:09.602701 23871488 processor.cc:746] Processor: start processing batch eae3841a-2012-4922-a99c-d274e87a3c31 into model nwt
I0619 16:25:09.626502 24944640 processor.cc:746] Processor: start processing batch c0116f44-2e93-4075-bff2-492ffffb9e16 into model nwt
I0619 16:25:09.682169 24408064 processor.cc:842] Processor: complete processing batch a36830c6-b335-4acf-9c93-d53ca2ddea20 into model nwt
I0619 16:25:09.691221 24408064 cuckoo_watch.h:44] 149ms in ProcessBatch(/Users/miptgirl/Documents/coursera_ml_and_data_analysis_spec/structure_in_data/week_4/assignment_2/batches/aaaaaj.batch) [including 7ms in LoadMessage; 4ms in InitializeSparseNdw; 125ms in InferThetaAndUpdateNwtSparse; ]
I0619 16:25:09.704181 24408064 processor.cc:746] Processor: start processing batch f053904a-564b-4d2e-b458-6d05ddd7d42f into model nwt
I0619 16:25:09.763074 25481216 processor.cc:842] Processor: complete processing batch 056d7f10-6699-407e-b143-2d8211909c87 into model nwt
I0619 16:25:09.768555 25481216 cuckoo_watch.h:44] 192ms in ProcessBatch(/Users/miptgirl/Documents/coursera_ml_and_data_analysis_spec/structure_in_data/week_4/assignment_2/batches/aaaaak.batch) [including 11ms in LoadMessage; 7ms in InitializeSparseNdw; 165ms in InferThetaAndUpdateNwtSparse; ]
I0619 16:25:09.772771 23871488 processor.cc:842] Processor: complete processing batch eae3841a-2012-4922-a99c-d274e87a3c31 into model nwt
I0619 16:25:09.778004 23871488 cuckoo_watch.h:44] 189ms in ProcessBatch(/Users/miptgirl/Documents/coursera_ml_and_data_analysis_spec/structure_in_data/week_4/assignment_2/batches/aaaaal.batch) [including 12ms in LoadMessage; 7ms in InitializeSparseNdw; 162ms in InferThetaAndUpdateNwtSparse; ]
I0619 16:25:09.780792 25481216 processor.cc:746] Processor: start processing batch 8ce90dfc-918a-4917-b71a-e26020fe626a into model nwt
I0619 16:25:09.793462 23871488 processor.cc:746] Processor: start processing batch 654c13d6-dd97-4f03-a4d7-a13f5ea253f3 into model nwt
I0619 16:25:09.823477 24944640 processor.cc:842] Processor: complete processing batch c0116f44-2e93-4075-bff2-492ffffb9e16 into model nwt
I0619 16:25:09.828186 24944640 cuckoo_watch.h:44] 220ms in ProcessBatch(/Users/miptgirl/Documents/coursera_ml_and_data_analysis_spec/structure_in_data/week_4/assignment_2/batches/aaaaam.batch) [including 16ms in LoadMessage; 8ms in InitializeSparseNdw; 188ms in InferThetaAndUpdateNwtSparse; ]
I0619 16:25:09.832814 24944640 processor.cc:746] Processor: start processing batch 689e14a7-6922-4fa3-bc93-2cdb4fca8fdf into model nwt
I0619 16:25:09.855326 24944640 processor.cc:842] Processor: complete processing batch 689e14a7-6922-4fa3-bc93-2cdb4fca8fdf into model nwt
I0619 16:25:09.858799 24944640 cuckoo_watch.h:44] 30ms in ProcessBatch(/Users/miptgirl/Documents/coursera_ml_and_data_analysis_spec/structure_in_data/week_4/assignment_2/batches/aaaaaq.batch) [including 2ms in LoadMessage; 0ms in InitializeSparseNdw; 21ms in InferThetaAndUpdateNwtSparse; ]
I0619 16:25:09.860018 24408064 processor.cc:842] Processor: complete processing batch f053904a-564b-4d2e-b458-6d05ddd7d42f into model nwt
I0619 16:25:09.862126 24944640 processor.cc:746] Processor: start processing batch 1d30393b-e01f-4593-9876-0633c2152dae into model nwt
I0619 16:25:09.865420 24408064 cuckoo_watch.h:44] 174ms in ProcessBatch(/Users/miptgirl/Documents/coursera_ml_and_data_analysis_spec/structure_in_data/week_4/assignment_2/batches/aaaaan.batch) [including 9ms in LoadMessage; 9ms in InitializeSparseNdw; 145ms in InferThetaAndUpdateNwtSparse; ]
I0619 16:25:09.865963 24944640 processor.cc:842] Processor: complete processing batch 1d30393b-e01f-4593-9876-0633c2152dae into model nwt
I0619 16:25:09.866466 24944640 cuckoo_watch.h:44] 7ms in ProcessBatch(/Users/miptgirl/Documents/coursera_ml_and_data_analysis_spec/structure_in_data/week_4/assignment_2/batches/aaaaar.batch) [including 0ms in LoadMessage; 0ms in InitializeSparseNdw; 3ms in InferThetaAndUpdateNwtSparse; ]
I0619 16:25:09.886955 25481216 processor.cc:842] Processor: complete processing batch 8ce90dfc-918a-4917-b71a-e26020fe626a into model nwt
I0619 16:25:09.887480 24408064 processor.cc:662] No data in processing queue, waiting...
I0619 16:25:09.888732 24944640 processor.cc:662] No data in processing queue, waiting...
I0619 16:25:09.889575 25481216 cuckoo_watch.h:44] 120ms in ProcessBatch(/Users/miptgirl/Documents/coursera_ml_and_data_analysis_spec/structure_in_data/week_4/assignment_2/batches/aaaaao.batch) [including 9ms in LoadMessage; 7ms in InitializeSparseNdw; 98ms in InferThetaAndUpdateNwtSparse; ]
I0619 16:25:09.893106 23871488 processor.cc:842] Processor: complete processing batch 654c13d6-dd97-4f03-a4d7-a13f5ea253f3 into model nwt
I0619 16:25:09.895504 23871488 cuckoo_watch.h:44] 117ms in ProcessBatch(/Users/miptgirl/Documents/coursera_ml_and_data_analysis_spec/structure_in_data/week_4/assignment_2/batches/aaaaap.batch) [including 9ms in LoadMessage; 6ms in InitializeSparseNdw; 92ms in InferThetaAndUpdateNwtSparse; ]
I0619 16:25:09.896513 2021564416 master_component.cc:979] RegularizeModelArgs: rwt_target_name=rwt, pwt_source_name=pwt, nwt_source_name=nwt
I0619 16:25:09.896543 2021564416 master_component.cc:590] MasterComponent: start regularizing model pwt
I0619 16:25:09.912593 25481216 processor.cc:662] No data in processing queue, waiting...
I0619 16:25:09.918712 23871488 processor.cc:662] No data in processing queue, waiting...
I0619 16:25:09.961244 2021564416 master_component.cc:613] MasterComponent: complete regularizing model pwt
I0619 16:25:09.961264 2021564416 master_component.cc:990] NormalizeModelArgs: pwt_target_name=pwt, nwt_source_name=nwt, rwt_source_name=rwt
I0619 16:25:09.961272 2021564416 master_component.cc:617] MasterComponent: start normalizing model nwt
I0619 16:25:10.008095 2021564416 master_component.cc:639] MasterComponent: complete normalizing model nwt
I0619 16:25:10.139806 2021564416 master_component.cc:1014] DisposeModel rwt
I0619 16:25:10.154501 2021564416 c_interface.cc:332] Pass FitOfflineMasterModelArgs, batch_filename_size=18, batch_weight_size=18, num_collection_passes=1 to MN4artm4core15MasterComponentEFvRKNS_25FitOfflineMasterModelArgsEE
I0619 16:25:10.154520 2021564416 master_component.cc:941] ProcessBatchesArgs: nwt_target_name=nwt, batch_filename_size=18, batch_size=0, batch_weight_size=18, pwt_source_name=pwt, num_document_passes=10, regularizer=(name:SmoothPhi, tau:100000), class=(text:1), class=(author:1), reuse_theta=no, opt_for_avx=yes, predict_class_id=
I0619 16:25:10.191891 24408064 processor.cc:669] Processing queue has data, processing started
I0619 16:25:10.194205 24408064 processor.cc:746] Processor: start processing batch f912d5bb-bfe9-4607-9bf2-add4bac57d76 into model nwt
I0619 16:25:10.196924 24944640 processor.cc:669] Processing queue has data, processing started
I0619 16:25:10.202596 24944640 processor.cc:746] Processor: start processing batch 9042f92e-fd75-4444-973c-657f347edb55 into model nwt
I0619 16:25:10.203685 23871488 processor.cc:669] Processing queue has data, processing started
I0619 16:25:10.206979 24408064 processor.cc:842] Processor: complete processing batch f912d5bb-bfe9-4607-9bf2-add4bac57d76 into model nwt
I0619 16:25:10.208170 24408064 cuckoo_watch.h:44] 16ms in ProcessBatch(/Users/miptgirl/Documents/coursera_ml_and_data_analysis_spec/structure_in_data/week_4/assignment_2/batches/aaaaaa.batch) [including 1ms in LoadMessage; 0ms in InitializeSparseNdw; 12ms in InferThetaAndUpdateNwtSparse; ]
I0619 16:25:10.209586 23871488 processor.cc:746] Processor: start processing batch 6609c86e-5b7a-44da-be30-772c4f79a3f2 into model nwt
I0619 16:25:10.218696 24408064 processor.cc:746] Processor: start processing batch cde3298e-97b7-41f7-a58d-038c26ec99b2 into model nwt
I0619 16:25:10.240021 24944640 processor.cc:842] Processor: complete processing batch 9042f92e-fd75-4444-973c-657f347edb55 into model nwt
I0619 16:25:10.242614 24944640 cuckoo_watch.h:44] 45ms in ProcessBatch(/Users/miptgirl/Documents/coursera_ml_and_data_analysis_spec/structure_in_data/week_4/assignment_2/batches/aaaaab.batch) [including 3ms in LoadMessage; 1ms in InitializeSparseNdw; 36ms in InferThetaAndUpdateNwtSparse; ]
I0619 16:25:10.253217 24944640 processor.cc:746] Processor: start processing batch cda8f3c4-f4f0-40ae-8586-057e31205b6c into model nwt
I0619 16:25:10.274142 24408064 processor.cc:842] Processor: complete processing batch cde3298e-97b7-41f7-a58d-038c26ec99b2 into model nwt
I0619 16:25:10.279220 24408064 cuckoo_watch.h:44] 67ms in ProcessBatch(/Users/miptgirl/Documents/coursera_ml_and_data_analysis_spec/structure_in_data/week_4/assignment_2/batches/aaaaad.batch) [including 4ms in LoadMessage; 1ms in InitializeSparseNdw; 53ms in InferThetaAndUpdateNwtSparse; ]
I0619 16:25:10.287698 24408064 processor.cc:746] Processor: start processing batch d9d556fc-53f0-4412-a960-7064efe6a29f into model nwt
I0619 16:25:10.288075 24944640 processor.cc:842] Processor: complete processing batch cda8f3c4-f4f0-40ae-8586-057e31205b6c into model nwt
I0619 16:25:10.290468 24944640 cuckoo_watch.h:44] 47ms in ProcessBatch(/Users/miptgirl/Documents/coursera_ml_and_data_analysis_spec/structure_in_data/week_4/assignment_2/batches/aaaaae.batch) [including 5ms in LoadMessage; 1ms in InitializeSparseNdw; 32ms in InferThetaAndUpdateNwtSparse; ]
I0619 16:25:10.301013 24944640 processor.cc:746] Processor: start processing batch a39646d9-c93c-4b46-9c31-62d6768a9e4d into model nwt
I0619 16:25:10.309600 25481216 processor.cc:669] Processing queue has data, processing started
I0619 16:25:10.317158 25481216 processor.cc:746] Processor: start processing batch d1fc1de5-37c2-4987-b827-0d3a835f4da7 into model nwt
I0619 16:25:10.356781 23871488 processor.cc:842] Processor: complete processing batch 6609c86e-5b7a-44da-be30-772c4f79a3f2 into model nwt
I0619 16:25:10.359356 23871488 cuckoo_watch.h:44] 155ms in ProcessBatch(/Users/miptgirl/Documents/coursera_ml_and_data_analysis_spec/structure_in_data/week_4/assignment_2/batches/aaaaac.batch) [including 3ms in LoadMessage; 1ms in InitializeSparseNdw; 145ms in InferThetaAndUpdateNwtSparse; ]
I0619 16:25:10.359738 24408064 processor.cc:842] Processor: complete processing batch d9d556fc-53f0-4412-a960-7064efe6a29f into model nwt
I0619 16:25:10.362176 24408064 cuckoo_watch.h:44] 82ms in ProcessBatch(/Users/miptgirl/Documents/coursera_ml_and_data_analysis_spec/structure_in_data/week_4/assignment_2/batches/aaaaaf.batch) [including 4ms in LoadMessage; 1ms in InitializeSparseNdw; 70ms in InferThetaAndUpdateNwtSparse; ]
I0619 16:25:10.365670 23871488 processor.cc:746] Processor: start processing batch 655cd2ca-a884-4971-8f82-ba284303a518 into model nwt
I0619 16:25:10.372947 24408064 processor.cc:746] Processor: start processing batch a36830c6-b335-4acf-9c93-d53ca2ddea20 into model nwt
I0619 16:25:10.387787 25481216 processor.cc:842] Processor: complete processing batch d1fc1de5-37c2-4987-b827-0d3a835f4da7 into model nwt
I0619 16:25:10.390420 25481216 cuckoo_watch.h:44] 80ms in ProcessBatch(/Users/miptgirl/Documents/coursera_ml_and_data_analysis_spec/structure_in_data/week_4/assignment_2/batches/aaaaah.batch) [including 5ms in LoadMessage; 2ms in InitializeSparseNdw; 68ms in InferThetaAndUpdateNwtSparse; ]
I0619 16:25:10.391018 24944640 processor.cc:842] Processor: complete processing batch a39646d9-c93c-4b46-9c31-62d6768a9e4d into model nwt
I0619 16:25:10.394040 24944640 cuckoo_watch.h:44] 103ms in ProcessBatch(/Users/miptgirl/Documents/coursera_ml_and_data_analysis_spec/structure_in_data/week_4/assignment_2/batches/aaaaag.batch) [including 8ms in LoadMessage; 3ms in InitializeSparseNdw; 86ms in InferThetaAndUpdateNwtSparse; ]
I0619 16:25:10.408053 24944640 processor.cc:746] Processor: start processing batch eae3841a-2012-4922-a99c-d274e87a3c31 into model nwt
I0619 16:25:10.412223 25481216 processor.cc:746] Processor: start processing batch 056d7f10-6699-407e-b143-2d8211909c87 into model nwt
I0619 16:25:10.419551 23871488 processor.cc:842] Processor: complete processing batch 655cd2ca-a884-4971-8f82-ba284303a518 into model nwt
I0619 16:25:10.422202 23871488 cuckoo_watch.h:44] 62ms in ProcessBatch(/Users/miptgirl/Documents/coursera_ml_and_data_analysis_spec/structure_in_data/week_4/assignment_2/batches/aaaaai.batch) [including 4ms in LoadMessage; 1ms in InitializeSparseNdw; 52ms in InferThetaAndUpdateNwtSparse; ]
I0619 16:25:10.437049 23871488 processor.cc:746] Processor: start processing batch c0116f44-2e93-4075-bff2-492ffffb9e16 into model nwt
I0619 16:25:10.471040 24408064 processor.cc:842] Processor: complete processing batch a36830c6-b335-4acf-9c93-d53ca2ddea20 into model nwt
I0619 16:25:10.474534 24408064 cuckoo_watch.h:44] 112ms in ProcessBatch(/Users/miptgirl/Documents/coursera_ml_and_data_analysis_spec/structure_in_data/week_4/assignment_2/batches/aaaaaj.batch) [including 7ms in LoadMessage; 6ms in InitializeSparseNdw; 91ms in InferThetaAndUpdateNwtSparse; ]
I0619 16:25:10.486907 24408064 processor.cc:746] Processor: start processing batch f053904a-564b-4d2e-b458-6d05ddd7d42f into model nwt
I0619 16:25:10.590631 24944640 processor.cc:842] Processor: complete processing batch eae3841a-2012-4922-a99c-d274e87a3c31 into model nwt
I0619 16:25:10.597470 24944640 cuckoo_watch.h:44] 203ms in ProcessBatch(/Users/miptgirl/Documents/coursera_ml_and_data_analysis_spec/structure_in_data/week_4/assignment_2/batches/aaaaal.batch) [including 11ms in LoadMessage; 7ms in InitializeSparseNdw; 175ms in InferThetaAndUpdateNwtSparse; ]
I0619 16:25:10.599715 25481216 processor.cc:842] Processor: complete processing batch 056d7f10-6699-407e-b143-2d8211909c87 into model nwt
I0619 16:25:10.605602 25481216 cuckoo_watch.h:44] 215ms in ProcessBatch(/Users/miptgirl/Documents/coursera_ml_and_data_analysis_spec/structure_in_data/week_4/assignment_2/batches/aaaaak.batch) [including 19ms in LoadMessage; 7ms in InitializeSparseNdw; 179ms in InferThetaAndUpdateNwtSparse; ]
I0619 16:25:10.609653 24944640 processor.cc:746] Processor: start processing batch 8ce90dfc-918a-4917-b71a-e26020fe626a into model nwt
I0619 16:25:10.614627 25481216 processor.cc:746] Processor: start processing batch 654c13d6-dd97-4f03-a4d7-a13f5ea253f3 into model nwt
I0619 16:25:10.636582 23871488 processor.cc:842] Processor: complete processing batch c0116f44-2e93-4075-bff2-492ffffb9e16 into model nwt
I0619 16:25:10.642802 23871488 cuckoo_watch.h:44] 220ms in ProcessBatch(/Users/miptgirl/Documents/coursera_ml_and_data_analysis_spec/structure_in_data/week_4/assignment_2/batches/aaaaam.batch) [including 12ms in LoadMessage; 11ms in InitializeSparseNdw; 187ms in InferThetaAndUpdateNwtSparse; ]
I0619 16:25:10.648536 23871488 processor.cc:746] Processor: start processing batch 689e14a7-6922-4fa3-bc93-2cdb4fca8fdf into model nwt
I0619 16:25:10.657449 24408064 processor.cc:842] Processor: complete processing batch f053904a-564b-4d2e-b458-6d05ddd7d42f into model nwt
I0619 16:25:10.662710 24408064 cuckoo_watch.h:44] 188ms in ProcessBatch(/Users/miptgirl/Documents/coursera_ml_and_data_analysis_spec/structure_in_data/week_4/assignment_2/batches/aaaaan.batch) [including 10ms in LoadMessage; 12ms in InitializeSparseNdw; 158ms in InferThetaAndUpdateNwtSparse; ]
I0619 16:25:10.665762 24408064 processor.cc:746] Processor: start processing batch 1d30393b-e01f-4593-9876-0633c2152dae into model nwt
I0619 16:25:10.669216 24408064 processor.cc:842] Processor: complete processing batch 1d30393b-e01f-4593-9876-0633c2152dae into model nwt
I0619 16:25:10.669693 24408064 cuckoo_watch.h:44] 6ms in ProcessBatch(/Users/miptgirl/Documents/coursera_ml_and_data_analysis_spec/structure_in_data/week_4/assignment_2/batches/aaaaar.batch) [including 0ms in LoadMessage; 0ms in InitializeSparseNdw; 3ms in InferThetaAndUpdateNwtSparse; ]
I0619 16:25:10.671042 23871488 processor.cc:842] Processor: complete processing batch 689e14a7-6922-4fa3-bc93-2cdb4fca8fdf into model nwt
I0619 16:25:10.672648 23871488 cuckoo_watch.h:44] 29ms in ProcessBatch(/Users/miptgirl/Documents/coursera_ml_and_data_analysis_spec/structure_in_data/week_4/assignment_2/batches/aaaaaq.batch) [including 3ms in LoadMessage; 1ms in InitializeSparseNdw; 21ms in InferThetaAndUpdateNwtSparse; ]
I0619 16:25:10.691850 24408064 processor.cc:662] No data in processing queue, waiting...
I0619 16:25:10.694365 23871488 processor.cc:662] No data in processing queue, waiting...
I0619 16:25:10.700467 25481216 processor.cc:842] Processor: complete processing batch 654c13d6-dd97-4f03-a4d7-a13f5ea253f3 into model nwt
I0619 16:25:10.702191 24944640 processor.cc:842] Processor: complete processing batch 8ce90dfc-918a-4917-b71a-e26020fe626a into model nwt
I0619 16:25:10.703398 25481216 cuckoo_watch.h:44] 97ms in ProcessBatch(/Users/miptgirl/Documents/coursera_ml_and_data_analysis_spec/structure_in_data/week_4/assignment_2/batches/aaaaap.batch) [including 7ms in LoadMessage; 7ms in InitializeSparseNdw; 78ms in InferThetaAndUpdateNwtSparse; ]
I0619 16:25:10.704726 24944640 cuckoo_watch.h:44] 107ms in ProcessBatch(/Users/miptgirl/Documents/coursera_ml_and_data_analysis_spec/structure_in_data/week_4/assignment_2/batches/aaaaao.batch) [including 10ms in LoadMessage; 4ms in InitializeSparseNdw; 87ms in InferThetaAndUpdateNwtSparse; ]
I0619 16:25:10.705535 2021564416 master_component.cc:979] RegularizeModelArgs: rwt_target_name=rwt, pwt_source_name=pwt, nwt_source_name=nwt
I0619 16:25:10.705571 2021564416 master_component.cc:590] MasterComponent: start regularizing model pwt
I0619 16:25:10.727499 25481216 processor.cc:662] No data in processing queue, waiting...
I0619 16:25:10.728801 24944640 processor.cc:662] No data in processing queue, waiting...
I0619 16:25:10.769407 2021564416 master_component.cc:613] MasterComponent: complete regularizing model pwt
I0619 16:25:10.769426 2021564416 master_component.cc:990] NormalizeModelArgs: pwt_target_name=pwt, nwt_source_name=nwt, rwt_source_name=rwt
I0619 16:25:10.769433 2021564416 master_component.cc:617] MasterComponent: start normalizing model nwt
I0619 16:25:10.823228 2021564416 master_component.cc:639] MasterComponent: complete normalizing model nwt
I0619 16:25:10.958114 2021564416 master_component.cc:1014] DisposeModel rwt
I0619 16:25:10.971804 2021564416 c_interface.cc:332] Pass FitOfflineMasterModelArgs, batch_filename_size=18, batch_weight_size=18, num_collection_passes=1 to MN4artm4core15MasterComponentEFvRKNS_25FitOfflineMasterModelArgsEE
I0619 16:25:10.971823 2021564416 master_component.cc:941] ProcessBatchesArgs: nwt_target_name=nwt, batch_filename_size=18, batch_size=0, batch_weight_size=18, pwt_source_name=pwt, num_document_passes=10, regularizer=(name:SmoothPhi, tau:100000), class=(text:1), class=(author:1), reuse_theta=no, opt_for_avx=yes, predict_class_id=
I0619 16:25:11.007283 23871488 processor.cc:669] Processing queue has data, processing started
I0619 16:25:11.009570 23871488 processor.cc:746] Processor: start processing batch f912d5bb-bfe9-4607-9bf2-add4bac57d76 into model nwt
I0619 16:25:11.016095 25481216 processor.cc:669] Processing queue has data, processing started
I0619 16:25:11.017364 24408064 processor.cc:669] Processing queue has data, processing started
I0619 16:25:11.018481 23871488 processor.cc:842] Processor: complete processing batch f912d5bb-bfe9-4607-9bf2-add4bac57d76 into model nwt
I0619 16:25:11.019830 23871488 cuckoo_watch.h:44] 12ms in ProcessBatch(/Users/miptgirl/Documents/coursera_ml_and_data_analysis_spec/structure_in_data/week_4/assignment_2/batches/aaaaaa.batch) [including 1ms in LoadMessage; 0ms in InitializeSparseNdw; 8ms in InferThetaAndUpdateNwtSparse; ]
I0619 16:25:11.021098 25481216 processor.cc:746] Processor: start processing batch 9042f92e-fd75-4444-973c-657f347edb55 into model nwt
I0619 16:25:11.022065 24408064 processor.cc:746] Processor: start processing batch 6609c86e-5b7a-44da-be30-772c4f79a3f2 into model nwt
I0619 16:25:11.031649 23871488 processor.cc:746] Processor: start processing batch cde3298e-97b7-41f7-a58d-038c26ec99b2 into model nwt
I0619 16:25:11.035924 24944640 processor.cc:669] Processing queue has data, processing started
I0619 16:25:11.041756 24944640 processor.cc:746] Processor: start processing batch cda8f3c4-f4f0-40ae-8586-057e31205b6c into model nwt
I0619 16:25:11.054067 24408064 processor.cc:842] Processor: complete processing batch 6609c86e-5b7a-44da-be30-772c4f79a3f2 into model nwt
I0619 16:25:11.056327 24408064 cuckoo_watch.h:44] 38ms in ProcessBatch(/Users/miptgirl/Documents/coursera_ml_and_data_analysis_spec/structure_in_data/week_4/assignment_2/batches/aaaaac.batch) [including 2ms in LoadMessage; 1ms in InitializeSparseNdw; 30ms in InferThetaAndUpdateNwtSparse; ]
I0619 16:25:11.060922 25481216 processor.cc:842] Processor: complete processing batch 9042f92e-fd75-4444-973c-657f347edb55 into model nwt
I0619 16:25:11.062970 24408064 processor.cc:746] Processor: start processing batch d9d556fc-53f0-4412-a960-7064efe6a29f into model nwt
I0619 16:25:11.063786 25481216 cuckoo_watch.h:44] 47ms in ProcessBatch(/Users/miptgirl/Documents/coursera_ml_and_data_analysis_spec/structure_in_data/week_4/assignment_2/batches/aaaaab.batch) [including 3ms in LoadMessage; 1ms in InitializeSparseNdw; 38ms in InferThetaAndUpdateNwtSparse; ]
I0619 16:25:11.072469 23871488 processor.cc:842] Processor: complete processing batch cde3298e-97b7-41f7-a58d-038c26ec99b2 into model nwt
I0619 16:25:11.073421 24944640 processor.cc:842] Processor: complete processing batch cda8f3c4-f4f0-40ae-8586-057e31205b6c into model nwt
I0619 16:25:11.074959 23871488 cuckoo_watch.h:44] 48ms in ProcessBatch(/Users/miptgirl/Documents/coursera_ml_and_data_analysis_spec/structure_in_data/week_4/assignment_2/batches/aaaaad.batch) [including 3ms in LoadMessage; 1ms in InitializeSparseNdw; 39ms in InferThetaAndUpdateNwtSparse; ]
I0619 16:25:11.075557 24944640 cuckoo_watch.h:44] 39ms in ProcessBatch(/Users/miptgirl/Documents/coursera_ml_and_data_analysis_spec/structure_in_data/week_4/assignment_2/batches/aaaaae.batch) [including 3ms in LoadMessage; 1ms in InitializeSparseNdw; 30ms in InferThetaAndUpdateNwtSparse; ]
I0619 16:25:11.078619 25481216 processor.cc:746] Processor: start processing batch a39646d9-c93c-4b46-9c31-62d6768a9e4d into model nwt
I0619 16:25:11.089102 23871488 processor.cc:746] Processor: start processing batch d1fc1de5-37c2-4987-b827-0d3a835f4da7 into model nwt
I0619 16:25:11.099066 24944640 processor.cc:746] Processor: start processing batch 655cd2ca-a884-4971-8f82-ba284303a518 into model nwt
I0619 16:25:11.102969 24408064 processor.cc:842] Processor: complete processing batch d9d556fc-53f0-4412-a960-7064efe6a29f into model nwt
I0619 16:25:11.105020 24408064 cuckoo_watch.h:44] 48ms in ProcessBatch(/Users/miptgirl/Documents/coursera_ml_and_data_analysis_spec/structure_in_data/week_4/assignment_2/batches/aaaaaf.batch) [including 4ms in LoadMessage; 1ms in InitializeSparseNdw; 38ms in InferThetaAndUpdateNwtSparse; ]
I0619 16:25:11.115979 24408064 processor.cc:746] Processor: start processing batch a36830c6-b335-4acf-9c93-d53ca2ddea20 into model nwt
I0619 16:25:11.126567 25481216 processor.cc:842] Processor: complete processing batch a39646d9-c93c-4b46-9c31-62d6768a9e4d into model nwt
I0619 16:25:11.129768 25481216 cuckoo_watch.h:44] 56ms in ProcessBatch(/Users/miptgirl/Documents/coursera_ml_and_data_analysis_spec/structure_in_data/week_4/assignment_2/batches/aaaaag.batch) [including 4ms in LoadMessage; 1ms in InitializeSparseNdw; 46ms in InferThetaAndUpdateNwtSparse; ]
I0619 16:25:11.129843 24944640 processor.cc:842] Processor: complete processing batch 655cd2ca-a884-4971-8f82-ba284303a518 into model nwt
I0619 16:25:11.132130 24944640 cuckoo_watch.h:44] 38ms in ProcessBatch(/Users/miptgirl/Documents/coursera_ml_and_data_analysis_spec/structure_in_data/week_4/assignment_2/batches/aaaaai.batch) [including 4ms in LoadMessage; 0ms in InitializeSparseNdw; 29ms in InferThetaAndUpdateNwtSparse; ]
I0619 16:25:11.142266 25481216 processor.cc:746] Processor: start processing batch 056d7f10-6699-407e-b143-2d8211909c87 into model nwt
I0619 16:25:11.148564 23871488 processor.cc:842] Processor: complete processing batch d1fc1de5-37c2-4987-b827-0d3a835f4da7 into model nwt
I0619 16:25:11.151908 23871488 cuckoo_watch.h:44] 69ms in ProcessBatch(/Users/miptgirl/Documents/coursera_ml_and_data_analysis_spec/structure_in_data/week_4/assignment_2/batches/aaaaah.batch) [including 4ms in LoadMessage; 1ms in InitializeSparseNdw; 57ms in InferThetaAndUpdateNwtSparse; ]
I0619 16:25:11.159930 24944640 processor.cc:746] Processor: start processing batch eae3841a-2012-4922-a99c-d274e87a3c31 into model nwt
I0619 16:25:11.179327 23871488 processor.cc:746] Processor: start processing batch c0116f44-2e93-4075-bff2-492ffffb9e16 into model nwt
I0619 16:25:11.215359 24408064 processor.cc:842] Processor: complete processing batch a36830c6-b335-4acf-9c93-d53ca2ddea20 into model nwt
I0619 16:25:11.219205 24408064 cuckoo_watch.h:44] 111ms in ProcessBatch(/Users/miptgirl/Documents/coursera_ml_and_data_analysis_spec/structure_in_data/week_4/assignment_2/batches/aaaaaj.batch) [including 6ms in LoadMessage; 4ms in InitializeSparseNdw; 95ms in InferThetaAndUpdateNwtSparse; ]
I0619 16:25:11.232650 24408064 processor.cc:746] Processor: start processing batch f053904a-564b-4d2e-b458-6d05ddd7d42f into model nwt
I0619 16:25:11.312243 24944640 processor.cc:842] Processor: complete processing batch eae3841a-2012-4922-a99c-d274e87a3c31 into model nwt
I0619 16:25:11.315898 25481216 processor.cc:842] Processor: complete processing batch 056d7f10-6699-407e-b143-2d8211909c87 into model nwt
I0619 16:25:11.318269 24944640 cuckoo_watch.h:44] 171ms in ProcessBatch(/Users/miptgirl/Documents/coursera_ml_and_data_analysis_spec/structure_in_data/week_4/assignment_2/batches/aaaaal.batch) [including 11ms in LoadMessage; 7ms in InitializeSparseNdw; 144ms in InferThetaAndUpdateNwtSparse; ]
I0619 16:25:11.322757 25481216 cuckoo_watch.h:44] 189ms in ProcessBatch(/Users/miptgirl/Documents/coursera_ml_and_data_analysis_spec/structure_in_data/week_4/assignment_2/batches/aaaaak.batch) [including 7ms in LoadMessage; 7ms in InitializeSparseNdw; 166ms in InferThetaAndUpdateNwtSparse; ]
I0619 16:25:11.330386 24944640 processor.cc:746] Processor: start processing batch 8ce90dfc-918a-4917-b71a-e26020fe626a into model nwt
I0619 16:25:11.334405 25481216 processor.cc:746] Processor: start processing batch 654c13d6-dd97-4f03-a4d7-a13f5ea253f3 into model nwt
I0619 16:25:11.352612 23871488 processor.cc:842] Processor: complete processing batch c0116f44-2e93-4075-bff2-492ffffb9e16 into model nwt
I0619 16:25:11.357821 23871488 cuckoo_watch.h:44] 191ms in ProcessBatch(/Users/miptgirl/Documents/coursera_ml_and_data_analysis_spec/structure_in_data/week_4/assignment_2/batches/aaaaam.batch) [including 10ms in LoadMessage; 10ms in InitializeSparseNdw; 162ms in InferThetaAndUpdateNwtSparse; ]
I0619 16:25:11.363209 23871488 processor.cc:746] Processor: start processing batch 689e14a7-6922-4fa3-bc93-2cdb4fca8fdf into model nwt
I0619 16:25:11.376132 24408064 processor.cc:842] Processor: complete processing batch f053904a-564b-4d2e-b458-6d05ddd7d42f into model nwt
I0619 16:25:11.381052 24408064 cuckoo_watch.h:44] 161ms in ProcessBatch(/Users/miptgirl/Documents/coursera_ml_and_data_analysis_spec/structure_in_data/week_4/assignment_2/batches/aaaaan.batch) [including 11ms in LoadMessage; 7ms in InitializeSparseNdw; 136ms in InferThetaAndUpdateNwtSparse; ]
I0619 16:25:11.382525 23871488 processor.cc:842] Processor: complete processing batch 689e14a7-6922-4fa3-bc93-2cdb4fca8fdf into model nwt
I0619 16:25:11.383782 24408064 processor.cc:746] Processor: start processing batch 1d30393b-e01f-4593-9876-0633c2152dae into model nwt
I0619 16:25:11.384136 23871488 cuckoo_watch.h:44] 26ms in ProcessBatch(/Users/miptgirl/Documents/coursera_ml_and_data_analysis_spec/structure_in_data/week_4/assignment_2/batches/aaaaaq.batch) [including 3ms in LoadMessage; 0ms in InitializeSparseNdw; 18ms in InferThetaAndUpdateNwtSparse; ]
I0619 16:25:11.386533 24408064 processor.cc:842] Processor: complete processing batch 1d30393b-e01f-4593-9876-0633c2152dae into model nwt
I0619 16:25:11.386739 24408064 cuckoo_watch.h:44] 5ms in ProcessBatch(/Users/miptgirl/Documents/coursera_ml_and_data_analysis_spec/structure_in_data/week_4/assignment_2/batches/aaaaar.batch) [including 0ms in LoadMessage; 0ms in InitializeSparseNdw; 2ms in InferThetaAndUpdateNwtSparse; ]
I0619 16:25:11.407938 23871488 processor.cc:662] No data in processing queue, waiting...
I0619 16:25:11.409054 24408064 processor.cc:662] No data in processing queue, waiting...
I0619 16:25:11.419894 25481216 processor.cc:842] Processor: complete processing batch 654c13d6-dd97-4f03-a4d7-a13f5ea253f3 into model nwt
I0619 16:25:11.422782 25481216 cuckoo_watch.h:44] 99ms in ProcessBatch(/Users/miptgirl/Documents/coursera_ml_and_data_analysis_spec/structure_in_data/week_4/assignment_2/batches/aaaaap.batch) [including 9ms in LoadMessage; 5ms in InitializeSparseNdw; 79ms in InferThetaAndUpdateNwtSparse; ]
I0619 16:25:11.428304 24944640 processor.cc:842] Processor: complete processing batch 8ce90dfc-918a-4917-b71a-e26020fe626a into model nwt
