Log file created at: 2016/06/19 16:24:45
Running on machine: 130.193.35.95-vpn.dhcp.yndx.net
Log line format: [IWEF]mmdd hh:mm:ss.uuuuuu threadid file:line] msg
I0619 16:24:45.794643 2021564416 c_interface.cc:74] Logging enabled to .
W0619 16:24:45.834087 2021564416 helpers.cc:208] File already exists: batches/aaaaaa.batch
W0619 16:24:45.885728 2021564416 helpers.cc:208] File already exists: batches/aaaaab.batch
W0619 16:24:45.947290 2021564416 helpers.cc:208] File already exists: batches/aaaaac.batch
W0619 16:24:46.002514 2021564416 helpers.cc:208] File already exists: batches/aaaaad.batch
W0619 16:24:46.051895 2021564416 helpers.cc:208] File already exists: batches/aaaaae.batch
W0619 16:24:46.109462 2021564416 helpers.cc:208] File already exists: batches/aaaaaf.batch
W0619 16:24:46.196213 2021564416 helpers.cc:208] File already exists: batches/aaaaag.batch
W0619 16:24:46.266811 2021564416 helpers.cc:208] File already exists: batches/aaaaah.batch
W0619 16:24:46.325462 2021564416 helpers.cc:208] File already exists: batches/aaaaai.batch
W0619 16:24:46.460253 2021564416 helpers.cc:208] File already exists: batches/aaaaaj.batch
W0619 16:24:46.716390 2021564416 helpers.cc:208] File already exists: batches/aaaaak.batch
W0619 16:24:46.956174 2021564416 helpers.cc:208] File already exists: batches/aaaaal.batch
W0619 16:24:47.215070 2021564416 helpers.cc:208] File already exists: batches/aaaaam.batch
W0619 16:24:47.445979 2021564416 helpers.cc:208] File already exists: batches/aaaaan.batch
W0619 16:24:47.701647 2021564416 helpers.cc:208] File already exists: batches/aaaaao.batch
W0619 16:24:47.867733 2021564416 helpers.cc:208] File already exists: batches/aaaaap.batch
W0619 16:24:47.907440 2021564416 helpers.cc:208] File already exists: batches/aaaaaq.batch
W0619 16:24:47.918758 2021564416 helpers.cc:208] File already exists: batches/aaaaar.batch
I0619 16:24:47.937003 2021564416 instance.cc:351] MasterModelConfig.processors_count is automatically set to 4
I0619 16:24:47.937090 23871488 processor.cc:646] Processor thread started
I0619 16:24:47.937114 2021564416 c_interface.cc:221] Creating MasterModel (id=1)...
I0619 16:24:47.937175 24408064 processor.cc:646] Processor thread started
I0619 16:24:47.937197 24944640 processor.cc:646] Processor thread started
I0619 16:24:47.937216 25481216 processor.cc:646] Processor thread started
I0619 16:24:47.959879 23871488 processor.cc:662] No data in processing queue, waiting...
I0619 16:24:47.959919 24408064 processor.cc:662] No data in processing queue, waiting...
I0619 16:24:47.959936 25481216 processor.cc:662] No data in processing queue, waiting...
I0619 16:24:47.959954 24944640 processor.cc:662] No data in processing queue, waiting...
I0619 16:24:47.981222 2021564416 instance.cc:351] MasterModelConfig.processors_count is automatically set to 4
I0619 16:24:47.981278 26017792 processor.cc:646] Processor thread started
I0619 16:24:47.981310 2021564416 c_interface.cc:221] Creating MasterModel (id=2)...
I0619 16:24:47.981309 26554368 processor.cc:646] Processor thread started
I0619 16:24:47.981329 27090944 processor.cc:646] Processor thread started
I0619 16:24:47.981348 27627520 processor.cc:646] Processor thread started
I0619 16:24:47.981493 2021564416 c_interface.cc:318] Pass dictionary to MN4artm4core15MasterComponentEFvRKNSt3__112basic_stringIcNS2_11char_traitsIcEENS2_9allocatorIcEEEEE
I0619 16:24:47.981679 2021564416 c_interface.cc:332] Pass GatherDictionaryArgs: dictionary_target_name=dictionary, data_path=batches, symmetric_cooc_values=0 to MN4artm4core15MasterComponentEFvRKNS_20GatherDictionaryArgsEE
I0619 16:24:47.981868 2021564416 dictionary.cc:185] Found 18 batches in 'batches' folder
I0619 16:24:48.004928 27627520 processor.cc:662] No data in processing queue, waiting...
I0619 16:24:48.005481 27090944 processor.cc:662] No data in processing queue, waiting...
I0619 16:24:48.005507 26554368 processor.cc:662] No data in processing queue, waiting...
I0619 16:24:48.005522 26017792 processor.cc:662] No data in processing queue, waiting...
I0619 16:24:48.139209 2021564416 dictionary.cc:241] Find 26866 unique tokens in 1728 items
I0619 16:24:48.185755 2021564416 c_interface.cc:318] Pass pwt to MN4artm4core15MasterComponentEFvRKNSt3__112basic_stringIcNS2_11char_traitsIcEENS2_9allocatorIcEEEEE
I0619 16:24:48.185825 2021564416 c_interface.cc:318] Pass nwt to MN4artm4core15MasterComponentEFvRKNSt3__112basic_stringIcNS2_11char_traitsIcEENS2_9allocatorIcEEEEE
I0619 16:24:48.186367 2021564416 c_interface.cc:332] Pass InitializeModelArgs: model_name=pwt, dictionary_name=dictionary, topic_name_size=30 to MN4artm4core15MasterComponentEFvRKNS_19InitializeModelArgsEE
I0619 16:24:48.186385 2021564416 master_component.cc:338] InitializeModel() with 30 topics and 26866 tokens
I0619 16:24:48.314738 2021564416 c_interface.cc:332] Pass InitializeModelArgs: model_name=nwt, dictionary_name=dictionary, topic_name_size=30 to MN4artm4core15MasterComponentEFvRKNS_19InitializeModelArgsEE
I0619 16:24:48.314750 2021564416 master_component.cc:338] InitializeModel() with 30 topics and 26866 tokens
I0619 16:24:48.441651 2021564416 phi_matrix_operations.cc:82] RetrieveExternalTopicModel() with 30 topics, 26866 tokens
I0619 16:24:48.467155 2021564416 c_interface.cc:180] ArtmCopyRequestedMessage is copying 825334 bytes...
I0619 16:24:49.427800 2021564416 c_interface.cc:332] Pass MasterModelConfig: topic_name_size=30, class=(text:1), class=(author:1), score_config_size=1, num_processors=0, pwt_name=pwt, nwt_name=nwt, num_document_passes=10, reuse_theta=no, cache_theta=no, opt_for_avx=yes, disk_cache_path to MN4artm4core15MasterComponentEFvRKNS_17MasterModelConfigEE
I0619 16:24:49.427842 2021564416 instance.cc:351] MasterModelConfig.processors_count is automatically set to 4
I0619 16:24:49.428329 2021564416 c_interface.cc:332] Pass MasterModelConfig: topic_name_size=30, class=(text:1), class=(author:1), score_config_size=2, num_processors=0, pwt_name=pwt, nwt_name=nwt, num_document_passes=10, reuse_theta=no, cache_theta=no, opt_for_avx=yes, disk_cache_path to MN4artm4core15MasterComponentEFvRKNS_17MasterModelConfigEE
I0619 16:24:49.428355 2021564416 instance.cc:351] MasterModelConfig.processors_count is automatically set to 4
I0619 16:24:51.526623 2021564416 c_interface.cc:332] Pass MasterModelConfig: topic_name_size=30, class=(text:1), class=(author:1), score_config_size=2, num_processors=0, pwt_name=pwt, nwt_name=nwt, num_document_passes=10, regularizer=(SmoothPhi:100000), reuse_theta=no, cache_theta=no, opt_for_avx=yes, disk_cache_path to MN4artm4core15MasterComponentEFvRKNS_17MasterModelConfigEE
I0619 16:24:51.526664 2021564416 instance.cc:351] MasterModelConfig.processors_count is automatically set to 4
I0619 16:24:51.526690 2021564416 instance.cc:212] Regularizer 'SmoothPhi' was cold-reconfigured
I0619 16:24:52.722790 2021564416 c_interface.cc:332] Pass FitOfflineMasterModelArgs, batch_filename_size=18, batch_weight_size=18, num_collection_passes=1 to MN4artm4core15MasterComponentEFvRKNS_25FitOfflineMasterModelArgsEE
I0619 16:24:52.722823 2021564416 master_component.cc:941] ProcessBatchesArgs: nwt_target_name=nwt, batch_filename_size=18, batch_size=0, batch_weight_size=18, pwt_source_name=pwt, num_document_passes=10, regularizer=(name:SmoothPhi, tau:100000), class=(text:1), class=(author:1), reuse_theta=no, opt_for_avx=yes, predict_class_id=
I0619 16:24:52.772030 25481216 processor.cc:669] Processing queue has data, processing started
I0619 16:24:52.774389 25481216 processor.cc:746] Processor: start processing batch f912d5bb-bfe9-4607-9bf2-add4bac57d76 into model nwt
I0619 16:24:52.777003 23871488 processor.cc:669] Processing queue has data, processing started
I0619 16:24:52.781556 23871488 processor.cc:746] Processor: start processing batch 9042f92e-fd75-4444-973c-657f347edb55 into model nwt
I0619 16:24:52.784183 25481216 processor.cc:842] Processor: complete processing batch f912d5bb-bfe9-4607-9bf2-add4bac57d76 into model nwt
I0619 16:24:52.785049 24944640 processor.cc:669] Processing queue has data, processing started
I0619 16:24:52.785094 25481216 cuckoo_watch.h:44] 13ms in ProcessBatch(/Users/miptgirl/Documents/coursera_ml_and_data_analysis_spec/structure_in_data/week_4/assignment_2/batches/aaaaaa.batch) [including 1ms in LoadMessage; 0ms in InitializeSparseNdw; 9ms in InferThetaAndUpdateNwtSparse; ]
I0619 16:24:52.789934 24944640 processor.cc:746] Processor: start processing batch 6609c86e-5b7a-44da-be30-772c4f79a3f2 into model nwt
I0619 16:24:52.796114 25481216 processor.cc:746] Processor: start processing batch cde3298e-97b7-41f7-a58d-038c26ec99b2 into model nwt
I0619 16:24:52.802242 24408064 processor.cc:669] Processing queue has data, processing started
I0619 16:24:52.803354 23871488 processor.cc:842] Processor: complete processing batch 9042f92e-fd75-4444-973c-657f347edb55 into model nwt
I0619 16:24:52.804960 23871488 cuckoo_watch.h:44] 27ms in ProcessBatch(/Users/miptgirl/Documents/coursera_ml_and_data_analysis_spec/structure_in_data/week_4/assignment_2/batches/aaaaab.batch) [including 2ms in LoadMessage; 1ms in InitializeSparseNdw; 20ms in InferThetaAndUpdateNwtSparse; ]
I0619 16:24:52.807981 24408064 processor.cc:746] Processor: start processing batch cda8f3c4-f4f0-40ae-8586-057e31205b6c into model nwt
I0619 16:24:52.824935 23871488 processor.cc:746] Processor: start processing batch d9d556fc-53f0-4412-a960-7064efe6a29f into model nwt
I0619 16:24:52.827343 25481216 processor.cc:842] Processor: complete processing batch cde3298e-97b7-41f7-a58d-038c26ec99b2 into model nwt
I0619 16:24:52.829538 25481216 cuckoo_watch.h:44] 38ms in ProcessBatch(/Users/miptgirl/Documents/coursera_ml_and_data_analysis_spec/structure_in_data/week_4/assignment_2/batches/aaaaad.batch) [including 2ms in LoadMessage; 1ms in InitializeSparseNdw; 29ms in InferThetaAndUpdateNwtSparse; ]
I0619 16:24:52.831300 24944640 processor.cc:842] Processor: complete processing batch 6609c86e-5b7a-44da-be30-772c4f79a3f2 into model nwt
I0619 16:24:52.832974 24944640 cuckoo_watch.h:44] 47ms in ProcessBatch(/Users/miptgirl/Documents/coursera_ml_and_data_analysis_spec/structure_in_data/week_4/assignment_2/batches/aaaaac.batch) [including 3ms in LoadMessage; 1ms in InitializeSparseNdw; 39ms in InferThetaAndUpdateNwtSparse; ]
I0619 16:24:52.835275 25481216 processor.cc:746] Processor: start processing batch a39646d9-c93c-4b46-9c31-62d6768a9e4d into model nwt
I0619 16:24:52.838551 24944640 processor.cc:746] Processor: start processing batch d1fc1de5-37c2-4987-b827-0d3a835f4da7 into model nwt
I0619 16:24:52.844861 24408064 processor.cc:842] Processor: complete processing batch cda8f3c4-f4f0-40ae-8586-057e31205b6c into model nwt
I0619 16:24:52.846384 24408064 cuckoo_watch.h:44] 44ms in ProcessBatch(/Users/miptgirl/Documents/coursera_ml_and_data_analysis_spec/structure_in_data/week_4/assignment_2/batches/aaaaae.batch) [including 4ms in LoadMessage; 1ms in InitializeSparseNdw; 35ms in InferThetaAndUpdateNwtSparse; ]
I0619 16:24:52.865874 24408064 processor.cc:746] Processor: start processing batch 655cd2ca-a884-4971-8f82-ba284303a518 into model nwt
I0619 16:24:52.877331 23871488 processor.cc:842] Processor: complete processing batch d9d556fc-53f0-4412-a960-7064efe6a29f into model nwt
I0619 16:24:52.879078 23871488 cuckoo_watch.h:44] 60ms in ProcessBatch(/Users/miptgirl/Documents/coursera_ml_and_data_analysis_spec/structure_in_data/week_4/assignment_2/batches/aaaaaf.batch) [including 4ms in LoadMessage; 11ms in InitializeSparseNdw; 40ms in InferThetaAndUpdateNwtSparse; ]
I0619 16:24:52.885759 25481216 processor.cc:842] Processor: complete processing batch a39646d9-c93c-4b46-9c31-62d6768a9e4d into model nwt
I0619 16:24:52.888591 25481216 cuckoo_watch.h:44] 59ms in ProcessBatch(/Users/miptgirl/Documents/coursera_ml_and_data_analysis_spec/structure_in_data/week_4/assignment_2/batches/aaaaag.batch) [including 3ms in LoadMessage; 2ms in InitializeSparseNdw; 48ms in InferThetaAndUpdateNwtSparse; ]
I0619 16:24:52.889051 24944640 processor.cc:842] Processor: complete processing batch d1fc1de5-37c2-4987-b827-0d3a835f4da7 into model nwt
I0619 16:24:52.892956 24944640 cuckoo_watch.h:44] 59ms in ProcessBatch(/Users/miptgirl/Documents/coursera_ml_and_data_analysis_spec/structure_in_data/week_4/assignment_2/batches/aaaaah.batch) [including 3ms in LoadMessage; 3ms in InitializeSparseNdw; 47ms in InferThetaAndUpdateNwtSparse; ]
I0619 16:24:52.895476 23871488 processor.cc:746] Processor: start processing batch a36830c6-b335-4acf-9c93-d53ca2ddea20 into model nwt
I0619 16:24:52.904609 24944640 processor.cc:746] Processor: start processing batch eae3841a-2012-4922-a99c-d274e87a3c31 into model nwt
I0619 16:24:52.906359 25481216 processor.cc:746] Processor: start processing batch 056d7f10-6699-407e-b143-2d8211909c87 into model nwt
I0619 16:24:52.906955 24408064 processor.cc:842] Processor: complete processing batch 655cd2ca-a884-4971-8f82-ba284303a518 into model nwt
I0619 16:24:52.908892 24408064 cuckoo_watch.h:44] 62ms in ProcessBatch(/Users/miptgirl/Documents/coursera_ml_and_data_analysis_spec/structure_in_data/week_4/assignment_2/batches/aaaaai.batch) [including 3ms in LoadMessage; 1ms in InitializeSparseNdw; 39ms in InferThetaAndUpdateNwtSparse; ]
I0619 16:24:52.920263 24408064 processor.cc:746] Processor: start processing batch c0116f44-2e93-4075-bff2-492ffffb9e16 into model nwt
I0619 16:24:52.958917 23871488 processor.cc:842] Processor: complete processing batch a36830c6-b335-4acf-9c93-d53ca2ddea20 into model nwt
I0619 16:24:52.961978 23871488 cuckoo_watch.h:44] 82ms in ProcessBatch(/Users/miptgirl/Documents/coursera_ml_and_data_analysis_spec/structure_in_data/week_4/assignment_2/batches/aaaaaj.batch) [including 14ms in LoadMessage; 3ms in InitializeSparseNdw; 59ms in InferThetaAndUpdateNwtSparse; ]
I0619 16:24:52.973213 23871488 processor.cc:746] Processor: start processing batch f053904a-564b-4d2e-b458-6d05ddd7d42f into model nwt
I0619 16:24:53.034724 24944640 processor.cc:842] Processor: complete processing batch eae3841a-2012-4922-a99c-d274e87a3c31 into model nwt
I0619 16:24:53.035231 25481216 processor.cc:842] Processor: complete processing batch 056d7f10-6699-407e-b143-2d8211909c87 into model nwt
I0619 16:24:53.039207 24944640 cuckoo_watch.h:44] 146ms in ProcessBatch(/Users/miptgirl/Documents/coursera_ml_and_data_analysis_spec/structure_in_data/week_4/assignment_2/batches/aaaaal.batch) [including 9ms in LoadMessage; 8ms in InitializeSparseNdw; 121ms in InferThetaAndUpdateNwtSparse; ]
I0619 16:24:53.043215 25481216 cuckoo_watch.h:44] 154ms in ProcessBatch(/Users/miptgirl/Documents/coursera_ml_and_data_analysis_spec/structure_in_data/week_4/assignment_2/batches/aaaaak.batch) [including 12ms in LoadMessage; 9ms in InitializeSparseNdw; 119ms in InferThetaAndUpdateNwtSparse; ]
I0619 16:24:53.049427 24944640 processor.cc:746] Processor: start processing batch 8ce90dfc-918a-4917-b71a-e26020fe626a into model nwt
I0619 16:24:53.051828 25481216 processor.cc:746] Processor: start processing batch 654c13d6-dd97-4f03-a4d7-a13f5ea253f3 into model nwt
I0619 16:24:53.052846 24408064 processor.cc:842] Processor: complete processing batch c0116f44-2e93-4075-bff2-492ffffb9e16 into model nwt
I0619 16:24:53.057286 24408064 cuckoo_watch.h:44] 148ms in ProcessBatch(/Users/miptgirl/Documents/coursera_ml_and_data_analysis_spec/structure_in_data/week_4/assignment_2/batches/aaaaam.batch) [including 9ms in LoadMessage; 8ms in InitializeSparseNdw; 124ms in InferThetaAndUpdateNwtSparse; ]
I0619 16:24:53.061624 24408064 processor.cc:746] Processor: start processing batch 689e14a7-6922-4fa3-bc93-2cdb4fca8fdf into model nwt
I0619 16:24:53.079483 24408064 processor.cc:842] Processor: complete processing batch 689e14a7-6922-4fa3-bc93-2cdb4fca8fdf into model nwt
I0619 16:24:53.080927 24408064 cuckoo_watch.h:44] 23ms in ProcessBatch(/Users/miptgirl/Documents/coursera_ml_and_data_analysis_spec/structure_in_data/week_4/assignment_2/batches/aaaaaq.batch) [including 2ms in LoadMessage; 0ms in InitializeSparseNdw; 16ms in InferThetaAndUpdateNwtSparse; ]
I0619 16:24:53.083600 24408064 processor.cc:746] Processor: start processing batch 1d30393b-e01f-4593-9876-0633c2152dae into model nwt
I0619 16:24:53.083569 23871488 processor.cc:842] Processor: complete processing batch f053904a-564b-4d2e-b458-6d05ddd7d42f into model nwt
I0619 16:24:53.086619 24408064 processor.cc:842] Processor: complete processing batch 1d30393b-e01f-4593-9876-0633c2152dae into model nwt
I0619 16:24:53.087582 24408064 cuckoo_watch.h:44] 6ms in ProcessBatch(/Users/miptgirl/Documents/coursera_ml_and_data_analysis_spec/structure_in_data/week_4/assignment_2/batches/aaaaar.batch) [including 0ms in LoadMessage; 0ms in InitializeSparseNdw; 2ms in InferThetaAndUpdateNwtSparse; ]
I0619 16:24:53.089103 23871488 cuckoo_watch.h:44] 127ms in ProcessBatch(/Users/miptgirl/Documents/coursera_ml_and_data_analysis_spec/structure_in_data/week_4/assignment_2/batches/aaaaan.batch) [including 9ms in LoadMessage; 7ms in InitializeSparseNdw; 103ms in InferThetaAndUpdateNwtSparse; ]
I0619 16:24:53.109973 24408064 processor.cc:662] No data in processing queue, waiting...
I0619 16:24:53.111099 23871488 processor.cc:662] No data in processing queue, waiting...
I0619 16:24:53.124128 25481216 processor.cc:842] Processor: complete processing batch 654c13d6-dd97-4f03-a4d7-a13f5ea253f3 into model nwt
I0619 16:24:53.125986 25481216 cuckoo_watch.h:44] 82ms in ProcessBatch(/Users/miptgirl/Documents/coursera_ml_and_data_analysis_spec/structure_in_data/week_4/assignment_2/batches/aaaaap.batch) [including 6ms in LoadMessage; 4ms in InitializeSparseNdw; 68ms in InferThetaAndUpdateNwtSparse; ]
I0619 16:24:53.127465 24944640 processor.cc:842] Processor: complete processing batch 8ce90dfc-918a-4917-b71a-e26020fe626a into model nwt
I0619 16:24:53.129238 24944640 cuckoo_watch.h:44] 89ms in ProcessBatch(/Users/miptgirl/Documents/coursera_ml_and_data_analysis_spec/structure_in_data/week_4/assignment_2/batches/aaaaao.batch) [including 7ms in LoadMessage; 4ms in InitializeSparseNdw; 73ms in InferThetaAndUpdateNwtSparse; ]
I0619 16:24:53.129328 2021564416 master_component.cc:979] RegularizeModelArgs: rwt_target_name=rwt, pwt_source_name=pwt, nwt_source_name=nwt
I0619 16:24:53.129423 2021564416 master_component.cc:590] MasterComponent: start regularizing model pwt
I0619 16:24:53.150074 25481216 processor.cc:662] No data in processing queue, waiting...
I0619 16:24:53.152618 24944640 processor.cc:662] No data in processing queue, waiting...
I0619 16:24:53.189213 2021564416 master_component.cc:613] MasterComponent: complete regularizing model pwt
I0619 16:24:53.189254 2021564416 master_component.cc:990] NormalizeModelArgs: pwt_target_name=pwt, nwt_source_name=nwt, rwt_source_name=rwt
I0619 16:24:53.189263 2021564416 master_component.cc:617] MasterComponent: start normalizing model nwt
I0619 16:24:53.236732 2021564416 master_component.cc:639] MasterComponent: complete normalizing model nwt
I0619 16:24:53.405810 2021564416 master_component.cc:1014] DisposeModel rwt
I0619 16:24:53.425180 2021564416 c_interface.cc:332] Pass FitOfflineMasterModelArgs, batch_filename_size=18, batch_weight_size=18, num_collection_passes=1 to MN4artm4core15MasterComponentEFvRKNS_25FitOfflineMasterModelArgsEE
I0619 16:24:53.425211 2021564416 master_component.cc:941] ProcessBatchesArgs: nwt_target_name=nwt, batch_filename_size=18, batch_size=0, batch_weight_size=18, pwt_source_name=pwt, num_document_passes=10, regularizer=(name:SmoothPhi, tau:100000), class=(text:1), class=(author:1), reuse_theta=no, opt_for_avx=yes, predict_class_id=
I0619 16:24:53.467715 23871488 processor.cc:669] Processing queue has data, processing started
I0619 16:24:53.470218 23871488 processor.cc:746] Processor: start processing batch f912d5bb-bfe9-4607-9bf2-add4bac57d76 into model nwt
I0619 16:24:53.473561 24408064 processor.cc:669] Processing queue has data, processing started
I0619 16:24:53.479006 24408064 processor.cc:746] Processor: start processing batch 9042f92e-fd75-4444-973c-657f347edb55 into model nwt
I0619 16:24:53.480245 23871488 processor.cc:842] Processor: complete processing batch f912d5bb-bfe9-4607-9bf2-add4bac57d76 into model nwt
I0619 16:24:53.481513 23871488 cuckoo_watch.h:44] 13ms in ProcessBatch(/Users/miptgirl/Documents/coursera_ml_and_data_analysis_spec/structure_in_data/week_4/assignment_2/batches/aaaaaa.batch) [including 1ms in LoadMessage; 0ms in InitializeSparseNdw; 9ms in InferThetaAndUpdateNwtSparse; ]
I0619 16:24:53.487887 23871488 processor.cc:746] Processor: start processing batch 6609c86e-5b7a-44da-be30-772c4f79a3f2 into model nwt
I0619 16:24:53.491214 25481216 processor.cc:669] Processing queue has data, processing started
I0619 16:24:53.496467 25481216 processor.cc:746] Processor: start processing batch cde3298e-97b7-41f7-a58d-038c26ec99b2 into model nwt
I0619 16:24:53.501356 24944640 processor.cc:669] Processing queue has data, processing started
I0619 16:24:53.503152 24408064 processor.cc:842] Processor: complete processing batch 9042f92e-fd75-4444-973c-657f347edb55 into model nwt
I0619 16:24:53.505568 24408064 cuckoo_watch.h:44] 31ms in ProcessBatch(/Users/miptgirl/Documents/coursera_ml_and_data_analysis_spec/structure_in_data/week_4/assignment_2/batches/aaaaab.batch) [including 3ms in LoadMessage; 1ms in InitializeSparseNdw; 22ms in InferThetaAndUpdateNwtSparse; ]
I0619 16:24:53.508013 24944640 processor.cc:746] Processor: start processing batch cda8f3c4-f4f0-40ae-8586-057e31205b6c into model nwt
I0619 16:24:53.523977 24408064 processor.cc:746] Processor: start processing batch d9d556fc-53f0-4412-a960-7064efe6a29f into model nwt
I0619 16:24:53.529873 25481216 processor.cc:842] Processor: complete processing batch cde3298e-97b7-41f7-a58d-038c26ec99b2 into model nwt
I0619 16:24:53.531958 25481216 cuckoo_watch.h:44] 40ms in ProcessBatch(/Users/miptgirl/Documents/coursera_ml_and_data_analysis_spec/structure_in_data/week_4/assignment_2/batches/aaaaad.batch) [including 3ms in LoadMessage; 1ms in InitializeSparseNdw; 31ms in InferThetaAndUpdateNwtSparse; ]
I0619 16:24:53.532727 23871488 processor.cc:842] Processor: complete processing batch 6609c86e-5b7a-44da-be30-772c4f79a3f2 into model nwt
I0619 16:24:53.534631 24944640 processor.cc:842] Processor: complete processing batch cda8f3c4-f4f0-40ae-8586-057e31205b6c into model nwt
I0619 16:24:53.536775 24944640 cuckoo_watch.h:44] 35ms in ProcessBatch(/Users/miptgirl/Documents/coursera_ml_and_data_analysis_spec/structure_in_data/week_4/assignment_2/batches/aaaaae.batch) [including 4ms in LoadMessage; 1ms in InitializeSparseNdw; 25ms in InferThetaAndUpdateNwtSparse; ]
I0619 16:24:53.538939 25481216 processor.cc:746] Processor: start processing batch a39646d9-c93c-4b46-9c31-62d6768a9e4d into model nwt
I0619 16:24:53.539312 23871488 cuckoo_watch.h:44] 56ms in ProcessBatch(/Users/miptgirl/Documents/coursera_ml_and_data_analysis_spec/structure_in_data/week_4/assignment_2/batches/aaaaac.batch) [including 3ms in LoadMessage; 1ms in InitializeSparseNdw; 43ms in InferThetaAndUpdateNwtSparse; ]
I0619 16:24:53.550624 24944640 processor.cc:746] Processor: start processing batch d1fc1de5-37c2-4987-b827-0d3a835f4da7 into model nwt
I0619 16:24:53.555873 24408064 processor.cc:842] Processor: complete processing batch d9d556fc-53f0-4412-a960-7064efe6a29f into model nwt
I0619 16:24:53.558166 24408064 cuckoo_watch.h:44] 40ms in ProcessBatch(/Users/miptgirl/Documents/coursera_ml_and_data_analysis_spec/structure_in_data/week_4/assignment_2/batches/aaaaaf.batch) [including 4ms in LoadMessage; 1ms in InitializeSparseNdw; 29ms in InferThetaAndUpdateNwtSparse; ]
I0619 16:24:53.561930 23871488 processor.cc:746] Processor: start processing batch 655cd2ca-a884-4971-8f82-ba284303a518 into model nwt
I0619 16:24:53.576910 24408064 processor.cc:746] Processor: start processing batch a36830c6-b335-4acf-9c93-d53ca2ddea20 into model nwt
I0619 16:24:53.585777 25481216 processor.cc:842] Processor: complete processing batch a39646d9-c93c-4b46-9c31-62d6768a9e4d into model nwt
I0619 16:24:53.588150 25481216 cuckoo_watch.h:44] 54ms in ProcessBatch(/Users/miptgirl/Documents/coursera_ml_and_data_analysis_spec/structure_in_data/week_4/assignment_2/batches/aaaaag.batch) [including 3ms in LoadMessage; 2ms in InitializeSparseNdw; 44ms in InferThetaAndUpdateNwtSparse; ]
I0619 16:24:53.590888 23871488 processor.cc:842] Processor: complete processing batch 655cd2ca-a884-4971-8f82-ba284303a518 into model nwt
I0619 16:24:53.592723 23871488 cuckoo_watch.h:44] 36ms in ProcessBatch(/Users/miptgirl/Documents/coursera_ml_and_data_analysis_spec/structure_in_data/week_4/assignment_2/batches/aaaaai.batch) [including 3ms in LoadMessage; 1ms in InitializeSparseNdw; 27ms in InferThetaAndUpdateNwtSparse; ]
I0619 16:24:53.601861 24944640 processor.cc:842] Processor: complete processing batch d1fc1de5-37c2-4987-b827-0d3a835f4da7 into model nwt
I0619 16:24:53.603940 24944640 cuckoo_watch.h:44] 59ms in ProcessBatch(/Users/miptgirl/Documents/coursera_ml_and_data_analysis_spec/structure_in_data/week_4/assignment_2/batches/aaaaah.batch) [including 4ms in LoadMessage; 1ms in InitializeSparseNdw; 49ms in InferThetaAndUpdateNwtSparse; ]
I0619 16:24:53.606822 23871488 processor.cc:746] Processor: start processing batch 056d7f10-6699-407e-b143-2d8211909c87 into model nwt
I0619 16:24:53.627696 25481216 processor.cc:746] Processor: start processing batch eae3841a-2012-4922-a99c-d274e87a3c31 into model nwt
I0619 16:24:53.644582 24944640 processor.cc:746] Processor: start processing batch c0116f44-2e93-4075-bff2-492ffffb9e16 into model nwt
I0619 16:24:53.686581 24408064 processor.cc:842] Processor: complete processing batch a36830c6-b335-4acf-9c93-d53ca2ddea20 into model nwt
I0619 16:24:53.690021 24408064 cuckoo_watch.h:44] 122ms in ProcessBatch(/Users/miptgirl/Documents/coursera_ml_and_data_analysis_spec/structure_in_data/week_4/assignment_2/batches/aaaaaj.batch) [including 6ms in LoadMessage; 3ms in InitializeSparseNdw; 105ms in InferThetaAndUpdateNwtSparse; ]
I0619 16:24:53.706070 24408064 processor.cc:746] Processor: start processing batch f053904a-564b-4d2e-b458-6d05ddd7d42f into model nwt
I0619 16:24:53.778950 23871488 processor.cc:842] Processor: complete processing batch 056d7f10-6699-407e-b143-2d8211909c87 into model nwt
I0619 16:24:53.783656 23871488 cuckoo_watch.h:44] 188ms in ProcessBatch(/Users/miptgirl/Documents/coursera_ml_and_data_analysis_spec/structure_in_data/week_4/assignment_2/batches/aaaaak.batch) [including 9ms in LoadMessage; 7ms in InitializeSparseNdw; 164ms in InferThetaAndUpdateNwtSparse; ]
I0619 16:24:53.787241 25481216 processor.cc:842] Processor: complete processing batch eae3841a-2012-4922-a99c-d274e87a3c31 into model nwt
I0619 16:24:53.792163 25481216 cuckoo_watch.h:44] 177ms in ProcessBatch(/Users/miptgirl/Documents/coursera_ml_and_data_analysis_spec/structure_in_data/week_4/assignment_2/batches/aaaaal.batch) [including 10ms in LoadMessage; 27ms in InitializeSparseNdw; 132ms in InferThetaAndUpdateNwtSparse; ]
I0619 16:24:53.797086 23871488 processor.cc:746] Processor: start processing batch 8ce90dfc-918a-4917-b71a-e26020fe626a into model nwt
I0619 16:24:53.801462 25481216 processor.cc:746] Processor: start processing batch 654c13d6-dd97-4f03-a4d7-a13f5ea253f3 into model nwt
I0619 16:24:53.811547 24944640 processor.cc:842] Processor: complete processing batch c0116f44-2e93-4075-bff2-492ffffb9e16 into model nwt
I0619 16:24:53.816493 24944640 cuckoo_watch.h:44] 187ms in ProcessBatch(/Users/miptgirl/Documents/coursera_ml_and_data_analysis_spec/structure_in_data/week_4/assignment_2/batches/aaaaam.batch) [including 13ms in LoadMessage; 33ms in InitializeSparseNdw; 133ms in InferThetaAndUpdateNwtSparse; ]
I0619 16:24:53.821653 24944640 processor.cc:746] Processor: start processing batch 689e14a7-6922-4fa3-bc93-2cdb4fca8fdf into model nwt
I0619 16:24:53.822942 24408064 processor.cc:842] Processor: complete processing batch f053904a-564b-4d2e-b458-6d05ddd7d42f into model nwt
I0619 16:24:53.827509 24408064 cuckoo_watch.h:44] 137ms in ProcessBatch(/Users/miptgirl/Documents/coursera_ml_and_data_analysis_spec/structure_in_data/week_4/assignment_2/batches/aaaaan.batch) [including 13ms in LoadMessage; 8ms in InitializeSparseNdw; 108ms in InferThetaAndUpdateNwtSparse; ]
I0619 16:24:53.830170 24408064 processor.cc:746] Processor: start processing batch 1d30393b-e01f-4593-9876-0633c2152dae into model nwt
I0619 16:24:53.833140 24408064 processor.cc:842] Processor: complete processing batch 1d30393b-e01f-4593-9876-0633c2152dae into model nwt
I0619 16:24:53.833597 24408064 cuckoo_watch.h:44] 6ms in ProcessBatch(/Users/miptgirl/Documents/coursera_ml_and_data_analysis_spec/structure_in_data/week_4/assignment_2/batches/aaaaar.batch) [including 0ms in LoadMessage; 0ms in InitializeSparseNdw; 2ms in InferThetaAndUpdateNwtSparse; ]
I0619 16:24:53.839916 24944640 processor.cc:842] Processor: complete processing batch 689e14a7-6922-4fa3-bc93-2cdb4fca8fdf into model nwt
I0619 16:24:53.840895 24944640 cuckoo_watch.h:44] 24ms in ProcessBatch(/Users/miptgirl/Documents/coursera_ml_and_data_analysis_spec/structure_in_data/week_4/assignment_2/batches/aaaaaq.batch) [including 3ms in LoadMessage; 0ms in InitializeSparseNdw; 17ms in InferThetaAndUpdateNwtSparse; ]
I0619 16:24:53.856878 24408064 processor.cc:662] No data in processing queue, waiting...
I0619 16:24:53.862576 24944640 processor.cc:662] No data in processing queue, waiting...
I0619 16:24:53.874928 25481216 processor.cc:842] Processor: complete processing batch 654c13d6-dd97-4f03-a4d7-a13f5ea253f3 into model nwt
I0619 16:24:53.876714 25481216 cuckoo_watch.h:44] 84ms in ProcessBatch(/Users/miptgirl/Documents/coursera_ml_and_data_analysis_spec/structure_in_data/week_4/assignment_2/batches/aaaaap.batch) [including 7ms in LoadMessage; 3ms in InitializeSparseNdw; 69ms in InferThetaAndUpdateNwtSparse; ]
I0619 16:24:53.880564 23871488 processor.cc:842] Processor: complete processing batch 8ce90dfc-918a-4917-b71a-e26020fe626a into model nwt
I0619 16:24:53.882418 23871488 cuckoo_watch.h:44] 98ms in ProcessBatch(/Users/miptgirl/Documents/coursera_ml_and_data_analysis_spec/structure_in_data/week_4/assignment_2/batches/aaaaao.batch) [including 11ms in LoadMessage; 5ms in InitializeSparseNdw; 77ms in InferThetaAndUpdateNwtSparse; ]
I0619 16:24:53.883116 2021564416 master_component.cc:979] RegularizeModelArgs: rwt_target_name=rwt, pwt_source_name=pwt, nwt_source_name=nwt
I0619 16:24:53.883159 2021564416 master_component.cc:590] MasterComponent: start regularizing model pwt
I0619 16:24:53.900852 25481216 processor.cc:662] No data in processing queue, waiting...
I0619 16:24:53.906831 23871488 processor.cc:662] No data in processing queue, waiting...
I0619 16:24:53.944911 2021564416 master_component.cc:613] MasterComponent: complete regularizing model pwt
I0619 16:24:53.944939 2021564416 master_component.cc:990] NormalizeModelArgs: pwt_target_name=pwt, nwt_source_name=nwt, rwt_source_name=rwt
I0619 16:24:53.944947 2021564416 master_component.cc:617] MasterComponent: start normalizing model nwt
I0619 16:24:53.985630 2021564416 master_component.cc:639] MasterComponent: complete normalizing model nwt
I0619 16:24:54.146986 2021564416 master_component.cc:1014] DisposeModel rwt
I0619 16:24:54.162786 2021564416 c_interface.cc:332] Pass FitOfflineMasterModelArgs, batch_filename_size=18, batch_weight_size=18, num_collection_passes=1 to MN4artm4core15MasterComponentEFvRKNS_25FitOfflineMasterModelArgsEE
I0619 16:24:54.162806 2021564416 master_component.cc:941] ProcessBatchesArgs: nwt_target_name=nwt, batch_filename_size=18, batch_size=0, batch_weight_size=18, pwt_source_name=pwt, num_document_passes=10, regularizer=(name:SmoothPhi, tau:100000), class=(text:1), class=(author:1), reuse_theta=no, opt_for_avx=yes, predict_class_id=
I0619 16:24:54.202383 24944640 processor.cc:669] Processing queue has data, processing started
I0619 16:24:54.205309 24944640 processor.cc:746] Processor: start processing batch f912d5bb-bfe9-4607-9bf2-add4bac57d76 into model nwt
I0619 16:24:54.207429 24408064 processor.cc:669] Processing queue has data, processing started
I0619 16:24:54.212180 24408064 processor.cc:746] Processor: start processing batch 9042f92e-fd75-4444-973c-657f347edb55 into model nwt
I0619 16:24:54.217324 23871488 processor.cc:669] Processing queue has data, processing started
I0619 16:24:54.217988 24944640 processor.cc:842] Processor: complete processing batch f912d5bb-bfe9-4607-9bf2-add4bac57d76 into model nwt
I0619 16:24:54.219164 24944640 cuckoo_watch.h:44] 16ms in ProcessBatch(/Users/miptgirl/Documents/coursera_ml_and_data_analysis_spec/structure_in_data/week_4/assignment_2/batches/aaaaaa.batch) [including 1ms in LoadMessage; 0ms in InitializeSparseNdw; 12ms in InferThetaAndUpdateNwtSparse; ]
I0619 16:24:54.223927 23871488 processor.cc:746] Processor: start processing batch 6609c86e-5b7a-44da-be30-772c4f79a3f2 into model nwt
I0619 16:24:54.231431 24944640 processor.cc:746] Processor: start processing batch cde3298e-97b7-41f7-a58d-038c26ec99b2 into model nwt
I0619 16:24:54.237402 24408064 processor.cc:842] Processor: complete processing batch 9042f92e-fd75-4444-973c-657f347edb55 into model nwt
I0619 16:24:54.239265 24408064 cuckoo_watch.h:44] 31ms in ProcessBatch(/Users/miptgirl/Documents/coursera_ml_and_data_analysis_spec/structure_in_data/week_4/assignment_2/batches/aaaaab.batch) [including 3ms in LoadMessage; 0ms in InitializeSparseNdw; 24ms in InferThetaAndUpdateNwtSparse; ]
I0619 16:24:54.244685 24408064 processor.cc:746] Processor: start processing batch cda8f3c4-f4f0-40ae-8586-057e31205b6c into model nwt
I0619 16:24:54.264894 24944640 processor.cc:842] Processor: complete processing batch cde3298e-97b7-41f7-a58d-038c26ec99b2 into model nwt
I0619 16:24:54.267441 24944640 cuckoo_watch.h:44] 42ms in ProcessBatch(/Users/miptgirl/Documents/coursera_ml_and_data_analysis_spec/structure_in_data/week_4/assignment_2/batches/aaaaad.batch) [including 5ms in LoadMessage; 1ms in InitializeSparseNdw; 31ms in InferThetaAndUpdateNwtSparse; ]
I0619 16:24:54.270270 25481216 processor.cc:669] Processing queue has data, processing started
I0619 16:24:54.277967 25481216 processor.cc:746] Processor: start processing batch a39646d9-c93c-4b46-9c31-62d6768a9e4d into model nwt
I0619 16:24:54.289590 24408064 processor.cc:842] Processor: complete processing batch cda8f3c4-f4f0-40ae-8586-057e31205b6c into model nwt
I0619 16:24:54.291684 24408064 cuckoo_watch.h:44] 52ms in ProcessBatch(/Users/miptgirl/Documents/coursera_ml_and_data_analysis_spec/structure_in_data/week_4/assignment_2/batches/aaaaae.batch) [including 3ms in LoadMessage; 3ms in InitializeSparseNdw; 41ms in InferThetaAndUpdateNwtSparse; ]
I0619 16:24:54.305129 24408064 processor.cc:746] Processor: start processing batch d1fc1de5-37c2-4987-b827-0d3a835f4da7 into model nwt
I0619 16:24:54.307247 23871488 processor.cc:842] Processor: complete processing batch 6609c86e-5b7a-44da-be30-772c4f79a3f2 into model nwt
I0619 16:24:54.309280 23871488 cuckoo_watch.h:44] 91ms in ProcessBatch(/Users/miptgirl/Documents/coursera_ml_and_data_analysis_spec/structure_in_data/week_4/assignment_2/batches/aaaaac.batch) [including 4ms in LoadMessage; 18ms in InitializeSparseNdw; 64ms in InferThetaAndUpdateNwtSparse; ]
I0619 16:24:54.313335 24944640 processor.cc:746] Processor: start processing batch d9d556fc-53f0-4412-a960-7064efe6a29f into model nwt
I0619 16:24:54.319360 23871488 processor.cc:746] Processor: start processing batch 655cd2ca-a884-4971-8f82-ba284303a518 into model nwt
I0619 16:24:54.336750 25481216 processor.cc:842] Processor: complete processing batch a39646d9-c93c-4b46-9c31-62d6768a9e4d into model nwt
I0619 16:24:54.339169 25481216 cuckoo_watch.h:44] 68ms in ProcessBatch(/Users/miptgirl/Documents/coursera_ml_and_data_analysis_spec/structure_in_data/week_4/assignment_2/batches/aaaaag.batch) [including 5ms in LoadMessage; 2ms in InitializeSparseNdw; 56ms in InferThetaAndUpdateNwtSparse; ]
I0619 16:24:54.344220 24944640 processor.cc:842] Processor: complete processing batch d9d556fc-53f0-4412-a960-7064efe6a29f into model nwt
I0619 16:24:54.346546 24944640 cuckoo_watch.h:44] 79ms in ProcessBatch(/Users/miptgirl/Documents/coursera_ml_and_data_analysis_spec/structure_in_data/week_4/assignment_2/batches/aaaaaf.batch) [including 43ms in LoadMessage; 1ms in InitializeSparseNdw; 29ms in InferThetaAndUpdateNwtSparse; ]
I0619 16:24:54.354321 25481216 processor.cc:746] Processor: start processing batch a36830c6-b335-4acf-9c93-d53ca2ddea20 into model nwt
I0619 16:24:54.359915 24944640 processor.cc:746] Processor: start processing batch 056d7f10-6699-407e-b143-2d8211909c87 into model nwt
I0619 16:24:54.361604 23871488 processor.cc:842] Processor: complete processing batch 655cd2ca-a884-4971-8f82-ba284303a518 into model nwt
I0619 16:24:54.363451 24408064 processor.cc:842] Processor: complete processing batch d1fc1de5-37c2-4987-b827-0d3a835f4da7 into model nwt
I0619 16:24:54.363811 23871488 cuckoo_watch.h:44] 54ms in ProcessBatch(/Users/miptgirl/Documents/coursera_ml_and_data_analysis_spec/structure_in_data/week_4/assignment_2/batches/aaaaai.batch) [including 4ms in LoadMessage; 2ms in InitializeSparseNdw; 39ms in InferThetaAndUpdateNwtSparse; ]
I0619 16:24:54.365825 24408064 cuckoo_watch.h:44] 74ms in ProcessBatch(/Users/miptgirl/Documents/coursera_ml_and_data_analysis_spec/structure_in_data/week_4/assignment_2/batches/aaaaah.batch) [including 11ms in LoadMessage; 2ms in InitializeSparseNdw; 56ms in InferThetaAndUpdateNwtSparse; ]
I0619 16:24:54.376135 23871488 processor.cc:746] Processor: start processing batch eae3841a-2012-4922-a99c-d274e87a3c31 into model nwt
I0619 16:24:54.381723 24408064 processor.cc:746] Processor: start processing batch c0116f44-2e93-4075-bff2-492ffffb9e16 into model nwt
I0619 16:24:54.421670 25481216 processor.cc:842] Processor: complete processing batch a36830c6-b335-4acf-9c93-d53ca2ddea20 into model nwt
I0619 16:24:54.427146 25481216 cuckoo_watch.h:44] 87ms in ProcessBatch(/Users/miptgirl/Documents/coursera_ml_and_data_analysis_spec/structure_in_data/week_4/assignment_2/batches/aaaaaj.batch) [including 12ms in LoadMessage; 3ms in InitializeSparseNdw; 63ms in InferThetaAndUpdateNwtSparse; ]
I0619 16:24:54.439923 25481216 processor.cc:746] Processor: start processing batch f053904a-564b-4d2e-b458-6d05ddd7d42f into model nwt
I0619 16:24:54.501379 24944640 processor.cc:842] Processor: complete processing batch 056d7f10-6699-407e-b143-2d8211909c87 into model nwt
I0619 16:24:54.506407 24944640 cuckoo_watch.h:44] 159ms in ProcessBatch(/Users/miptgirl/Documents/coursera_ml_and_data_analysis_spec/structure_in_data/week_4/assignment_2/batches/aaaaak.batch) [including 11ms in LoadMessage; 7ms in InitializeSparseNdw; 133ms in InferThetaAndUpdateNwtSparse; ]
I0619 16:24:54.516726 24944640 processor.cc:746] Processor: start processing batch 8ce90dfc-918a-4917-b71a-e26020fe626a into model nwt
I0619 16:24:54.518834 23871488 processor.cc:842] Processor: complete processing batch eae3841a-2012-4922-a99c-d274e87a3c31 into model nwt
I0619 16:24:54.523903 23871488 cuckoo_watch.h:44] 159ms in ProcessBatch(/Users/miptgirl/Documents/coursera_ml_and_data_analysis_spec/structure_in_data/week_4/assignment_2/batches/aaaaal.batch) [including 10ms in LoadMessage; 12ms in InitializeSparseNdw; 130ms in InferThetaAndUpdateNwtSparse; ]
I0619 16:24:54.528100 24408064 processor.cc:842] Processor: complete processing batch c0116f44-2e93-4075-bff2-492ffffb9e16 into model nwt
I0619 16:24:54.533519 24408064 cuckoo_watch.h:44] 167ms in ProcessBatch(/Users/miptgirl/Documents/coursera_ml_and_data_analysis_spec/structure_in_data/week_4/assignment_2/batches/aaaaam.batch) [including 13ms in LoadMessage; 8ms in InitializeSparseNdw; 138ms in InferThetaAndUpdateNwtSparse; ]
I0619 16:24:54.533840 23871488 processor.cc:746] Processor: start processing batch 654c13d6-dd97-4f03-a4d7-a13f5ea253f3 into model nwt
I0619 16:24:54.538275 24408064 processor.cc:746] Processor: start processing batch 689e14a7-6922-4fa3-bc93-2cdb4fca8fdf into model nwt
I0619 16:24:54.556521 25481216 processor.cc:842] Processor: complete processing batch f053904a-564b-4d2e-b458-6d05ddd7d42f into model nwt
I0619 16:24:54.556968 24408064 processor.cc:842] Processor: complete processing batch 689e14a7-6922-4fa3-bc93-2cdb4fca8fdf into model nwt
I0619 16:24:54.558490 24408064 cuckoo_watch.h:44] 24ms in ProcessBatch(/Users/miptgirl/Documents/coursera_ml_and_data_analysis_spec/structure_in_data/week_4/assignment_2/batches/aaaaaq.batch) [including 2ms in LoadMessage; 0ms in InitializeSparseNdw; 17ms in InferThetaAndUpdateNwtSparse; ]
I0619 16:24:54.561163 25481216 cuckoo_watch.h:44] 133ms in ProcessBatch(/Users/miptgirl/Documents/coursera_ml_and_data_analysis_spec/structure_in_data/week_4/assignment_2/batches/aaaaan.batch) [including 10ms in LoadMessage; 6ms in InitializeSparseNdw; 109ms in InferThetaAndUpdateNwtSparse; ]
I0619 16:24:54.561362 24408064 processor.cc:746] Processor: start processing batch 1d30393b-e01f-4593-9876-0633c2152dae into model nwt
I0619 16:24:54.564532 24408064 processor.cc:842] Processor: complete processing batch 1d30393b-e01f-4593-9876-0633c2152dae into model nwt
I0619 16:24:54.564988 24408064 cuckoo_watch.h:44] 6ms in ProcessBatch(/Users/miptgirl/Documents/coursera_ml_and_data_analysis_spec/structure_in_data/week_4/assignment_2/batches/aaaaar.batch) [including 0ms in LoadMessage; 0ms in InitializeSparseNdw; 3ms in InferThetaAndUpdateNwtSparse; ]
I0619 16:24:54.584380 25481216 processor.cc:662] No data in processing queue, waiting...
I0619 16:24:54.586660 24408064 processor.cc:662] No data in processing queue, waiting...
I0619 16:24:54.598098 24944640 processor.cc:842] Processor: complete processing batch 8ce90dfc-918a-4917-b71a-e26020fe626a into model nwt
I0619 16:24:54.599717 24944640 cuckoo_watch.h:44] 93ms in ProcessBatch(/Users/miptgirl/Documents/coursera_ml_and_data_analysis_spec/structure_in_data/week_4/assignment_2/batches/aaaaao.batch) [including 8ms in LoadMessage; 5ms in InitializeSparseNdw; 76ms in InferThetaAndUpdateNwtSparse; ]
I0619 16:24:54.604444 23871488 processor.cc:842] Processor: complete processing batch 654c13d6-dd97-4f03-a4d7-a13f5ea253f3 into model nwt
I0619 16:24:54.606096 23871488 cuckoo_watch.h:44] 82ms in ProcessBatch(/Users/miptgirl/Documents/coursera_ml_and_data_analysis_spec/structure_in_data/week_4/assignment_2/batches/aaaaap.batch) [including 7ms in LoadMessage; 4ms in InitializeSparseNdw; 65ms in InferThetaAndUpdateNwtSparse; ]
I0619 16:24:54.606824 2021564416 master_component.cc:979] RegularizeModelArgs: rwt_target_name=rwt, pwt_source_name=pwt, nwt_source_name=nwt
I0619 16:24:54.606868 2021564416 master_component.cc:590] MasterComponent: start regularizing model pwt
I0619 16:24:54.622784 24944640 processor.cc:662] No data in processing queue, waiting...
I0619 16:24:54.629961 23871488 processor.cc:662] No data in processing queue, waiting...
I0619 16:24:54.670735 2021564416 master_component.cc:613] MasterComponent: complete regularizing model pwt
I0619 16:24:54.670758 2021564416 master_component.cc:990] NormalizeModelArgs: pwt_target_name=pwt, nwt_source_name=nwt, rwt_source_name=rwt
I0619 16:24:54.670764 2021564416 master_component.cc:617] MasterComponent: start normalizing model nwt
I0619 16:24:54.711539 2021564416 master_component.cc:639] MasterComponent: complete normalizing model nwt
I0619 16:24:54.880313 2021564416 master_component.cc:1014] DisposeModel rwt
I0619 16:24:54.901203 2021564416 c_interface.cc:332] Pass FitOfflineMasterModelArgs, batch_filename_size=18, batch_weight_size=18, num_collection_passes=1 to MN4artm4core15MasterComponentEFvRKNS_25FitOfflineMasterModelArgsEE
I0619 16:24:54.901252 2021564416 master_component.cc:941] ProcessBatchesArgs: nwt_target_name=nwt, batch_filename_size=18, batch_size=0, batch_weight_size=18, pwt_source_name=pwt, num_document_passes=10, regularizer=(name:SmoothPhi, tau:100000), class=(text:1), class=(author:1), reuse_theta=no, opt_for_avx=yes, predict_class_id=
I0619 16:24:54.940050 25481216 processor.cc:669] Processing queue has data, processing started
I0619 16:24:54.942808 25481216 processor.cc:746] Processor: start processing batch f912d5bb-bfe9-4607-9bf2-add4bac57d76 into model nwt
I0619 16:24:54.946327 24408064 processor.cc:669] Processing queue has data, processing started
I0619 16:24:54.952214 24408064 processor.cc:746] Processor: start processing batch 9042f92e-fd75-4444-973c-657f347edb55 into model nwt
I0619 16:24:54.953943 24944640 processor.cc:669] Processing queue has data, processing started
I0619 16:24:54.954669 25481216 processor.cc:842] Processor: complete processing batch f912d5bb-bfe9-4607-9bf2-add4bac57d76 into model nwt
I0619 16:24:54.955765 25481216 cuckoo_watch.h:44] 15ms in ProcessBatch(/Users/miptgirl/Documents/coursera_ml_and_data_analysis_spec/structure_in_data/week_4/assignment_2/batches/aaaaaa.batch) [including 0ms in LoadMessage; 0ms in InitializeSparseNdw; 11ms in InferThetaAndUpdateNwtSparse; ]
I0619 16:24:54.960182 24944640 processor.cc:746] Processor: start processing batch 6609c86e-5b7a-44da-be30-772c4f79a3f2 into model nwt
I0619 16:24:54.965961 25481216 processor.cc:746] Processor: start processing batch cde3298e-97b7-41f7-a58d-038c26ec99b2 into model nwt
I0619 16:24:54.978667 24408064 processor.cc:842] Processor: complete processing batch 9042f92e-fd75-4444-973c-657f347edb55 into model nwt
I0619 16:24:54.980710 24408064 cuckoo_watch.h:44] 34ms in ProcessBatch(/Users/miptgirl/Documents/coursera_ml_and_data_analysis_spec/structure_in_data/week_4/assignment_2/batches/aaaaab.batch) [including 3ms in LoadMessage; 1ms in InitializeSparseNdw; 25ms in InferThetaAndUpdateNwtSparse; ]
I0619 16:24:54.988468 24408064 processor.cc:746] Processor: start processing batch cda8f3c4-f4f0-40ae-8586-057e31205b6c into model nwt
I0619 16:24:54.997552 23871488 processor.cc:669] Processing queue has data, processing started
I0619 16:24:54.998414 25481216 processor.cc:842] Processor: complete processing batch cde3298e-97b7-41f7-a58d-038c26ec99b2 into model nwt
I0619 16:24:55.002310 25481216 cuckoo_watch.h:44] 41ms in ProcessBatch(/Users/miptgirl/Documents/coursera_ml_and_data_analysis_spec/structure_in_data/week_4/assignment_2/batches/aaaaad.batch) [including 3ms in LoadMessage; 2ms in InitializeSparseNdw; 30ms in InferThetaAndUpdateNwtSparse; ]
I0619 16:24:55.005136 23871488 processor.cc:746] Processor: start processing batch d9d556fc-53f0-4412-a960-7064efe6a29f into model nwt
I0619 16:24:55.009696 25481216 processor.cc:746] Processor: start processing batch a39646d9-c93c-4b46-9c31-62d6768a9e4d into model nwt
I0619 16:24:55.016770 24408064 processor.cc:842] Processor: complete processing batch cda8f3c4-f4f0-40ae-8586-057e31205b6c into model nwt
I0619 16:24:55.018965 24408064 cuckoo_watch.h:44] 38ms in ProcessBatch(/Users/miptgirl/Documents/coursera_ml_and_data_analysis_spec/structure_in_data/week_4/assignment_2/batches/aaaaae.batch) [including 4ms in LoadMessage; 1ms in InitializeSparseNdw; 26ms in InferThetaAndUpdateNwtSparse; ]
I0619 16:24:55.031044 24944640 processor.cc:842] Processor: complete processing batch 6609c86e-5b7a-44da-be30-772c4f79a3f2 into model nwt
I0619 16:24:55.034868 24944640 cuckoo_watch.h:44] 80ms in ProcessBatch(/Users/miptgirl/Documents/coursera_ml_and_data_analysis_spec/structure_in_data/week_4/assignment_2/batches/aaaaac.batch) [including 3ms in LoadMessage; 2ms in InitializeSparseNdw; 68ms in InferThetaAndUpdateNwtSparse; ]
I0619 16:24:55.035472 24408064 processor.cc:746] Processor: start processing batch d1fc1de5-37c2-4987-b827-0d3a835f4da7 into model nwt
I0619 16:24:55.040943 24944640 processor.cc:746] Processor: start processing batch 655cd2ca-a884-4971-8f82-ba284303a518 into model nwt
I0619 16:24:55.047297 23871488 processor.cc:842] Processor: complete processing batch d9d556fc-53f0-4412-a960-7064efe6a29f into model nwt
I0619 16:24:55.049477 23871488 cuckoo_watch.h:44] 51ms in ProcessBatch(/Users/miptgirl/Documents/coursera_ml_and_data_analysis_spec/structure_in_data/week_4/assignment_2/batches/aaaaaf.batch) [including 5ms in LoadMessage; 1ms in InitializeSparseNdw; 40ms in InferThetaAndUpdateNwtSparse; ]
I0619 16:24:55.067782 23871488 processor.cc:746] Processor: start processing batch a36830c6-b335-4acf-9c93-d53ca2ddea20 into model nwt
I0619 16:24:55.076781 24408064 processor.cc:842] Processor: complete processing batch d1fc1de5-37c2-4987-b827-0d3a835f4da7 into model nwt
I0619 16:24:55.079596 24408064 cuckoo_watch.h:44] 60ms in ProcessBatch(/Users/miptgirl/Documents/coursera_ml_and_data_analysis_spec/structure_in_data/week_4/assignment_2/batches/aaaaah.batch) [including 14ms in LoadMessage; 4ms in InitializeSparseNdw; 36ms in InferThetaAndUpdateNwtSparse; ]
I0619 16:24:55.080672 24944640 processor.cc:842] Processor: complete processing batch 655cd2ca-a884-4971-8f82-ba284303a518 into model nwt
I0619 16:24:55.082684 24944640 cuckoo_watch.h:44] 47ms in ProcessBatch(/Users/miptgirl/Documents/coursera_ml_and_data_analysis_spec/structure_in_data/week_4/assignment_2/batches/aaaaai.batch) [including 3ms in LoadMessage; 1ms in InitializeSparseNdw; 38ms in InferThetaAndUpdateNwtSparse; ]
I0619 16:24:55.091344 25481216 processor.cc:842] Processor: complete processing batch a39646d9-c93c-4b46-9c31-62d6768a9e4d into model nwt
I0619 16:24:55.093940 25481216 cuckoo_watch.h:44] 91ms in ProcessBatch(/Users/miptgirl/Documents/coursera_ml_and_data_analysis_spec/structure_in_data/week_4/assignment_2/batches/aaaaag.batch) [including 5ms in LoadMessage; 2ms in InitializeSparseNdw; 79ms in InferThetaAndUpdateNwtSparse; ]
I0619 16:24:55.101012 24408064 processor.cc:746] Processor: start processing batch 056d7f10-6699-407e-b143-2d8211909c87 into model nwt
I0619 16:24:55.101107 24944640 processor.cc:746] Processor: start processing batch eae3841a-2012-4922-a99c-d274e87a3c31 into model nwt
