I0619 16:23:11.202945 24408064 cuckoo_watch.h:44] 135ms in ProcessBatch(/Users/miptgirl/Documents/coursera_ml_and_data_analysis_spec/structure_in_data/week_4/assignment_2/batches/aaaaan.batch) [including 11ms in LoadMessage; 9ms in InitializeSparseNdw; 108ms in InferThetaAndUpdateNwtSparse; ]
I0619 16:23:11.205713 24408064 processor.cc:746] Processor: start processing batch 93a9d88e-2cbc-49dc-b97e-537453b84f83 into model nwt
I0619 16:23:11.208824 24408064 processor.cc:842] Processor: complete processing batch 93a9d88e-2cbc-49dc-b97e-537453b84f83 into model nwt
I0619 16:23:11.209297 24408064 cuckoo_watch.h:44] 6ms in ProcessBatch(/Users/miptgirl/Documents/coursera_ml_and_data_analysis_spec/structure_in_data/week_4/assignment_2/batches/aaaaar.batch) [including 0ms in LoadMessage; 0ms in InitializeSparseNdw; 2ms in InferThetaAndUpdateNwtSparse; ]
I0619 16:23:11.213996 25481216 processor.cc:842] Processor: complete processing batch dce5dfc4-4eec-47a3-95df-018d14e231ca into model nwt
I0619 16:23:11.215818 25481216 cuckoo_watch.h:44] 24ms in ProcessBatch(/Users/miptgirl/Documents/coursera_ml_and_data_analysis_spec/structure_in_data/week_4/assignment_2/batches/aaaaaq.batch) [including 2ms in LoadMessage; 0ms in InitializeSparseNdw; 17ms in InferThetaAndUpdateNwtSparse; ]
I0619 16:23:11.233340 24408064 processor.cc:662] No data in processing queue, waiting...
I0619 16:23:11.239620 25481216 processor.cc:662] No data in processing queue, waiting...
I0619 16:23:11.257088 24944640 processor.cc:842] Processor: complete processing batch 6506593e-9a4d-4363-a9c5-963b646701a6 into model nwt
I0619 16:23:11.258797 24944640 cuckoo_watch.h:44] 88ms in ProcessBatch(/Users/miptgirl/Documents/coursera_ml_and_data_analysis_spec/structure_in_data/week_4/assignment_2/batches/aaaaao.batch) [including 7ms in LoadMessage; 5ms in InitializeSparseNdw; 72ms in InferThetaAndUpdateNwtSparse; ]
I0619 16:23:11.271225 23871488 processor.cc:842] Processor: complete processing batch 0953e9d8-2c49-4d23-8ad6-76ada02f53df into model nwt
I0619 16:23:11.273129 23871488 cuckoo_watch.h:44] 87ms in ProcessBatch(/Users/miptgirl/Documents/coursera_ml_and_data_analysis_spec/structure_in_data/week_4/assignment_2/batches/aaaaap.batch) [including 9ms in LoadMessage; 4ms in InitializeSparseNdw; 68ms in InferThetaAndUpdateNwtSparse; ]
I0619 16:23:11.273177 2021564416 master_component.cc:979] RegularizeModelArgs: rwt_target_name=rwt, pwt_source_name=pwt, nwt_source_name=nwt
I0619 16:23:11.273195 2021564416 master_component.cc:590] MasterComponent: start regularizing model pwt
I0619 16:23:11.282860 24944640 processor.cc:662] No data in processing queue, waiting...
I0619 16:23:11.296628 23871488 processor.cc:662] No data in processing queue, waiting...
I0619 16:23:11.337281 2021564416 master_component.cc:613] MasterComponent: complete regularizing model pwt
I0619 16:23:11.337299 2021564416 master_component.cc:990] NormalizeModelArgs: pwt_target_name=pwt, nwt_source_name=nwt, rwt_source_name=rwt
I0619 16:23:11.337306 2021564416 master_component.cc:617] MasterComponent: start normalizing model nwt
I0619 16:23:11.385815 2021564416 master_component.cc:639] MasterComponent: complete normalizing model nwt
I0619 16:23:11.521087 2021564416 master_component.cc:1014] DisposeModel rwt
I0619 16:23:11.536757 2021564416 c_interface.cc:332] Pass FitOfflineMasterModelArgs, batch_filename_size=18, batch_weight_size=18, num_collection_passes=1 to MN4artm4core15MasterComponentEFvRKNS_25FitOfflineMasterModelArgsEE
I0619 16:23:11.536777 2021564416 master_component.cc:941] ProcessBatchesArgs: nwt_target_name=nwt, batch_filename_size=18, batch_size=0, batch_weight_size=18, pwt_source_name=pwt, num_document_passes=10, regularizer=(name:SparsePhi, tau:100000), class=(text:1), class=(author:1), reuse_theta=no, opt_for_avx=yes, predict_class_id=
I0619 16:23:11.572681 25481216 processor.cc:669] Processing queue has data, processing started
I0619 16:23:11.575001 25481216 processor.cc:746] Processor: start processing batch 1cd78366-ae12-49a7-b5fd-fae264452ea8 into model nwt
I0619 16:23:11.577656 24408064 processor.cc:669] Processing queue has data, processing started
I0619 16:23:11.582279 24408064 processor.cc:746] Processor: start processing batch 394dc37e-10b6-434d-8467-b3dad6853fa3 into model nwt
I0619 16:23:11.583364 25481216 processor.cc:842] Processor: complete processing batch 1cd78366-ae12-49a7-b5fd-fae264452ea8 into model nwt
I0619 16:23:11.583952 25481216 cuckoo_watch.h:44] 11ms in ProcessBatch(/Users/miptgirl/Documents/coursera_ml_and_data_analysis_spec/structure_in_data/week_4/assignment_2/batches/aaaaaa.batch) [including 1ms in LoadMessage; 0ms in InitializeSparseNdw; 8ms in InferThetaAndUpdateNwtSparse; ]
I0619 16:23:11.584381 23871488 processor.cc:669] Processing queue has data, processing started
I0619 16:23:11.588747 23871488 processor.cc:746] Processor: start processing batch 4cbc454a-044f-4cdf-b62c-83458ebf13d2 into model nwt
I0619 16:23:11.596549 25481216 processor.cc:746] Processor: start processing batch da20398c-46ea-4b50-b0c4-68a17453d46e into model nwt
I0619 16:23:11.601847 24944640 processor.cc:669] Processing queue has data, processing started
I0619 16:23:11.603500 24408064 processor.cc:842] Processor: complete processing batch 394dc37e-10b6-434d-8467-b3dad6853fa3 into model nwt
I0619 16:23:11.605195 24408064 cuckoo_watch.h:44] 27ms in ProcessBatch(/Users/miptgirl/Documents/coursera_ml_and_data_analysis_spec/structure_in_data/week_4/assignment_2/batches/aaaaab.batch) [including 2ms in LoadMessage; 1ms in InitializeSparseNdw; 20ms in InferThetaAndUpdateNwtSparse; ]
I0619 16:23:11.610682 24408064 processor.cc:746] Processor: start processing batch 4a8fd446-52e4-4c21-8632-7a64b8f3c020 into model nwt
I0619 16:23:11.616993 24944640 processor.cc:746] Processor: start processing batch 36085085-ee7d-4cb1-a375-e5f504b2de65 into model nwt
I0619 16:23:11.622697 25481216 processor.cc:842] Processor: complete processing batch da20398c-46ea-4b50-b0c4-68a17453d46e into model nwt
I0619 16:23:11.624856 25481216 cuckoo_watch.h:44] 33ms in ProcessBatch(/Users/miptgirl/Documents/coursera_ml_and_data_analysis_spec/structure_in_data/week_4/assignment_2/batches/aaaaad.batch) [including 3ms in LoadMessage; 1ms in InitializeSparseNdw; 24ms in InferThetaAndUpdateNwtSparse; ]
I0619 16:23:11.632490 25481216 processor.cc:746] Processor: start processing batch 6514fe3d-3d69-489c-8d1d-ad4048f78705 into model nwt
I0619 16:23:11.640444 24408064 processor.cc:842] Processor: complete processing batch 4a8fd446-52e4-4c21-8632-7a64b8f3c020 into model nwt
I0619 16:23:11.642545 24408064 cuckoo_watch.h:44] 37ms in ProcessBatch(/Users/miptgirl/Documents/coursera_ml_and_data_analysis_spec/structure_in_data/week_4/assignment_2/batches/aaaaaf.batch) [including 3ms in LoadMessage; 1ms in InitializeSparseNdw; 28ms in InferThetaAndUpdateNwtSparse; ]
I0619 16:23:11.644737 24944640 processor.cc:842] Processor: complete processing batch 36085085-ee7d-4cb1-a375-e5f504b2de65 into model nwt
I0619 16:23:11.646842 24944640 cuckoo_watch.h:44] 44ms in ProcessBatch(/Users/miptgirl/Documents/coursera_ml_and_data_analysis_spec/structure_in_data/week_4/assignment_2/batches/aaaaae.batch) [including 12ms in LoadMessage; 1ms in InitializeSparseNdw; 26ms in InferThetaAndUpdateNwtSparse; ]
I0619 16:23:11.648315 24408064 processor.cc:746] Processor: start processing batch 07595a5a-60fe-4bcd-b9d7-cf988de90457 into model nwt
I0619 16:23:11.653818 23871488 processor.cc:842] Processor: complete processing batch 4cbc454a-044f-4cdf-b62c-83458ebf13d2 into model nwt
I0619 16:23:11.655786 23871488 cuckoo_watch.h:44] 71ms in ProcessBatch(/Users/miptgirl/Documents/coursera_ml_and_data_analysis_spec/structure_in_data/week_4/assignment_2/batches/aaaaac.batch) [including 2ms in LoadMessage; 1ms in InitializeSparseNdw; 63ms in InferThetaAndUpdateNwtSparse; ]
I0619 16:23:11.663606 24944640 processor.cc:746] Processor: start processing batch 2a47a0fc-40f7-4a3d-99fe-e1a8f30bd587 into model nwt
I0619 16:23:11.669613 23871488 processor.cc:746] Processor: start processing batch b36cae0e-7b30-4f38-a49a-e3bbe4c196a7 into model nwt
I0619 16:23:11.677646 25481216 processor.cc:842] Processor: complete processing batch 6514fe3d-3d69-489c-8d1d-ad4048f78705 into model nwt
I0619 16:23:11.680258 25481216 cuckoo_watch.h:44] 55ms in ProcessBatch(/Users/miptgirl/Documents/coursera_ml_and_data_analysis_spec/structure_in_data/week_4/assignment_2/batches/aaaaag.batch) [including 5ms in LoadMessage; 2ms in InitializeSparseNdw; 42ms in InferThetaAndUpdateNwtSparse; ]
I0619 16:23:11.683435 24408064 processor.cc:842] Processor: complete processing batch 07595a5a-60fe-4bcd-b9d7-cf988de90457 into model nwt
I0619 16:23:11.685045 24408064 cuckoo_watch.h:44] 42ms in ProcessBatch(/Users/miptgirl/Documents/coursera_ml_and_data_analysis_spec/structure_in_data/week_4/assignment_2/batches/aaaaah.batch) [including 3ms in LoadMessage; 1ms in InitializeSparseNdw; 33ms in InferThetaAndUpdateNwtSparse; ]
I0619 16:23:11.692952 25481216 processor.cc:746] Processor: start processing batch 1a859b33-dfa1-4e90-b71f-0f03e6a30104 into model nwt
I0619 16:23:11.697618 24408064 processor.cc:746] Processor: start processing batch b81f3d84-10f1-417f-8912-c9b2ac9537f1 into model nwt
I0619 16:23:11.721998 24944640 processor.cc:842] Processor: complete processing batch 2a47a0fc-40f7-4a3d-99fe-e1a8f30bd587 into model nwt
I0619 16:23:11.724086 24944640 cuckoo_watch.h:44] 77ms in ProcessBatch(/Users/miptgirl/Documents/coursera_ml_and_data_analysis_spec/structure_in_data/week_4/assignment_2/batches/aaaaai.batch) [including 3ms in LoadMessage; 1ms in InitializeSparseNdw; 56ms in InferThetaAndUpdateNwtSparse; ]
I0619 16:23:11.739182 24944640 processor.cc:746] Processor: start processing batch 6c011171-428f-4ed6-8b72-1f919f7ec466 into model nwt
I0619 16:23:11.764897 23871488 processor.cc:842] Processor: complete processing batch b36cae0e-7b30-4f38-a49a-e3bbe4c196a7 into model nwt
I0619 16:23:11.767954 23871488 cuckoo_watch.h:44] 109ms in ProcessBatch(/Users/miptgirl/Documents/coursera_ml_and_data_analysis_spec/structure_in_data/week_4/assignment_2/batches/aaaaaj.batch) [including 9ms in LoadMessage; 29ms in InitializeSparseNdw; 65ms in InferThetaAndUpdateNwtSparse; ]
I0619 16:23:11.778839 23871488 processor.cc:746] Processor: start processing batch ea084671-51d3-40b2-acf7-765b029db15a into model nwt
I0619 16:23:11.820214 25481216 processor.cc:842] Processor: complete processing batch 1a859b33-dfa1-4e90-b71f-0f03e6a30104 into model nwt
I0619 16:23:11.823060 24408064 processor.cc:842] Processor: complete processing batch b81f3d84-10f1-417f-8912-c9b2ac9537f1 into model nwt
I0619 16:23:11.824678 25481216 cuckoo_watch.h:44] 144ms in ProcessBatch(/Users/miptgirl/Documents/coursera_ml_and_data_analysis_spec/structure_in_data/week_4/assignment_2/batches/aaaaak.batch) [including 10ms in LoadMessage; 7ms in InitializeSparseNdw; 119ms in InferThetaAndUpdateNwtSparse; ]
I0619 16:23:11.827214 24408064 cuckoo_watch.h:44] 142ms in ProcessBatch(/Users/miptgirl/Documents/coursera_ml_and_data_analysis_spec/structure_in_data/week_4/assignment_2/batches/aaaaal.batch) [including 9ms in LoadMessage; 7ms in InitializeSparseNdw; 118ms in InferThetaAndUpdateNwtSparse; ]
I0619 16:23:11.835263 24408064 processor.cc:746] Processor: start processing batch 0953e9d8-2c49-4d23-8ad6-76ada02f53df into model nwt
I0619 16:23:11.837682 25481216 processor.cc:746] Processor: start processing batch 6506593e-9a4d-4363-a9c5-963b646701a6 into model nwt
I0619 16:23:11.883785 24944640 processor.cc:842] Processor: complete processing batch 6c011171-428f-4ed6-8b72-1f919f7ec466 into model nwt
I0619 16:23:11.889045 24944640 cuckoo_watch.h:44] 164ms in ProcessBatch(/Users/miptgirl/Documents/coursera_ml_and_data_analysis_spec/structure_in_data/week_4/assignment_2/batches/aaaaam.batch) [including 13ms in LoadMessage; 8ms in InitializeSparseNdw; 135ms in InferThetaAndUpdateNwtSparse; ]
I0619 16:23:11.893471 24944640 processor.cc:746] Processor: start processing batch dce5dfc4-4eec-47a3-95df-018d14e231ca into model nwt
I0619 16:23:11.895289 23871488 processor.cc:842] Processor: complete processing batch ea084671-51d3-40b2-acf7-765b029db15a into model nwt
I0619 16:23:11.900738 23871488 cuckoo_watch.h:44] 132ms in ProcessBatch(/Users/miptgirl/Documents/coursera_ml_and_data_analysis_spec/structure_in_data/week_4/assignment_2/batches/aaaaan.batch) [including 8ms in LoadMessage; 6ms in InitializeSparseNdw; 109ms in InferThetaAndUpdateNwtSparse; ]
I0619 16:23:11.903638 23871488 processor.cc:746] Processor: start processing batch 93a9d88e-2cbc-49dc-b97e-537453b84f83 into model nwt
I0619 16:23:11.906980 23871488 processor.cc:842] Processor: complete processing batch 93a9d88e-2cbc-49dc-b97e-537453b84f83 into model nwt
I0619 16:23:11.907424 23871488 cuckoo_watch.h:44] 6ms in ProcessBatch(/Users/miptgirl/Documents/coursera_ml_and_data_analysis_spec/structure_in_data/week_4/assignment_2/batches/aaaaar.batch) [including 0ms in LoadMessage; 0ms in InitializeSparseNdw; 3ms in InferThetaAndUpdateNwtSparse; ]
I0619 16:23:11.911814 24944640 processor.cc:842] Processor: complete processing batch dce5dfc4-4eec-47a3-95df-018d14e231ca into model nwt
I0619 16:23:11.912508 24944640 cuckoo_watch.h:44] 23ms in ProcessBatch(/Users/miptgirl/Documents/coursera_ml_and_data_analysis_spec/structure_in_data/week_4/assignment_2/batches/aaaaaq.batch) [including 2ms in LoadMessage; 0ms in InitializeSparseNdw; 17ms in InferThetaAndUpdateNwtSparse; ]
I0619 16:23:11.923008 24408064 processor.cc:842] Processor: complete processing batch 0953e9d8-2c49-4d23-8ad6-76ada02f53df into model nwt
I0619 16:23:11.924687 24408064 cuckoo_watch.h:44] 97ms in ProcessBatch(/Users/miptgirl/Documents/coursera_ml_and_data_analysis_spec/structure_in_data/week_4/assignment_2/batches/aaaaap.batch) [including 5ms in LoadMessage; 9ms in InitializeSparseNdw; 78ms in InferThetaAndUpdateNwtSparse; ]
I0619 16:23:11.927696 25481216 processor.cc:842] Processor: complete processing batch 6506593e-9a4d-4363-a9c5-963b646701a6 into model nwt
I0619 16:23:11.929445 25481216 cuckoo_watch.h:44] 104ms in ProcessBatch(/Users/miptgirl/Documents/coursera_ml_and_data_analysis_spec/structure_in_data/week_4/assignment_2/batches/aaaaao.batch) [including 11ms in LoadMessage; 4ms in InitializeSparseNdw; 85ms in InferThetaAndUpdateNwtSparse; ]
I0619 16:23:11.929808 2021564416 master_component.cc:979] RegularizeModelArgs: rwt_target_name=rwt, pwt_source_name=pwt, nwt_source_name=nwt
I0619 16:23:11.929908 2021564416 master_component.cc:590] MasterComponent: start regularizing model pwt
I0619 16:23:11.931054 23871488 processor.cc:662] No data in processing queue, waiting...
I0619 16:23:11.936452 24944640 processor.cc:662] No data in processing queue, waiting...
I0619 16:23:11.948725 24408064 processor.cc:662] No data in processing queue, waiting...
I0619 16:23:11.953066 25481216 processor.cc:662] No data in processing queue, waiting...
I0619 16:23:11.995139 2021564416 master_component.cc:613] MasterComponent: complete regularizing model pwt
I0619 16:23:11.995158 2021564416 master_component.cc:990] NormalizeModelArgs: pwt_target_name=pwt, nwt_source_name=nwt, rwt_source_name=rwt
I0619 16:23:11.995165 2021564416 master_component.cc:617] MasterComponent: start normalizing model nwt
I0619 16:23:12.044627 2021564416 master_component.cc:639] MasterComponent: complete normalizing model nwt
I0619 16:23:12.193164 2021564416 master_component.cc:1014] DisposeModel rwt
I0619 16:23:12.209189 2021564416 c_interface.cc:332] Pass FitOfflineMasterModelArgs, batch_filename_size=18, batch_weight_size=18, num_collection_passes=1 to MN4artm4core15MasterComponentEFvRKNS_25FitOfflineMasterModelArgsEE
I0619 16:23:12.209211 2021564416 master_component.cc:941] ProcessBatchesArgs: nwt_target_name=nwt, batch_filename_size=18, batch_size=0, batch_weight_size=18, pwt_source_name=pwt, num_document_passes=10, regularizer=(name:SparsePhi, tau:100000), class=(text:1), class=(author:1), reuse_theta=no, opt_for_avx=yes, predict_class_id=
I0619 16:23:12.244933 25481216 processor.cc:669] Processing queue has data, processing started
I0619 16:23:12.247217 25481216 processor.cc:746] Processor: start processing batch 1cd78366-ae12-49a7-b5fd-fae264452ea8 into model nwt
I0619 16:23:12.253005 24408064 processor.cc:669] Processing queue has data, processing started
I0619 16:23:12.255847 23871488 processor.cc:669] Processing queue has data, processing started
I0619 16:23:12.257212 24408064 processor.cc:746] Processor: start processing batch 394dc37e-10b6-434d-8467-b3dad6853fa3 into model nwt
I0619 16:23:12.257467 25481216 processor.cc:842] Processor: complete processing batch 1cd78366-ae12-49a7-b5fd-fae264452ea8 into model nwt
I0619 16:23:12.258517 25481216 cuckoo_watch.h:44] 13ms in ProcessBatch(/Users/miptgirl/Documents/coursera_ml_and_data_analysis_spec/structure_in_data/week_4/assignment_2/batches/aaaaaa.batch) [including 1ms in LoadMessage; 0ms in InitializeSparseNdw; 9ms in InferThetaAndUpdateNwtSparse; ]
I0619 16:23:12.259939 23871488 processor.cc:746] Processor: start processing batch 4cbc454a-044f-4cdf-b62c-83458ebf13d2 into model nwt
I0619 16:23:12.268764 25481216 processor.cc:746] Processor: start processing batch da20398c-46ea-4b50-b0c4-68a17453d46e into model nwt
I0619 16:23:12.283551 23871488 processor.cc:842] Processor: complete processing batch 4cbc454a-044f-4cdf-b62c-83458ebf13d2 into model nwt
I0619 16:23:12.286144 24944640 processor.cc:669] Processing queue has data, processing started
I0619 16:23:12.287044 23871488 cuckoo_watch.h:44] 31ms in ProcessBatch(/Users/miptgirl/Documents/coursera_ml_and_data_analysis_spec/structure_in_data/week_4/assignment_2/batches/aaaaac.batch) [including 2ms in LoadMessage; 0ms in InitializeSparseNdw; 22ms in InferThetaAndUpdateNwtSparse; ]
I0619 16:23:12.292698 24408064 processor.cc:842] Processor: complete processing batch 394dc37e-10b6-434d-8467-b3dad6853fa3 into model nwt
I0619 16:23:12.293517 23871488 processor.cc:746] Processor: start processing batch 4a8fd446-52e4-4c21-8632-7a64b8f3c020 into model nwt
I0619 16:23:12.293858 24944640 processor.cc:746] Processor: start processing batch 36085085-ee7d-4cb1-a375-e5f504b2de65 into model nwt
I0619 16:23:12.294731 24408064 cuckoo_watch.h:44] 41ms in ProcessBatch(/Users/miptgirl/Documents/coursera_ml_and_data_analysis_spec/structure_in_data/week_4/assignment_2/batches/aaaaab.batch) [including 2ms in LoadMessage; 1ms in InitializeSparseNdw; 34ms in InferThetaAndUpdateNwtSparse; ]
I0619 16:23:12.299849 25481216 processor.cc:842] Processor: complete processing batch da20398c-46ea-4b50-b0c4-68a17453d46e into model nwt
I0619 16:23:12.301328 24408064 processor.cc:746] Processor: start processing batch 6514fe3d-3d69-489c-8d1d-ad4048f78705 into model nwt
I0619 16:23:12.301659 25481216 cuckoo_watch.h:44] 37ms in ProcessBatch(/Users/miptgirl/Documents/coursera_ml_and_data_analysis_spec/structure_in_data/week_4/assignment_2/batches/aaaaad.batch) [including 3ms in LoadMessage; 1ms in InitializeSparseNdw; 29ms in InferThetaAndUpdateNwtSparse; ]
I0619 16:23:12.318492 25481216 processor.cc:746] Processor: start processing batch 07595a5a-60fe-4bcd-b9d7-cf988de90457 into model nwt
I0619 16:23:12.322011 24944640 processor.cc:842] Processor: complete processing batch 36085085-ee7d-4cb1-a375-e5f504b2de65 into model nwt
I0619 16:23:12.322685 23871488 processor.cc:842] Processor: complete processing batch 4a8fd446-52e4-4c21-8632-7a64b8f3c020 into model nwt
I0619 16:23:12.324193 24944640 cuckoo_watch.h:44] 38ms in ProcessBatch(/Users/miptgirl/Documents/coursera_ml_and_data_analysis_spec/structure_in_data/week_4/assignment_2/batches/aaaaae.batch) [including 5ms in LoadMessage; 1ms in InitializeSparseNdw; 26ms in InferThetaAndUpdateNwtSparse; ]
I0619 16:23:12.326103 23871488 cuckoo_watch.h:44] 38ms in ProcessBatch(/Users/miptgirl/Documents/coursera_ml_and_data_analysis_spec/structure_in_data/week_4/assignment_2/batches/aaaaaf.batch) [including 4ms in LoadMessage; 1ms in InitializeSparseNdw; 27ms in InferThetaAndUpdateNwtSparse; ]
I0619 16:23:12.334321 23871488 processor.cc:746] Processor: start processing batch 2a47a0fc-40f7-4a3d-99fe-e1a8f30bd587 into model nwt
I0619 16:23:12.342828 24408064 processor.cc:842] Processor: complete processing batch 6514fe3d-3d69-489c-8d1d-ad4048f78705 into model nwt
I0619 16:23:12.345474 24408064 cuckoo_watch.h:44] 50ms in ProcessBatch(/Users/miptgirl/Documents/coursera_ml_and_data_analysis_spec/structure_in_data/week_4/assignment_2/batches/aaaaag.batch) [including 4ms in LoadMessage; 2ms in InitializeSparseNdw; 39ms in InferThetaAndUpdateNwtSparse; ]
I0619 16:23:12.350838 24944640 processor.cc:746] Processor: start processing batch b36cae0e-7b30-4f38-a49a-e3bbe4c196a7 into model nwt
I0619 16:23:12.356478 25481216 processor.cc:842] Processor: complete processing batch 07595a5a-60fe-4bcd-b9d7-cf988de90457 into model nwt
I0619 16:23:12.364830 25481216 cuckoo_watch.h:44] 52ms in ProcessBatch(/Users/miptgirl/Documents/coursera_ml_and_data_analysis_spec/structure_in_data/week_4/assignment_2/batches/aaaaah.batch) [including 4ms in LoadMessage; 1ms in InitializeSparseNdw; 36ms in InferThetaAndUpdateNwtSparse; ]
I0619 16:23:12.366858 23871488 processor.cc:842] Processor: complete processing batch 2a47a0fc-40f7-4a3d-99fe-e1a8f30bd587 into model nwt
I0619 16:23:12.367563 24408064 processor.cc:746] Processor: start processing batch 1a859b33-dfa1-4e90-b71f-0f03e6a30104 into model nwt
I0619 16:23:12.369145 23871488 cuckoo_watch.h:44] 40ms in ProcessBatch(/Users/miptgirl/Documents/coursera_ml_and_data_analysis_spec/structure_in_data/week_4/assignment_2/batches/aaaaai.batch) [including 3ms in LoadMessage; 1ms in InitializeSparseNdw; 31ms in InferThetaAndUpdateNwtSparse; ]
I0619 16:23:12.379523 25481216 processor.cc:746] Processor: start processing batch b81f3d84-10f1-417f-8912-c9b2ac9537f1 into model nwt
I0619 16:23:12.392287 23871488 processor.cc:746] Processor: start processing batch 6c011171-428f-4ed6-8b72-1f919f7ec466 into model nwt
I0619 16:23:12.432344 24944640 processor.cc:842] Processor: complete processing batch b36cae0e-7b30-4f38-a49a-e3bbe4c196a7 into model nwt
I0619 16:23:12.435454 24944640 cuckoo_watch.h:44] 93ms in ProcessBatch(/Users/miptgirl/Documents/coursera_ml_and_data_analysis_spec/structure_in_data/week_4/assignment_2/batches/aaaaaj.batch) [including 6ms in LoadMessage; 4ms in InitializeSparseNdw; 77ms in InferThetaAndUpdateNwtSparse; ]
I0619 16:23:12.451402 24944640 processor.cc:746] Processor: start processing batch ea084671-51d3-40b2-acf7-765b029db15a into model nwt
I0619 16:23:12.517705 24408064 processor.cc:842] Processor: complete processing batch 1a859b33-dfa1-4e90-b71f-0f03e6a30104 into model nwt
I0619 16:23:12.522342 24408064 cuckoo_watch.h:44] 167ms in ProcessBatch(/Users/miptgirl/Documents/coursera_ml_and_data_analysis_spec/structure_in_data/week_4/assignment_2/batches/aaaaak.batch) [including 10ms in LoadMessage; 6ms in InitializeSparseNdw; 143ms in InferThetaAndUpdateNwtSparse; ]
I0619 16:23:12.526324 25481216 processor.cc:842] Processor: complete processing batch b81f3d84-10f1-417f-8912-c9b2ac9537f1 into model nwt
I0619 16:23:12.531607 25481216 cuckoo_watch.h:44] 164ms in ProcessBatch(/Users/miptgirl/Documents/coursera_ml_and_data_analysis_spec/structure_in_data/week_4/assignment_2/batches/aaaaal.batch) [including 10ms in LoadMessage; 8ms in InitializeSparseNdw; 137ms in InferThetaAndUpdateNwtSparse; ]
I0619 16:23:12.535693 23871488 processor.cc:842] Processor: complete processing batch 6c011171-428f-4ed6-8b72-1f919f7ec466 into model nwt
I0619 16:23:12.536795 24408064 processor.cc:746] Processor: start processing batch 6506593e-9a4d-4363-a9c5-963b646701a6 into model nwt
I0619 16:23:12.540704 23871488 cuckoo_watch.h:44] 160ms in ProcessBatch(/Users/miptgirl/Documents/coursera_ml_and_data_analysis_spec/structure_in_data/week_4/assignment_2/batches/aaaaam.batch) [including 10ms in LoadMessage; 10ms in InitializeSparseNdw; 132ms in InferThetaAndUpdateNwtSparse; ]
I0619 16:23:12.541427 25481216 processor.cc:746] Processor: start processing batch 0953e9d8-2c49-4d23-8ad6-76ada02f53df into model nwt
I0619 16:23:12.545378 23871488 processor.cc:746] Processor: start processing batch dce5dfc4-4eec-47a3-95df-018d14e231ca into model nwt
I0619 16:23:12.564546 23871488 processor.cc:842] Processor: complete processing batch dce5dfc4-4eec-47a3-95df-018d14e231ca into model nwt
I0619 16:23:12.566050 23871488 cuckoo_watch.h:44] 25ms in ProcessBatch(/Users/miptgirl/Documents/coursera_ml_and_data_analysis_spec/structure_in_data/week_4/assignment_2/batches/aaaaaq.batch) [including 2ms in LoadMessage; 0ms in InitializeSparseNdw; 18ms in InferThetaAndUpdateNwtSparse; ]
I0619 16:23:12.566484 24944640 processor.cc:842] Processor: complete processing batch ea084671-51d3-40b2-acf7-765b029db15a into model nwt
I0619 16:23:12.569090 23871488 processor.cc:746] Processor: start processing batch 93a9d88e-2cbc-49dc-b97e-537453b84f83 into model nwt
I0619 16:23:12.572324 24944640 cuckoo_watch.h:44] 136ms in ProcessBatch(/Users/miptgirl/Documents/coursera_ml_and_data_analysis_spec/structure_in_data/week_4/assignment_2/batches/aaaaan.batch) [including 13ms in LoadMessage; 7ms in InitializeSparseNdw; 107ms in InferThetaAndUpdateNwtSparse; ]
I0619 16:23:12.572377 23871488 processor.cc:842] Processor: complete processing batch 93a9d88e-2cbc-49dc-b97e-537453b84f83 into model nwt
I0619 16:23:12.572835 23871488 cuckoo_watch.h:44] 6ms in ProcessBatch(/Users/miptgirl/Documents/coursera_ml_and_data_analysis_spec/structure_in_data/week_4/assignment_2/batches/aaaaar.batch) [including 0ms in LoadMessage; 0ms in InitializeSparseNdw; 3ms in InferThetaAndUpdateNwtSparse; ]
I0619 16:23:12.596199 24944640 processor.cc:662] No data in processing queue, waiting...
I0619 16:23:12.597460 23871488 processor.cc:662] No data in processing queue, waiting...
I0619 16:23:12.611040 25481216 processor.cc:842] Processor: complete processing batch 0953e9d8-2c49-4d23-8ad6-76ada02f53df into model nwt
I0619 16:23:12.612874 25481216 cuckoo_watch.h:44] 81ms in ProcessBatch(/Users/miptgirl/Documents/coursera_ml_and_data_analysis_spec/structure_in_data/week_4/assignment_2/batches/aaaaap.batch) [including 7ms in LoadMessage; 4ms in InitializeSparseNdw; 65ms in InferThetaAndUpdateNwtSparse; ]
I0619 16:23:12.616035 24408064 processor.cc:842] Processor: complete processing batch 6506593e-9a4d-4363-a9c5-963b646701a6 into model nwt
I0619 16:23:12.617877 24408064 cuckoo_watch.h:44] 95ms in ProcessBatch(/Users/miptgirl/Documents/coursera_ml_and_data_analysis_spec/structure_in_data/week_4/assignment_2/batches/aaaaao.batch) [including 12ms in LoadMessage; 5ms in InitializeSparseNdw; 73ms in InferThetaAndUpdateNwtSparse; ]
I0619 16:23:12.618610 2021564416 master_component.cc:979] RegularizeModelArgs: rwt_target_name=rwt, pwt_source_name=pwt, nwt_source_name=nwt
I0619 16:23:12.618685 2021564416 master_component.cc:590] MasterComponent: start regularizing model pwt
I0619 16:23:12.637140 25481216 processor.cc:662] No data in processing queue, waiting...
I0619 16:23:12.642021 24408064 processor.cc:662] No data in processing queue, waiting...
I0619 16:23:12.683522 2021564416 master_component.cc:613] MasterComponent: complete regularizing model pwt
I0619 16:23:12.683542 2021564416 master_component.cc:990] NormalizeModelArgs: pwt_target_name=pwt, nwt_source_name=nwt, rwt_source_name=rwt
I0619 16:23:12.683549 2021564416 master_component.cc:617] MasterComponent: start normalizing model nwt
I0619 16:23:12.732031 2021564416 master_component.cc:639] MasterComponent: complete normalizing model nwt
I0619 16:23:12.865595 2021564416 master_component.cc:1014] DisposeModel rwt
I0619 16:23:12.879600 2021564416 c_interface.cc:332] Pass FitOfflineMasterModelArgs, batch_filename_size=18, batch_weight_size=18, num_collection_passes=1 to MN4artm4core15MasterComponentEFvRKNS_25FitOfflineMasterModelArgsEE
I0619 16:23:12.879693 2021564416 master_component.cc:941] ProcessBatchesArgs: nwt_target_name=nwt, batch_filename_size=18, batch_size=0, batch_weight_size=18, pwt_source_name=pwt, num_document_passes=10, regularizer=(name:SparsePhi, tau:100000), class=(text:1), class=(author:1), reuse_theta=no, opt_for_avx=yes, predict_class_id=
I0619 16:23:12.917196 24944640 processor.cc:669] Processing queue has data, processing started
I0619 16:23:12.919834 24944640 processor.cc:746] Processor: start processing batch 1cd78366-ae12-49a7-b5fd-fae264452ea8 into model nwt
I0619 16:23:12.927124 23871488 processor.cc:669] Processing queue has data, processing started
I0619 16:23:12.928270 24944640 processor.cc:842] Processor: complete processing batch 1cd78366-ae12-49a7-b5fd-fae264452ea8 into model nwt
I0619 16:23:12.929802 24944640 cuckoo_watch.h:44] 12ms in ProcessBatch(/Users/miptgirl/Documents/coursera_ml_and_data_analysis_spec/structure_in_data/week_4/assignment_2/batches/aaaaaa.batch) [including 1ms in LoadMessage; 0ms in InitializeSparseNdw; 7ms in InferThetaAndUpdateNwtSparse; ]
I0619 16:23:12.930953 23871488 processor.cc:746] Processor: start processing batch 394dc37e-10b6-434d-8467-b3dad6853fa3 into model nwt
I0619 16:23:12.934592 24944640 processor.cc:746] Processor: start processing batch 4cbc454a-044f-4cdf-b62c-83458ebf13d2 into model nwt
I0619 16:23:12.939860 24408064 processor.cc:669] Processing queue has data, processing started
I0619 16:23:12.943179 24408064 processor.cc:746] Processor: start processing batch da20398c-46ea-4b50-b0c4-68a17453d46e into model nwt
I0619 16:23:12.945086 25481216 processor.cc:669] Processing queue has data, processing started
I0619 16:23:12.950286 25481216 processor.cc:746] Processor: start processing batch 36085085-ee7d-4cb1-a375-e5f504b2de65 into model nwt
I0619 16:23:12.953066 23871488 processor.cc:842] Processor: complete processing batch 394dc37e-10b6-434d-8467-b3dad6853fa3 into model nwt
I0619 16:23:12.954915 23871488 cuckoo_watch.h:44] 27ms in ProcessBatch(/Users/miptgirl/Documents/coursera_ml_and_data_analysis_spec/structure_in_data/week_4/assignment_2/batches/aaaaab.batch) [including 2ms in LoadMessage; 0ms in InitializeSparseNdw; 21ms in InferThetaAndUpdateNwtSparse; ]
I0619 16:23:12.968215 24944640 processor.cc:842] Processor: complete processing batch 4cbc454a-044f-4cdf-b62c-83458ebf13d2 into model nwt
I0619 16:23:12.970485 24944640 cuckoo_watch.h:44] 40ms in ProcessBatch(/Users/miptgirl/Documents/coursera_ml_and_data_analysis_spec/structure_in_data/week_4/assignment_2/batches/aaaaac.batch) [including 2ms in LoadMessage; 1ms in InitializeSparseNdw; 32ms in InferThetaAndUpdateNwtSparse; ]
I0619 16:23:12.972311 23871488 processor.cc:746] Processor: start processing batch 4a8fd446-52e4-4c21-8632-7a64b8f3c020 into model nwt
I0619 16:23:12.973152 24408064 processor.cc:842] Processor: complete processing batch da20398c-46ea-4b50-b0c4-68a17453d46e into model nwt
I0619 16:23:12.974999 25481216 processor.cc:842] Processor: complete processing batch 36085085-ee7d-4cb1-a375-e5f504b2de65 into model nwt
I0619 16:23:12.975582 24408064 cuckoo_watch.h:44] 35ms in ProcessBatch(/Users/miptgirl/Documents/coursera_ml_and_data_analysis_spec/structure_in_data/week_4/assignment_2/batches/aaaaad.batch) [including 1ms in LoadMessage; 1ms in InitializeSparseNdw; 28ms in InferThetaAndUpdateNwtSparse; ]
I0619 16:23:12.976261 25481216 cuckoo_watch.h:44] 31ms in ProcessBatch(/Users/miptgirl/Documents/coursera_ml_and_data_analysis_spec/structure_in_data/week_4/assignment_2/batches/aaaaae.batch) [including 3ms in LoadMessage; 1ms in InitializeSparseNdw; 23ms in InferThetaAndUpdateNwtSparse; ]
I0619 16:23:12.985678 25481216 processor.cc:746] Processor: start processing batch 6514fe3d-3d69-489c-8d1d-ad4048f78705 into model nwt
I0619 16:23:12.994297 24408064 processor.cc:746] Processor: start processing batch 07595a5a-60fe-4bcd-b9d7-cf988de90457 into model nwt
I0619 16:23:12.999575 23871488 processor.cc:842] Processor: complete processing batch 4a8fd446-52e4-4c21-8632-7a64b8f3c020 into model nwt
I0619 16:23:13.001583 23871488 cuckoo_watch.h:44] 35ms in ProcessBatch(/Users/miptgirl/Documents/coursera_ml_and_data_analysis_spec/structure_in_data/week_4/assignment_2/batches/aaaaaf.batch) [including 3ms in LoadMessage; 1ms in InitializeSparseNdw; 25ms in InferThetaAndUpdateNwtSparse; ]
I0619 16:23:13.007467 23871488 processor.cc:746] Processor: start processing batch 2a47a0fc-40f7-4a3d-99fe-e1a8f30bd587 into model nwt
I0619 16:23:13.015496 24944640 processor.cc:746] Processor: start processing batch b36cae0e-7b30-4f38-a49a-e3bbe4c196a7 into model nwt
I0619 16:23:13.035431 25481216 processor.cc:842] Processor: complete processing batch 6514fe3d-3d69-489c-8d1d-ad4048f78705 into model nwt
I0619 16:23:13.037091 23871488 processor.cc:842] Processor: complete processing batch 2a47a0fc-40f7-4a3d-99fe-e1a8f30bd587 into model nwt
I0619 16:23:13.038424 24408064 processor.cc:842] Processor: complete processing batch 07595a5a-60fe-4bcd-b9d7-cf988de90457 into model nwt
I0619 16:23:13.039631 25481216 cuckoo_watch.h:44] 60ms in ProcessBatch(/Users/miptgirl/Documents/coursera_ml_and_data_analysis_spec/structure_in_data/week_4/assignment_2/batches/aaaaag.batch) [including 4ms in LoadMessage; 2ms in InitializeSparseNdw; 47ms in InferThetaAndUpdateNwtSparse; ]
I0619 16:23:13.040493 23871488 cuckoo_watch.h:44] 38ms in ProcessBatch(/Users/miptgirl/Documents/coursera_ml_and_data_analysis_spec/structure_in_data/week_4/assignment_2/batches/aaaaai.batch) [including 3ms in LoadMessage; 1ms in InitializeSparseNdw; 28ms in InferThetaAndUpdateNwtSparse; ]
I0619 16:23:13.050441 24408064 cuckoo_watch.h:44] 62ms in ProcessBatch(/Users/miptgirl/Documents/coursera_ml_and_data_analysis_spec/structure_in_data/week_4/assignment_2/batches/aaaaah.batch) [including 4ms in LoadMessage; 1ms in InitializeSparseNdw; 42ms in InferThetaAndUpdateNwtSparse; ]
I0619 16:23:13.052101 25481216 processor.cc:746] Processor: start processing batch 1a859b33-dfa1-4e90-b71f-0f03e6a30104 into model nwt
I0619 16:23:13.063705 24408064 processor.cc:746] Processor: start processing batch b81f3d84-10f1-417f-8912-c9b2ac9537f1 into model nwt
I0619 16:23:13.076215 23871488 processor.cc:746] Processor: start processing batch 6c011171-428f-4ed6-8b72-1f919f7ec466 into model nwt
I0619 16:23:13.082744 24944640 processor.cc:842] Processor: complete processing batch b36cae0e-7b30-4f38-a49a-e3bbe4c196a7 into model nwt
I0619 16:23:13.085973 24944640 cuckoo_watch.h:44] 76ms in ProcessBatch(/Users/miptgirl/Documents/coursera_ml_and_data_analysis_spec/structure_in_data/week_4/assignment_2/batches/aaaaaj.batch) [including 4ms in LoadMessage; 4ms in InitializeSparseNdw; 62ms in InferThetaAndUpdateNwtSparse; ]
I0619 16:23:13.097359 24944640 processor.cc:746] Processor: start processing batch ea084671-51d3-40b2-acf7-765b029db15a into model nwt
I0619 16:23:13.207998 24408064 processor.cc:842] Processor: complete processing batch b81f3d84-10f1-417f-8912-c9b2ac9537f1 into model nwt
I0619 16:23:13.213412 24408064 cuckoo_watch.h:44] 162ms in ProcessBatch(/Users/miptgirl/Documents/coursera_ml_and_data_analysis_spec/structure_in_data/week_4/assignment_2/batches/aaaaal.batch) [including 10ms in LoadMessage; 9ms in InitializeSparseNdw; 134ms in InferThetaAndUpdateNwtSparse; ]
I0619 16:23:13.223270 25481216 processor.cc:842] Processor: complete processing batch 1a859b33-dfa1-4e90-b71f-0f03e6a30104 into model nwt
I0619 16:23:13.223624 24944640 processor.cc:842] Processor: complete processing batch ea084671-51d3-40b2-acf7-765b029db15a into model nwt
I0619 16:23:13.224349 24408064 processor.cc:746] Processor: start processing batch 6506593e-9a4d-4363-a9c5-963b646701a6 into model nwt
I0619 16:23:13.228348 25481216 cuckoo_watch.h:44] 188ms in ProcessBatch(/Users/miptgirl/Documents/coursera_ml_and_data_analysis_spec/structure_in_data/week_4/assignment_2/batches/aaaaak.batch) [including 10ms in LoadMessage; 7ms in InitializeSparseNdw; 163ms in InferThetaAndUpdateNwtSparse; ]
I0619 16:23:13.230762 23871488 processor.cc:842] Processor: complete processing batch 6c011171-428f-4ed6-8b72-1f919f7ec466 into model nwt
I0619 16:23:13.232429 24944640 cuckoo_watch.h:44] 144ms in ProcessBatch(/Users/miptgirl/Documents/coursera_ml_and_data_analysis_spec/structure_in_data/week_4/assignment_2/batches/aaaaan.batch) [including 7ms in LoadMessage; 6ms in InitializeSparseNdw; 119ms in InferThetaAndUpdateNwtSparse; ]
I0619 16:23:13.235067 23871488 cuckoo_watch.h:44] 172ms in ProcessBatch(/Users/miptgirl/Documents/coursera_ml_and_data_analysis_spec/structure_in_data/week_4/assignment_2/batches/aaaaam.batch) [including 11ms in LoadMessage; 12ms in InitializeSparseNdw; 141ms in InferThetaAndUpdateNwtSparse; ]
I0619 16:23:13.237447 24944640 processor.cc:746] Processor: start processing batch dce5dfc4-4eec-47a3-95df-018d14e231ca into model nwt
I0619 16:23:13.237592 23871488 processor.cc:746] Processor: start processing batch 93a9d88e-2cbc-49dc-b97e-537453b84f83 into model nwt
I0619 16:23:13.239117 25481216 processor.cc:746] Processor: start processing batch 0953e9d8-2c49-4d23-8ad6-76ada02f53df into model nwt
I0619 16:23:13.240880 23871488 processor.cc:842] Processor: complete processing batch 93a9d88e-2cbc-49dc-b97e-537453b84f83 into model nwt
I0619 16:23:13.241264 23871488 cuckoo_watch.h:44] 6ms in ProcessBatch(/Users/miptgirl/Documents/coursera_ml_and_data_analysis_spec/structure_in_data/week_4/assignment_2/batches/aaaaar.batch) [including 0ms in LoadMessage; 0ms in InitializeSparseNdw; 3ms in InferThetaAndUpdateNwtSparse; ]
I0619 16:23:13.253923 24944640 processor.cc:842] Processor: complete processing batch dce5dfc4-4eec-47a3-95df-018d14e231ca into model nwt
I0619 16:23:13.254947 24944640 cuckoo_watch.h:44] 22ms in ProcessBatch(/Users/miptgirl/Documents/coursera_ml_and_data_analysis_spec/structure_in_data/week_4/assignment_2/batches/aaaaaq.batch) [including 2ms in LoadMessage; 0ms in InitializeSparseNdw; 15ms in InferThetaAndUpdateNwtSparse; ]
I0619 16:23:13.266794 23871488 processor.cc:662] No data in processing queue, waiting...
I0619 16:23:13.278760 24944640 processor.cc:662] No data in processing queue, waiting...
I0619 16:23:13.292044 24408064 processor.cc:842] Processor: complete processing batch 6506593e-9a4d-4363-a9c5-963b646701a6 into model nwt
I0619 16:23:13.293757 24408064 cuckoo_watch.h:44] 80ms in ProcessBatch(/Users/miptgirl/Documents/coursera_ml_and_data_analysis_spec/structure_in_data/week_4/assignment_2/batches/aaaaao.batch) [including 8ms in LoadMessage; 3ms in InitializeSparseNdw; 63ms in InferThetaAndUpdateNwtSparse; ]
I0619 16:23:13.304138 25481216 processor.cc:842] Processor: complete processing batch 0953e9d8-2c49-4d23-8ad6-76ada02f53df into model nwt
I0619 16:23:13.305889 25481216 cuckoo_watch.h:44] 77ms in ProcessBatch(/Users/miptgirl/Documents/coursera_ml_and_data_analysis_spec/structure_in_data/week_4/assignment_2/batches/aaaaap.batch) [including 8ms in LoadMessage; 4ms in InitializeSparseNdw; 60ms in InferThetaAndUpdateNwtSparse; ]
I0619 16:23:13.306519 2021564416 master_component.cc:979] RegularizeModelArgs: rwt_target_name=rwt, pwt_source_name=pwt, nwt_source_name=nwt
I0619 16:23:13.306664 2021564416 master_component.cc:590] MasterComponent: start regularizing model pwt
I0619 16:23:13.317816 24408064 processor.cc:662] No data in processing queue, waiting...
I0619 16:23:13.330062 25481216 processor.cc:662] No data in processing queue, waiting...
I0619 16:23:13.372503 2021564416 master_component.cc:613] MasterComponent: complete regularizing model pwt
I0619 16:23:13.372524 2021564416 master_component.cc:990] NormalizeModelArgs: pwt_target_name=pwt, nwt_source_name=nwt, rwt_source_name=rwt
I0619 16:23:13.372531 2021564416 master_component.cc:617] MasterComponent: start normalizing model nwt
I0619 16:23:13.421386 2021564416 master_component.cc:639] MasterComponent: complete normalizing model nwt
I0619 16:23:13.554497 2021564416 master_component.cc:1014] DisposeModel rwt
I0619 16:23:13.569664 2021564416 c_interface.cc:332] Pass FitOfflineMasterModelArgs, batch_filename_size=18, batch_weight_size=18, num_collection_passes=1 to MN4artm4core15MasterComponentEFvRKNS_25FitOfflineMasterModelArgsEE
I0619 16:23:13.569684 2021564416 master_component.cc:941] ProcessBatchesArgs: nwt_target_name=nwt, batch_filename_size=18, batch_size=0, batch_weight_size=18, pwt_source_name=pwt, num_document_passes=10, regularizer=(name:SparsePhi, tau:100000), class=(text:1), class=(author:1), reuse_theta=no, opt_for_avx=yes, predict_class_id=
I0619 16:23:13.606631 24944640 processor.cc:669] Processing queue has data, processing started
I0619 16:23:13.609789 24944640 processor.cc:746] Processor: start processing batch 1cd78366-ae12-49a7-b5fd-fae264452ea8 into model nwt
I0619 16:23:13.612812 23871488 processor.cc:669] Processing queue has data, processing started
I0619 16:23:13.617080 23871488 processor.cc:746] Processor: start processing batch 394dc37e-10b6-434d-8467-b3dad6853fa3 into model nwt
I0619 16:23:13.617491 24408064 processor.cc:669] Processing queue has data, processing started
I0619 16:23:13.620985 24944640 processor.cc:842] Processor: complete processing batch 1cd78366-ae12-49a7-b5fd-fae264452ea8 into model nwt
I0619 16:23:13.622148 24944640 cuckoo_watch.h:44] 15ms in ProcessBatch(/Users/miptgirl/Documents/coursera_ml_and_data_analysis_spec/structure_in_data/week_4/assignment_2/batches/aaaaaa.batch) [including 1ms in LoadMessage; 0ms in InitializeSparseNdw; 10ms in InferThetaAndUpdateNwtSparse; ]
I0619 16:23:13.622347 24408064 processor.cc:746] Processor: start processing batch 4cbc454a-044f-4cdf-b62c-83458ebf13d2 into model nwt
I0619 16:23:13.625519 25481216 processor.cc:669] Processing queue has data, processing started
I0619 16:23:13.630189 25481216 processor.cc:746] Processor: start processing batch da20398c-46ea-4b50-b0c4-68a17453d46e into model nwt
I0619 16:23:13.637686 23871488 processor.cc:842] Processor: complete processing batch 394dc37e-10b6-434d-8467-b3dad6853fa3 into model nwt
I0619 16:23:13.639395 23871488 cuckoo_watch.h:44] 26ms in ProcessBatch(/Users/miptgirl/Documents/coursera_ml_and_data_analysis_spec/structure_in_data/week_4/assignment_2/batches/aaaaab.batch) [including 2ms in LoadMessage; 0ms in InitializeSparseNdw; 19ms in InferThetaAndUpdateNwtSparse; ]
I0619 16:23:13.662225 24944640 processor.cc:662] No data in processing queue, waiting...
I0619 16:23:13.677603 24944640 processor.cc:669] Processing queue has data, processing started
I0619 16:23:13.678464 23871488 processor.cc:746] Processor: start processing batch 36085085-ee7d-4cb1-a375-e5f504b2de65 into model nwt
I0619 16:23:13.698258 24944640 processor.cc:746] Processor: start processing batch 4a8fd446-52e4-4c21-8632-7a64b8f3c020 into model nwt
I0619 16:23:13.713536 24408064 processor.cc:842] Processor: complete processing batch 4cbc454a-044f-4cdf-b62c-83458ebf13d2 into model nwt
I0619 16:23:13.717718 25481216 processor.cc:842] Processor: complete processing batch da20398c-46ea-4b50-b0c4-68a17453d46e into model nwt
I0619 16:23:13.722729 24408064 cuckoo_watch.h:44] 105ms in ProcessBatch(/Users/miptgirl/Documents/coursera_ml_and_data_analysis_spec/structure_in_data/week_4/assignment_2/batches/aaaaac.batch) [including 3ms in LoadMessage; 1ms in InitializeSparseNdw; 89ms in InferThetaAndUpdateNwtSparse; ]
I0619 16:23:13.723222 25481216 cuckoo_watch.h:44] 97ms in ProcessBatch(/Users/miptgirl/Documents/coursera_ml_and_data_analysis_spec/structure_in_data/week_4/assignment_2/batches/aaaaad.batch) [including 3ms in LoadMessage; 1ms in InitializeSparseNdw; 86ms in InferThetaAndUpdateNwtSparse; ]
I0619 16:23:13.737254 24408064 processor.cc:746] Processor: start processing batch 6514fe3d-3d69-489c-8d1d-ad4048f78705 into model nwt
I0619 16:23:13.751925 23871488 processor.cc:842] Processor: complete processing batch 36085085-ee7d-4cb1-a375-e5f504b2de65 into model nwt
I0619 16:23:13.757958 24944640 processor.cc:842] Processor: complete processing batch 4a8fd446-52e4-4c21-8632-7a64b8f3c020 into model nwt
I0619 16:23:13.758339 23871488 cuckoo_watch.h:44] 118ms in ProcessBatch(/Users/miptgirl/Documents/coursera_ml_and_data_analysis_spec/structure_in_data/week_4/assignment_2/batches/aaaaae.batch) [including 30ms in LoadMessage; 4ms in InitializeSparseNdw; 68ms in InferThetaAndUpdateNwtSparse; ]
I0619 16:23:13.761484 25481216 processor.cc:746] Processor: start processing batch 07595a5a-60fe-4bcd-b9d7-cf988de90457 into model nwt
I0619 16:23:13.761582 24944640 cuckoo_watch.h:44] 83ms in ProcessBatch(/Users/miptgirl/Documents/coursera_ml_and_data_analysis_spec/structure_in_data/week_4/assignment_2/batches/aaaaaf.batch) [including 14ms in LoadMessage; 4ms in InitializeSparseNdw; 55ms in InferThetaAndUpdateNwtSparse; ]
I0619 16:23:13.774248 24944640 processor.cc:746] Processor: start processing batch 2a47a0fc-40f7-4a3d-99fe-e1a8f30bd587 into model nwt
I0619 16:23:13.792850 23871488 processor.cc:746] Processor: start processing batch b36cae0e-7b30-4f38-a49a-e3bbe4c196a7 into model nwt
I0619 16:23:13.804466 24408064 processor.cc:842] Processor: complete processing batch 6514fe3d-3d69-489c-8d1d-ad4048f78705 into model nwt
I0619 16:23:13.807755 24408064 cuckoo_watch.h:44] 83ms in ProcessBatch(/Users/miptgirl/Documents/coursera_ml_and_data_analysis_spec/structure_in_data/week_4/assignment_2/batches/aaaaag.batch) [including 9ms in LoadMessage; 4ms in InitializeSparseNdw; 63ms in InferThetaAndUpdateNwtSparse; ]
I0619 16:23:13.808990 25481216 processor.cc:842] Processor: complete processing batch 07595a5a-60fe-4bcd-b9d7-cf988de90457 into model nwt
I0619 16:23:13.811691 25481216 cuckoo_watch.h:44] 61ms in ProcessBatch(/Users/miptgirl/Documents/coursera_ml_and_data_analysis_spec/structure_in_data/week_4/assignment_2/batches/aaaaah.batch) [including 8ms in LoadMessage; 2ms in InitializeSparseNdw; 44ms in InferThetaAndUpdateNwtSparse; ]
I0619 16:23:13.817164 24944640 processor.cc:842] Processor: complete processing batch 2a47a0fc-40f7-4a3d-99fe-e1a8f30bd587 into model nwt
I0619 16:23:13.819908 24944640 cuckoo_watch.h:44] 54ms in ProcessBatch(/Users/miptgirl/Documents/coursera_ml_and_data_analysis_spec/structure_in_data/week_4/assignment_2/batches/aaaaai.batch) [including 5ms in LoadMessage; 2ms in InitializeSparseNdw; 40ms in InferThetaAndUpdateNwtSparse; ]
I0619 16:23:13.828651 24408064 processor.cc:746] Processor: start processing batch 1a859b33-dfa1-4e90-b71f-0f03e6a30104 into model nwt
I0619 16:23:13.833578 25481216 processor.cc:746] Processor: start processing batch b81f3d84-10f1-417f-8912-c9b2ac9537f1 into model nwt
I0619 16:23:13.851095 24944640 processor.cc:746] Processor: start processing batch 6c011171-428f-4ed6-8b72-1f919f7ec466 into model nwt
I0619 16:23:13.866623 23871488 processor.cc:842] Processor: complete processing batch b36cae0e-7b30-4f38-a49a-e3bbe4c196a7 into model nwt
I0619 16:23:13.869663 23871488 cuckoo_watch.h:44] 87ms in ProcessBatch(/Users/miptgirl/Documents/coursera_ml_and_data_analysis_spec/structure_in_data/week_4/assignment_2/batches/aaaaaj.batch) [including 8ms in LoadMessage; 4ms in InitializeSparseNdw; 68ms in InferThetaAndUpdateNwtSparse; ]
I0619 16:23:13.892657 23871488 processor.cc:746] Processor: start processing batch ea084671-51d3-40b2-acf7-765b029db15a into model nwt
I0619 16:23:13.971637 24408064 processor.cc:842] Processor: complete processing batch 1a859b33-dfa1-4e90-b71f-0f03e6a30104 into model nwt
I0619 16:23:13.973053 25481216 processor.cc:842] Processor: complete processing batch b81f3d84-10f1-417f-8912-c9b2ac9537f1 into model nwt
I0619 16:23:13.976480 24408064 cuckoo_watch.h:44] 161ms in ProcessBatch(/Users/miptgirl/Documents/coursera_ml_and_data_analysis_spec/structure_in_data/week_4/assignment_2/batches/aaaaak.batch) [including 11ms in LoadMessage; 7ms in InitializeSparseNdw; 135ms in InferThetaAndUpdateNwtSparse; ]
I0619 16:23:13.976907 25481216 cuckoo_watch.h:44] 153ms in ProcessBatch(/Users/miptgirl/Documents/coursera_ml_and_data_analysis_spec/structure_in_data/week_4/assignment_2/batches/aaaaal.batch) [including 8ms in LoadMessage; 7ms in InitializeSparseNdw; 131ms in InferThetaAndUpdateNwtSparse; ]
I0619 16:23:13.980984 24944640 processor.cc:842] Processor: complete processing batch 6c011171-428f-4ed6-8b72-1f919f7ec466 into model nwt
I0619 16:23:13.985726 24408064 processor.cc:746] Processor: start processing batch 6506593e-9a4d-4363-a9c5-963b646701a6 into model nwt
I0619 16:23:13.985846 24944640 cuckoo_watch.h:44] 147ms in ProcessBatch(/Users/miptgirl/Documents/coursera_ml_and_data_analysis_spec/structure_in_data/week_4/assignment_2/batches/aaaaam.batch) [including 11ms in LoadMessage; 7ms in InitializeSparseNdw; 121ms in InferThetaAndUpdateNwtSparse; ]
I0619 16:23:13.987717 25481216 processor.cc:746] Processor: start processing batch 0953e9d8-2c49-4d23-8ad6-76ada02f53df into model nwt
I0619 16:23:13.990161 24944640 processor.cc:746] Processor: start processing batch dce5dfc4-4eec-47a3-95df-018d14e231ca into model nwt
I0619 16:23:14.008502 24944640 processor.cc:842] Processor: complete processing batch dce5dfc4-4eec-47a3-95df-018d14e231ca into model nwt
I0619 16:23:14.009989 24944640 cuckoo_watch.h:44] 24ms in ProcessBatch(/Users/miptgirl/Documents/coursera_ml_and_data_analysis_spec/structure_in_data/week_4/assignment_2/batches/aaaaaq.batch) [including 2ms in LoadMessage; 0ms in InitializeSparseNdw; 17ms in InferThetaAndUpdateNwtSparse; ]
I0619 16:23:14.012390 23871488 processor.cc:842] Processor: complete processing batch ea084671-51d3-40b2-acf7-765b029db15a into model nwt
I0619 16:23:14.012778 24944640 processor.cc:746] Processor: start processing batch 93a9d88e-2cbc-49dc-b97e-537453b84f83 into model nwt
I0619 16:23:14.016891 23871488 cuckoo_watch.h:44] 141ms in ProcessBatch(/Users/miptgirl/Documents/coursera_ml_and_data_analysis_spec/structure_in_data/week_4/assignment_2/batches/aaaaan.batch) [including 8ms in LoadMessage; 6ms in InitializeSparseNdw; 113ms in InferThetaAndUpdateNwtSparse; ]
