I0619 16:24:58.349529 25481216 cuckoo_watch.h:44] 178ms in ProcessBatch(/Users/miptgirl/Documents/coursera_ml_and_data_analysis_spec/structure_in_data/week_4/assignment_2/batches/aaaaak.batch) [including 22ms in LoadMessage; 8ms in InitializeSparseNdw; 134ms in InferThetaAndUpdateNwtSparse; ]
I0619 16:24:58.354730 24408064 processor.cc:842] Processor: complete processing batch eae3841a-2012-4922-a99c-d274e87a3c31 into model nwt
I0619 16:24:58.360111 24408064 cuckoo_watch.h:44] 186ms in ProcessBatch(/Users/miptgirl/Documents/coursera_ml_and_data_analysis_spec/structure_in_data/week_4/assignment_2/batches/aaaaal.batch) [including 18ms in LoadMessage; 8ms in InitializeSparseNdw; 152ms in InferThetaAndUpdateNwtSparse; ]
I0619 16:24:58.361358 25481216 processor.cc:746] Processor: start processing batch 8ce90dfc-918a-4917-b71a-e26020fe626a into model nwt
I0619 16:24:58.370666 24408064 processor.cc:746] Processor: start processing batch 654c13d6-dd97-4f03-a4d7-a13f5ea253f3 into model nwt
I0619 16:24:58.375504 23871488 processor.cc:842] Processor: complete processing batch c0116f44-2e93-4075-bff2-492ffffb9e16 into model nwt
I0619 16:24:58.381932 23871488 cuckoo_watch.h:44] 172ms in ProcessBatch(/Users/miptgirl/Documents/coursera_ml_and_data_analysis_spec/structure_in_data/week_4/assignment_2/batches/aaaaam.batch) [including 10ms in LoadMessage; 8ms in InitializeSparseNdw; 144ms in InferThetaAndUpdateNwtSparse; ]
I0619 16:24:58.386999 23871488 processor.cc:746] Processor: start processing batch 689e14a7-6922-4fa3-bc93-2cdb4fca8fdf into model nwt
I0619 16:24:58.410148 23871488 processor.cc:842] Processor: complete processing batch 689e14a7-6922-4fa3-bc93-2cdb4fca8fdf into model nwt
I0619 16:24:58.411744 23871488 cuckoo_watch.h:44] 29ms in ProcessBatch(/Users/miptgirl/Documents/coursera_ml_and_data_analysis_spec/structure_in_data/week_4/assignment_2/batches/aaaaaq.batch) [including 2ms in LoadMessage; 0ms in InitializeSparseNdw; 22ms in InferThetaAndUpdateNwtSparse; ]
I0619 16:24:58.414847 23871488 processor.cc:746] Processor: start processing batch 1d30393b-e01f-4593-9876-0633c2152dae into model nwt
I0619 16:24:58.418387 23871488 processor.cc:842] Processor: complete processing batch 1d30393b-e01f-4593-9876-0633c2152dae into model nwt
I0619 16:24:58.418872 23871488 cuckoo_watch.h:44] 7ms in ProcessBatch(/Users/miptgirl/Documents/coursera_ml_and_data_analysis_spec/structure_in_data/week_4/assignment_2/batches/aaaaar.batch) [including 0ms in LoadMessage; 0ms in InitializeSparseNdw; 3ms in InferThetaAndUpdateNwtSparse; ]
I0619 16:24:58.420848 24944640 processor.cc:842] Processor: complete processing batch f053904a-564b-4d2e-b458-6d05ddd7d42f into model nwt
I0619 16:24:58.426421 24944640 cuckoo_watch.h:44] 176ms in ProcessBatch(/Users/miptgirl/Documents/coursera_ml_and_data_analysis_spec/structure_in_data/week_4/assignment_2/batches/aaaaan.batch) [including 23ms in LoadMessage; 8ms in InitializeSparseNdw; 136ms in InferThetaAndUpdateNwtSparse; ]
I0619 16:24:58.445529 23871488 processor.cc:662] No data in processing queue, waiting...
I0619 16:24:58.449093 24944640 processor.cc:662] No data in processing queue, waiting...
I0619 16:24:58.459641 24408064 processor.cc:842] Processor: complete processing batch 654c13d6-dd97-4f03-a4d7-a13f5ea253f3 into model nwt
I0619 16:24:58.462102 24408064 cuckoo_watch.h:44] 101ms in ProcessBatch(/Users/miptgirl/Documents/coursera_ml_and_data_analysis_spec/structure_in_data/week_4/assignment_2/batches/aaaaap.batch) [including 8ms in LoadMessage; 5ms in InitializeSparseNdw; 83ms in InferThetaAndUpdateNwtSparse; ]
I0619 16:24:58.465631 25481216 processor.cc:842] Processor: complete processing batch 8ce90dfc-918a-4917-b71a-e26020fe626a into model nwt
I0619 16:24:58.467916 25481216 cuckoo_watch.h:44] 118ms in ProcessBatch(/Users/miptgirl/Documents/coursera_ml_and_data_analysis_spec/structure_in_data/week_4/assignment_2/batches/aaaaao.batch) [including 9ms in LoadMessage; 7ms in InitializeSparseNdw; 96ms in InferThetaAndUpdateNwtSparse; ]
I0619 16:24:58.468397 2021564416 master_component.cc:979] RegularizeModelArgs: rwt_target_name=rwt, pwt_source_name=pwt, nwt_source_name=nwt
I0619 16:24:58.468451 2021564416 master_component.cc:590] MasterComponent: start regularizing model pwt
I0619 16:24:58.483706 24408064 processor.cc:662] No data in processing queue, waiting...
I0619 16:24:58.489696 25481216 processor.cc:662] No data in processing queue, waiting...
I0619 16:24:58.541007 2021564416 master_component.cc:613] MasterComponent: complete regularizing model pwt
I0619 16:24:58.541026 2021564416 master_component.cc:990] NormalizeModelArgs: pwt_target_name=pwt, nwt_source_name=nwt, rwt_source_name=rwt
I0619 16:24:58.541033 2021564416 master_component.cc:617] MasterComponent: start normalizing model nwt
I0619 16:24:58.616303 2021564416 master_component.cc:639] MasterComponent: complete normalizing model nwt
I0619 16:24:58.951397 2021564416 master_component.cc:1014] DisposeModel rwt
I0619 16:24:58.979887 2021564416 c_interface.cc:332] Pass FitOfflineMasterModelArgs, batch_filename_size=18, batch_weight_size=18, num_collection_passes=1 to MN4artm4core15MasterComponentEFvRKNS_25FitOfflineMasterModelArgsEE
I0619 16:24:58.980103 2021564416 master_component.cc:941] ProcessBatchesArgs: nwt_target_name=nwt, batch_filename_size=18, batch_size=0, batch_weight_size=18, pwt_source_name=pwt, num_document_passes=10, regularizer=(name:SmoothPhi, tau:100000), class=(text:1), class=(author:1), reuse_theta=no, opt_for_avx=yes, predict_class_id=
I0619 16:24:59.046841 23871488 processor.cc:669] Processing queue has data, processing started
I0619 16:24:59.052286 23871488 processor.cc:746] Processor: start processing batch f912d5bb-bfe9-4607-9bf2-add4bac57d76 into model nwt
I0619 16:24:59.055855 24408064 processor.cc:669] Processing queue has data, processing started
I0619 16:24:59.062408 24408064 processor.cc:746] Processor: start processing batch 9042f92e-fd75-4444-973c-657f347edb55 into model nwt
I0619 16:24:59.063724 25481216 processor.cc:669] Processing queue has data, processing started
I0619 16:24:59.068687 23871488 processor.cc:842] Processor: complete processing batch f912d5bb-bfe9-4607-9bf2-add4bac57d76 into model nwt
I0619 16:24:59.070178 23871488 cuckoo_watch.h:44] 23ms in ProcessBatch(/Users/miptgirl/Documents/coursera_ml_and_data_analysis_spec/structure_in_data/week_4/assignment_2/batches/aaaaaa.batch) [including 2ms in LoadMessage; 1ms in InitializeSparseNdw; 14ms in InferThetaAndUpdateNwtSparse; ]
I0619 16:24:59.070401 25481216 processor.cc:746] Processor: start processing batch 6609c86e-5b7a-44da-be30-772c4f79a3f2 into model nwt
I0619 16:24:59.074669 24944640 processor.cc:669] Processing queue has data, processing started
I0619 16:24:59.083721 24944640 processor.cc:746] Processor: start processing batch cde3298e-97b7-41f7-a58d-038c26ec99b2 into model nwt
I0619 16:24:59.090960 23871488 processor.cc:746] Processor: start processing batch cda8f3c4-f4f0-40ae-8586-057e31205b6c into model nwt
I0619 16:24:59.116178 25481216 processor.cc:842] Processor: complete processing batch 6609c86e-5b7a-44da-be30-772c4f79a3f2 into model nwt
I0619 16:24:59.118914 25481216 cuckoo_watch.h:44] 55ms in ProcessBatch(/Users/miptgirl/Documents/coursera_ml_and_data_analysis_spec/structure_in_data/week_4/assignment_2/batches/aaaaac.batch) [including 4ms in LoadMessage; 2ms in InitializeSparseNdw; 42ms in InferThetaAndUpdateNwtSparse; ]
I0619 16:24:59.121757 24408064 processor.cc:842] Processor: complete processing batch 9042f92e-fd75-4444-973c-657f347edb55 into model nwt
I0619 16:24:59.124521 24408064 cuckoo_watch.h:44] 68ms in ProcessBatch(/Users/miptgirl/Documents/coursera_ml_and_data_analysis_spec/structure_in_data/week_4/assignment_2/batches/aaaaab.batch) [including 4ms in LoadMessage; 1ms in InitializeSparseNdw; 57ms in InferThetaAndUpdateNwtSparse; ]
I0619 16:24:59.126255 25481216 processor.cc:746] Processor: start processing batch d9d556fc-53f0-4412-a960-7064efe6a29f into model nwt
I0619 16:24:59.128931 24944640 processor.cc:842] Processor: complete processing batch cde3298e-97b7-41f7-a58d-038c26ec99b2 into model nwt
I0619 16:24:59.131389 24944640 cuckoo_watch.h:44] 56ms in ProcessBatch(/Users/miptgirl/Documents/coursera_ml_and_data_analysis_spec/structure_in_data/week_4/assignment_2/batches/aaaaad.batch) [including 6ms in LoadMessage; 1ms in InitializeSparseNdw; 43ms in InferThetaAndUpdateNwtSparse; ]
I0619 16:24:59.132779 24408064 processor.cc:746] Processor: start processing batch a39646d9-c93c-4b46-9c31-62d6768a9e4d into model nwt
I0619 16:24:59.139154 24944640 processor.cc:746] Processor: start processing batch d1fc1de5-37c2-4987-b827-0d3a835f4da7 into model nwt
I0619 16:24:59.143435 23871488 processor.cc:842] Processor: complete processing batch cda8f3c4-f4f0-40ae-8586-057e31205b6c into model nwt
I0619 16:24:59.145493 23871488 cuckoo_watch.h:44] 60ms in ProcessBatch(/Users/miptgirl/Documents/coursera_ml_and_data_analysis_spec/structure_in_data/week_4/assignment_2/batches/aaaaae.batch) [including 3ms in LoadMessage; 1ms in InitializeSparseNdw; 50ms in InferThetaAndUpdateNwtSparse; ]
I0619 16:24:59.151885 23871488 processor.cc:746] Processor: start processing batch 655cd2ca-a884-4971-8f82-ba284303a518 into model nwt
I0619 16:24:59.171965 25481216 processor.cc:842] Processor: complete processing batch d9d556fc-53f0-4412-a960-7064efe6a29f into model nwt
I0619 16:24:59.174397 25481216 cuckoo_watch.h:44] 55ms in ProcessBatch(/Users/miptgirl/Documents/coursera_ml_and_data_analysis_spec/structure_in_data/week_4/assignment_2/batches/aaaaaf.batch) [including 4ms in LoadMessage; 1ms in InitializeSparseNdw; 44ms in InferThetaAndUpdateNwtSparse; ]
I0619 16:24:59.186120 23871488 processor.cc:842] Processor: complete processing batch 655cd2ca-a884-4971-8f82-ba284303a518 into model nwt
I0619 16:24:59.187237 25481216 processor.cc:746] Processor: start processing batch a36830c6-b335-4acf-9c93-d53ca2ddea20 into model nwt
I0619 16:24:59.188011 24408064 processor.cc:842] Processor: complete processing batch a39646d9-c93c-4b46-9c31-62d6768a9e4d into model nwt
I0619 16:24:59.188743 23871488 cuckoo_watch.h:44] 43ms in ProcessBatch(/Users/miptgirl/Documents/coursera_ml_and_data_analysis_spec/structure_in_data/week_4/assignment_2/batches/aaaaai.batch) [including 4ms in LoadMessage; 1ms in InitializeSparseNdw; 32ms in InferThetaAndUpdateNwtSparse; ]
I0619 16:24:59.190842 24408064 cuckoo_watch.h:44] 66ms in ProcessBatch(/Users/miptgirl/Documents/coursera_ml_and_data_analysis_spec/structure_in_data/week_4/assignment_2/batches/aaaaag.batch) [including 5ms in LoadMessage; 5ms in InitializeSparseNdw; 50ms in InferThetaAndUpdateNwtSparse; ]
I0619 16:24:59.203167 23871488 processor.cc:746] Processor: start processing batch 056d7f10-6699-407e-b143-2d8211909c87 into model nwt
I0619 16:24:59.208770 24408064 processor.cc:746] Processor: start processing batch eae3841a-2012-4922-a99c-d274e87a3c31 into model nwt
I0619 16:24:59.227056 24944640 processor.cc:842] Processor: complete processing batch d1fc1de5-37c2-4987-b827-0d3a835f4da7 into model nwt
I0619 16:24:59.229656 24944640 cuckoo_watch.h:44] 98ms in ProcessBatch(/Users/miptgirl/Documents/coursera_ml_and_data_analysis_spec/structure_in_data/week_4/assignment_2/batches/aaaaah.batch) [including 5ms in LoadMessage; 1ms in InitializeSparseNdw; 85ms in InferThetaAndUpdateNwtSparse; ]
I0619 16:24:59.242923 24944640 processor.cc:746] Processor: start processing batch c0116f44-2e93-4075-bff2-492ffffb9e16 into model nwt
I0619 16:24:59.263809 25481216 processor.cc:842] Processor: complete processing batch a36830c6-b335-4acf-9c93-d53ca2ddea20 into model nwt
I0619 16:24:59.267599 25481216 cuckoo_watch.h:44] 93ms in ProcessBatch(/Users/miptgirl/Documents/coursera_ml_and_data_analysis_spec/structure_in_data/week_4/assignment_2/batches/aaaaaj.batch) [including 7ms in LoadMessage; 6ms in InitializeSparseNdw; 70ms in InferThetaAndUpdateNwtSparse; ]
I0619 16:24:59.281400 25481216 processor.cc:746] Processor: start processing batch f053904a-564b-4d2e-b458-6d05ddd7d42f into model nwt
I0619 16:24:59.358048 23871488 processor.cc:842] Processor: complete processing batch 056d7f10-6699-407e-b143-2d8211909c87 into model nwt
I0619 16:24:59.363095 23871488 cuckoo_watch.h:44] 174ms in ProcessBatch(/Users/miptgirl/Documents/coursera_ml_and_data_analysis_spec/structure_in_data/week_4/assignment_2/batches/aaaaak.batch) [including 12ms in LoadMessage; 7ms in InitializeSparseNdw; 146ms in InferThetaAndUpdateNwtSparse; ]
I0619 16:24:59.367172 24408064 processor.cc:842] Processor: complete processing batch eae3841a-2012-4922-a99c-d274e87a3c31 into model nwt
I0619 16:24:59.371897 24408064 cuckoo_watch.h:44] 180ms in ProcessBatch(/Users/miptgirl/Documents/coursera_ml_and_data_analysis_spec/structure_in_data/week_4/assignment_2/batches/aaaaal.batch) [including 15ms in LoadMessage; 15ms in InitializeSparseNdw; 142ms in InferThetaAndUpdateNwtSparse; ]
I0619 16:24:59.374656 23871488 processor.cc:746] Processor: start processing batch 8ce90dfc-918a-4917-b71a-e26020fe626a into model nwt
I0619 16:24:59.381808 24408064 processor.cc:746] Processor: start processing batch 654c13d6-dd97-4f03-a4d7-a13f5ea253f3 into model nwt
I0619 16:24:59.397009 24944640 processor.cc:842] Processor: complete processing batch c0116f44-2e93-4075-bff2-492ffffb9e16 into model nwt
I0619 16:24:59.397505 25481216 processor.cc:842] Processor: complete processing batch f053904a-564b-4d2e-b458-6d05ddd7d42f into model nwt
I0619 16:24:59.402861 24944640 cuckoo_watch.h:44] 173ms in ProcessBatch(/Users/miptgirl/Documents/coursera_ml_and_data_analysis_spec/structure_in_data/week_4/assignment_2/batches/aaaaam.batch) [including 11ms in LoadMessage; 9ms in InitializeSparseNdw; 144ms in InferThetaAndUpdateNwtSparse; ]
I0619 16:24:59.403101 25481216 cuckoo_watch.h:44] 135ms in ProcessBatch(/Users/miptgirl/Documents/coursera_ml_and_data_analysis_spec/structure_in_data/week_4/assignment_2/batches/aaaaan.batch) [including 11ms in LoadMessage; 7ms in InitializeSparseNdw; 108ms in InferThetaAndUpdateNwtSparse; ]
I0619 16:24:59.406128 25481216 processor.cc:746] Processor: start processing batch 1d30393b-e01f-4593-9876-0633c2152dae into model nwt
I0619 16:24:59.408437 24944640 processor.cc:746] Processor: start processing batch 689e14a7-6922-4fa3-bc93-2cdb4fca8fdf into model nwt
I0619 16:24:59.409837 25481216 processor.cc:842] Processor: complete processing batch 1d30393b-e01f-4593-9876-0633c2152dae into model nwt
I0619 16:24:59.410320 25481216 cuckoo_watch.h:44] 7ms in ProcessBatch(/Users/miptgirl/Documents/coursera_ml_and_data_analysis_spec/structure_in_data/week_4/assignment_2/batches/aaaaar.batch) [including 0ms in LoadMessage; 0ms in InitializeSparseNdw; 3ms in InferThetaAndUpdateNwtSparse; ]
I0619 16:24:59.428774 24944640 processor.cc:842] Processor: complete processing batch 689e14a7-6922-4fa3-bc93-2cdb4fca8fdf into model nwt
I0619 16:24:59.430166 24944640 cuckoo_watch.h:44] 27ms in ProcessBatch(/Users/miptgirl/Documents/coursera_ml_and_data_analysis_spec/structure_in_data/week_4/assignment_2/batches/aaaaaq.batch) [including 3ms in LoadMessage; 0ms in InitializeSparseNdw; 19ms in InferThetaAndUpdateNwtSparse; ]
I0619 16:24:59.432564 25481216 processor.cc:662] No data in processing queue, waiting...
I0619 16:24:59.452752 24944640 processor.cc:662] No data in processing queue, waiting...
I0619 16:24:59.466536 23871488 processor.cc:842] Processor: complete processing batch 8ce90dfc-918a-4917-b71a-e26020fe626a into model nwt
I0619 16:24:59.468230 24408064 processor.cc:842] Processor: complete processing batch 654c13d6-dd97-4f03-a4d7-a13f5ea253f3 into model nwt
I0619 16:24:59.468646 23871488 cuckoo_watch.h:44] 105ms in ProcessBatch(/Users/miptgirl/Documents/coursera_ml_and_data_analysis_spec/structure_in_data/week_4/assignment_2/batches/aaaaao.batch) [including 9ms in LoadMessage; 5ms in InitializeSparseNdw; 86ms in InferThetaAndUpdateNwtSparse; ]
I0619 16:24:59.470320 24408064 cuckoo_watch.h:44] 98ms in ProcessBatch(/Users/miptgirl/Documents/coursera_ml_and_data_analysis_spec/structure_in_data/week_4/assignment_2/batches/aaaaap.batch) [including 7ms in LoadMessage; 5ms in InitializeSparseNdw; 80ms in InferThetaAndUpdateNwtSparse; ]
I0619 16:24:59.471407 2021564416 master_component.cc:979] RegularizeModelArgs: rwt_target_name=rwt, pwt_source_name=pwt, nwt_source_name=nwt
I0619 16:24:59.471487 2021564416 master_component.cc:590] MasterComponent: start regularizing model pwt
I0619 16:24:59.490838 23871488 processor.cc:662] No data in processing queue, waiting...
I0619 16:24:59.492475 24408064 processor.cc:662] No data in processing queue, waiting...
I0619 16:24:59.546079 2021564416 master_component.cc:613] MasterComponent: complete regularizing model pwt
I0619 16:24:59.546099 2021564416 master_component.cc:990] NormalizeModelArgs: pwt_target_name=pwt, nwt_source_name=nwt, rwt_source_name=rwt
I0619 16:24:59.546105 2021564416 master_component.cc:617] MasterComponent: start normalizing model nwt
I0619 16:24:59.604595 2021564416 master_component.cc:639] MasterComponent: complete normalizing model nwt
I0619 16:24:59.766125 2021564416 master_component.cc:1014] DisposeModel rwt
I0619 16:24:59.781452 2021564416 c_interface.cc:332] Pass FitOfflineMasterModelArgs, batch_filename_size=18, batch_weight_size=18, num_collection_passes=1 to MN4artm4core15MasterComponentEFvRKNS_25FitOfflineMasterModelArgsEE
I0619 16:24:59.781471 2021564416 master_component.cc:941] ProcessBatchesArgs: nwt_target_name=nwt, batch_filename_size=18, batch_size=0, batch_weight_size=18, pwt_source_name=pwt, num_document_passes=10, regularizer=(name:SmoothPhi, tau:100000), class=(text:1), class=(author:1), reuse_theta=no, opt_for_avx=yes, predict_class_id=
I0619 16:24:59.833201 25481216 processor.cc:669] Processing queue has data, processing started
I0619 16:24:59.835821 25481216 processor.cc:746] Processor: start processing batch f912d5bb-bfe9-4607-9bf2-add4bac57d76 into model nwt
I0619 16:24:59.838057 24944640 processor.cc:669] Processing queue has data, processing started
I0619 16:24:59.842411 24944640 processor.cc:746] Processor: start processing batch 9042f92e-fd75-4444-973c-657f347edb55 into model nwt
I0619 16:24:59.846201 25481216 processor.cc:842] Processor: complete processing batch f912d5bb-bfe9-4607-9bf2-add4bac57d76 into model nwt
I0619 16:24:59.846529 23871488 processor.cc:669] Processing queue has data, processing started
I0619 16:24:59.847437 25481216 cuckoo_watch.h:44] 14ms in ProcessBatch(/Users/miptgirl/Documents/coursera_ml_and_data_analysis_spec/structure_in_data/week_4/assignment_2/batches/aaaaaa.batch) [including 1ms in LoadMessage; 0ms in InitializeSparseNdw; 10ms in InferThetaAndUpdateNwtSparse; ]
I0619 16:24:59.851544 23871488 processor.cc:746] Processor: start processing batch 6609c86e-5b7a-44da-be30-772c4f79a3f2 into model nwt
I0619 16:24:59.861955 25481216 processor.cc:746] Processor: start processing batch cde3298e-97b7-41f7-a58d-038c26ec99b2 into model nwt
I0619 16:24:59.879138 24944640 processor.cc:842] Processor: complete processing batch 9042f92e-fd75-4444-973c-657f347edb55 into model nwt
I0619 16:24:59.881736 24944640 cuckoo_watch.h:44] 43ms in ProcessBatch(/Users/miptgirl/Documents/coursera_ml_and_data_analysis_spec/structure_in_data/week_4/assignment_2/batches/aaaaab.batch) [including 2ms in LoadMessage; 0ms in InitializeSparseNdw; 36ms in InferThetaAndUpdateNwtSparse; ]
I0619 16:24:59.889436 24944640 processor.cc:746] Processor: start processing batch cda8f3c4-f4f0-40ae-8586-057e31205b6c into model nwt
I0619 16:24:59.899806 25481216 processor.cc:842] Processor: complete processing batch cde3298e-97b7-41f7-a58d-038c26ec99b2 into model nwt
I0619 16:24:59.902082 25481216 cuckoo_watch.h:44] 48ms in ProcessBatch(/Users/miptgirl/Documents/coursera_ml_and_data_analysis_spec/structure_in_data/week_4/assignment_2/batches/aaaaad.batch) [including 5ms in LoadMessage; 1ms in InitializeSparseNdw; 36ms in InferThetaAndUpdateNwtSparse; ]
I0619 16:24:59.908417 25481216 processor.cc:746] Processor: start processing batch d9d556fc-53f0-4412-a960-7064efe6a29f into model nwt
I0619 16:24:59.928998 23871488 processor.cc:842] Processor: complete processing batch 6609c86e-5b7a-44da-be30-772c4f79a3f2 into model nwt
I0619 16:24:59.931689 23871488 cuckoo_watch.h:44] 85ms in ProcessBatch(/Users/miptgirl/Documents/coursera_ml_and_data_analysis_spec/structure_in_data/week_4/assignment_2/batches/aaaaac.batch) [including 3ms in LoadMessage; 1ms in InitializeSparseNdw; 75ms in InferThetaAndUpdateNwtSparse; ]
I0619 16:24:59.932401 24408064 processor.cc:669] Processing queue has data, processing started
I0619 16:24:59.933596 24944640 processor.cc:842] Processor: complete processing batch cda8f3c4-f4f0-40ae-8586-057e31205b6c into model nwt
I0619 16:24:59.937113 24944640 cuckoo_watch.h:44] 55ms in ProcessBatch(/Users/miptgirl/Documents/coursera_ml_and_data_analysis_spec/structure_in_data/week_4/assignment_2/batches/aaaaae.batch) [including 4ms in LoadMessage; 1ms in InitializeSparseNdw; 42ms in InferThetaAndUpdateNwtSparse; ]
I0619 16:24:59.946842 24408064 processor.cc:746] Processor: start processing batch d1fc1de5-37c2-4987-b827-0d3a835f4da7 into model nwt
I0619 16:24:59.947047 23871488 processor.cc:746] Processor: start processing batch a39646d9-c93c-4b46-9c31-62d6768a9e4d into model nwt
I0619 16:24:59.949226 24944640 processor.cc:746] Processor: start processing batch 655cd2ca-a884-4971-8f82-ba284303a518 into model nwt
I0619 16:24:59.968905 25481216 processor.cc:842] Processor: complete processing batch d9d556fc-53f0-4412-a960-7064efe6a29f into model nwt
I0619 16:24:59.971190 25481216 cuckoo_watch.h:44] 69ms in ProcessBatch(/Users/miptgirl/Documents/coursera_ml_and_data_analysis_spec/structure_in_data/week_4/assignment_2/batches/aaaaaf.batch) [including 4ms in LoadMessage; 1ms in InitializeSparseNdw; 58ms in InferThetaAndUpdateNwtSparse; ]
I0619 16:24:59.983362 25481216 processor.cc:746] Processor: start processing batch a36830c6-b335-4acf-9c93-d53ca2ddea20 into model nwt
I0619 16:24:59.996713 24944640 processor.cc:842] Processor: complete processing batch 655cd2ca-a884-4971-8f82-ba284303a518 into model nwt
I0619 16:24:59.997324 24408064 processor.cc:842] Processor: complete processing batch d1fc1de5-37c2-4987-b827-0d3a835f4da7 into model nwt
I0619 16:25:00.001286 24408064 cuckoo_watch.h:44] 68ms in ProcessBatch(/Users/miptgirl/Documents/coursera_ml_and_data_analysis_spec/structure_in_data/week_4/assignment_2/batches/aaaaah.batch) [including 6ms in LoadMessage; 2ms in InitializeSparseNdw; 47ms in InferThetaAndUpdateNwtSparse; ]
I0619 16:25:00.001447 24944640 cuckoo_watch.h:44] 64ms in ProcessBatch(/Users/miptgirl/Documents/coursera_ml_and_data_analysis_spec/structure_in_data/week_4/assignment_2/batches/aaaaai.batch) [including 9ms in LoadMessage; 1ms in InitializeSparseNdw; 45ms in InferThetaAndUpdateNwtSparse; ]
I0619 16:25:00.015302 24408064 processor.cc:746] Processor: start processing batch 056d7f10-6699-407e-b143-2d8211909c87 into model nwt
I0619 16:25:00.015492 24944640 processor.cc:746] Processor: start processing batch eae3841a-2012-4922-a99c-d274e87a3c31 into model nwt
I0619 16:25:00.048229 23871488 processor.cc:842] Processor: complete processing batch a39646d9-c93c-4b46-9c31-62d6768a9e4d into model nwt
I0619 16:25:00.050488 23871488 cuckoo_watch.h:44] 118ms in ProcessBatch(/Users/miptgirl/Documents/coursera_ml_and_data_analysis_spec/structure_in_data/week_4/assignment_2/batches/aaaaag.batch) [including 12ms in LoadMessage; 3ms in InitializeSparseNdw; 98ms in InferThetaAndUpdateNwtSparse; ]
I0619 16:25:00.064661 23871488 processor.cc:746] Processor: start processing batch c0116f44-2e93-4075-bff2-492ffffb9e16 into model nwt
I0619 16:25:00.079613 25481216 processor.cc:842] Processor: complete processing batch a36830c6-b335-4acf-9c93-d53ca2ddea20 into model nwt
I0619 16:25:00.083139 25481216 cuckoo_watch.h:44] 111ms in ProcessBatch(/Users/miptgirl/Documents/coursera_ml_and_data_analysis_spec/structure_in_data/week_4/assignment_2/batches/aaaaaj.batch) [including 8ms in LoadMessage; 4ms in InitializeSparseNdw; 91ms in InferThetaAndUpdateNwtSparse; ]
I0619 16:25:00.096246 25481216 processor.cc:746] Processor: start processing batch f053904a-564b-4d2e-b458-6d05ddd7d42f into model nwt
I0619 16:25:00.175704 24408064 processor.cc:842] Processor: complete processing batch 056d7f10-6699-407e-b143-2d8211909c87 into model nwt
I0619 16:25:00.180785 24944640 processor.cc:842] Processor: complete processing batch eae3841a-2012-4922-a99c-d274e87a3c31 into model nwt
I0619 16:25:00.181398 24408064 cuckoo_watch.h:44] 180ms in ProcessBatch(/Users/miptgirl/Documents/coursera_ml_and_data_analysis_spec/structure_in_data/week_4/assignment_2/batches/aaaaak.batch) [including 11ms in LoadMessage; 10ms in InitializeSparseNdw; 149ms in InferThetaAndUpdateNwtSparse; ]
I0619 16:25:00.186012 24944640 cuckoo_watch.h:44] 184ms in ProcessBatch(/Users/miptgirl/Documents/coursera_ml_and_data_analysis_spec/structure_in_data/week_4/assignment_2/batches/aaaaal.batch) [including 11ms in LoadMessage; 11ms in InitializeSparseNdw; 153ms in InferThetaAndUpdateNwtSparse; ]
I0619 16:25:00.192883 24408064 processor.cc:746] Processor: start processing batch 8ce90dfc-918a-4917-b71a-e26020fe626a into model nwt
I0619 16:25:00.196604 24944640 processor.cc:746] Processor: start processing batch 654c13d6-dd97-4f03-a4d7-a13f5ea253f3 into model nwt
I0619 16:25:00.212031 23871488 processor.cc:842] Processor: complete processing batch c0116f44-2e93-4075-bff2-492ffffb9e16 into model nwt
I0619 16:25:00.217357 23871488 cuckoo_watch.h:44] 166ms in ProcessBatch(/Users/miptgirl/Documents/coursera_ml_and_data_analysis_spec/structure_in_data/week_4/assignment_2/batches/aaaaam.batch) [including 11ms in LoadMessage; 8ms in InitializeSparseNdw; 138ms in InferThetaAndUpdateNwtSparse; ]
I0619 16:25:00.219899 25481216 processor.cc:842] Processor: complete processing batch f053904a-564b-4d2e-b458-6d05ddd7d42f into model nwt
I0619 16:25:00.222185 23871488 processor.cc:746] Processor: start processing batch 689e14a7-6922-4fa3-bc93-2cdb4fca8fdf into model nwt
I0619 16:25:00.224745 25481216 cuckoo_watch.h:44] 141ms in ProcessBatch(/Users/miptgirl/Documents/coursera_ml_and_data_analysis_spec/structure_in_data/week_4/assignment_2/batches/aaaaan.batch) [including 10ms in LoadMessage; 8ms in InitializeSparseNdw; 115ms in InferThetaAndUpdateNwtSparse; ]
I0619 16:25:00.227578 25481216 processor.cc:746] Processor: start processing batch 1d30393b-e01f-4593-9876-0633c2152dae into model nwt
I0619 16:25:00.230908 25481216 processor.cc:842] Processor: complete processing batch 1d30393b-e01f-4593-9876-0633c2152dae into model nwt
I0619 16:25:00.231344 25481216 cuckoo_watch.h:44] 6ms in ProcessBatch(/Users/miptgirl/Documents/coursera_ml_and_data_analysis_spec/structure_in_data/week_4/assignment_2/batches/aaaaar.batch) [including 0ms in LoadMessage; 0ms in InitializeSparseNdw; 3ms in InferThetaAndUpdateNwtSparse; ]
I0619 16:25:00.241045 23871488 processor.cc:842] Processor: complete processing batch 689e14a7-6922-4fa3-bc93-2cdb4fca8fdf into model nwt
I0619 16:25:00.242488 23871488 cuckoo_watch.h:44] 25ms in ProcessBatch(/Users/miptgirl/Documents/coursera_ml_and_data_analysis_spec/structure_in_data/week_4/assignment_2/batches/aaaaaq.batch) [including 2ms in LoadMessage; 0ms in InitializeSparseNdw; 17ms in InferThetaAndUpdateNwtSparse; ]
I0619 16:25:00.253332 25481216 processor.cc:662] No data in processing queue, waiting...
I0619 16:25:00.264569 23871488 processor.cc:662] No data in processing queue, waiting...
I0619 16:25:00.280325 24944640 processor.cc:842] Processor: complete processing batch 654c13d6-dd97-4f03-a4d7-a13f5ea253f3 into model nwt
I0619 16:25:00.283447 24944640 cuckoo_watch.h:44] 97ms in ProcessBatch(/Users/miptgirl/Documents/coursera_ml_and_data_analysis_spec/structure_in_data/week_4/assignment_2/batches/aaaaap.batch) [including 8ms in LoadMessage; 5ms in InitializeSparseNdw; 77ms in InferThetaAndUpdateNwtSparse; ]
I0619 16:25:00.284198 24408064 processor.cc:842] Processor: complete processing batch 8ce90dfc-918a-4917-b71a-e26020fe626a into model nwt
I0619 16:25:00.286464 24408064 cuckoo_watch.h:44] 105ms in ProcessBatch(/Users/miptgirl/Documents/coursera_ml_and_data_analysis_spec/structure_in_data/week_4/assignment_2/batches/aaaaao.batch) [including 9ms in LoadMessage; 5ms in InitializeSparseNdw; 85ms in InferThetaAndUpdateNwtSparse; ]
I0619 16:25:00.286720 2021564416 master_component.cc:979] RegularizeModelArgs: rwt_target_name=rwt, pwt_source_name=pwt, nwt_source_name=nwt
I0619 16:25:00.286752 2021564416 master_component.cc:590] MasterComponent: start regularizing model pwt
I0619 16:25:00.306306 24944640 processor.cc:662] No data in processing queue, waiting...
I0619 16:25:00.310425 24408064 processor.cc:662] No data in processing queue, waiting...
I0619 16:25:00.355568 2021564416 master_component.cc:613] MasterComponent: complete regularizing model pwt
I0619 16:25:00.355692 2021564416 master_component.cc:990] NormalizeModelArgs: pwt_target_name=pwt, nwt_source_name=nwt, rwt_source_name=rwt
I0619 16:25:00.355700 2021564416 master_component.cc:617] MasterComponent: start normalizing model nwt
I0619 16:25:00.407191 2021564416 master_component.cc:639] MasterComponent: complete normalizing model nwt
I0619 16:25:00.556089 2021564416 master_component.cc:1014] DisposeModel rwt
I0619 16:25:00.579913 2021564416 c_interface.cc:332] Pass FitOfflineMasterModelArgs, batch_filename_size=18, batch_weight_size=18, num_collection_passes=1 to MN4artm4core15MasterComponentEFvRKNS_25FitOfflineMasterModelArgsEE
I0619 16:25:00.579933 2021564416 master_component.cc:941] ProcessBatchesArgs: nwt_target_name=nwt, batch_filename_size=18, batch_size=0, batch_weight_size=18, pwt_source_name=pwt, num_document_passes=10, regularizer=(name:SmoothPhi, tau:100000), class=(text:1), class=(author:1), reuse_theta=no, opt_for_avx=yes, predict_class_id=
I0619 16:25:00.642390 25481216 processor.cc:669] Processing queue has data, processing started
I0619 16:25:00.649305 25481216 processor.cc:746] Processor: start processing batch f912d5bb-bfe9-4607-9bf2-add4bac57d76 into model nwt
I0619 16:25:00.651051 23871488 processor.cc:669] Processing queue has data, processing started
I0619 16:25:00.658363 23871488 processor.cc:746] Processor: start processing batch 9042f92e-fd75-4444-973c-657f347edb55 into model nwt
I0619 16:25:00.659031 24944640 processor.cc:669] Processing queue has data, processing started
I0619 16:25:00.663952 25481216 processor.cc:842] Processor: complete processing batch f912d5bb-bfe9-4607-9bf2-add4bac57d76 into model nwt
I0619 16:25:00.664527 24944640 processor.cc:746] Processor: start processing batch 6609c86e-5b7a-44da-be30-772c4f79a3f2 into model nwt
I0619 16:25:00.667603 25481216 cuckoo_watch.h:44] 25ms in ProcessBatch(/Users/miptgirl/Documents/coursera_ml_and_data_analysis_spec/structure_in_data/week_4/assignment_2/batches/aaaaaa.batch) [including 3ms in LoadMessage; 0ms in InitializeSparseNdw; 13ms in InferThetaAndUpdateNwtSparse; ]
I0619 16:25:00.669826 24408064 processor.cc:669] Processing queue has data, processing started
I0619 16:25:00.677567 24408064 processor.cc:746] Processor: start processing batch cde3298e-97b7-41f7-a58d-038c26ec99b2 into model nwt
I0619 16:25:00.683078 25481216 processor.cc:746] Processor: start processing batch cda8f3c4-f4f0-40ae-8586-057e31205b6c into model nwt
I0619 16:25:00.689101 23871488 processor.cc:842] Processor: complete processing batch 9042f92e-fd75-4444-973c-657f347edb55 into model nwt
I0619 16:25:00.691148 23871488 cuckoo_watch.h:44] 40ms in ProcessBatch(/Users/miptgirl/Documents/coursera_ml_and_data_analysis_spec/structure_in_data/week_4/assignment_2/batches/aaaaab.batch) [including 5ms in LoadMessage; 1ms in InitializeSparseNdw; 29ms in InferThetaAndUpdateNwtSparse; ]
I0619 16:25:00.711902 25481216 processor.cc:842] Processor: complete processing batch cda8f3c4-f4f0-40ae-8586-057e31205b6c into model nwt
I0619 16:25:00.720610 25481216 cuckoo_watch.h:44] 43ms in ProcessBatch(/Users/miptgirl/Documents/coursera_ml_and_data_analysis_spec/structure_in_data/week_4/assignment_2/batches/aaaaae.batch) [including 3ms in LoadMessage; 1ms in InitializeSparseNdw; 27ms in InferThetaAndUpdateNwtSparse; ]
I0619 16:25:00.723637 23871488 processor.cc:746] Processor: start processing batch d9d556fc-53f0-4412-a960-7064efe6a29f into model nwt
I0619 16:25:00.726305 24944640 processor.cc:842] Processor: complete processing batch 6609c86e-5b7a-44da-be30-772c4f79a3f2 into model nwt
I0619 16:25:00.729212 24944640 cuckoo_watch.h:44] 70ms in ProcessBatch(/Users/miptgirl/Documents/coursera_ml_and_data_analysis_spec/structure_in_data/week_4/assignment_2/batches/aaaaac.batch) [including 3ms in LoadMessage; 1ms in InitializeSparseNdw; 60ms in InferThetaAndUpdateNwtSparse; ]
I0619 16:25:00.735647 24944640 processor.cc:746] Processor: start processing batch d1fc1de5-37c2-4987-b827-0d3a835f4da7 into model nwt
I0619 16:25:00.736104 24408064 processor.cc:842] Processor: complete processing batch cde3298e-97b7-41f7-a58d-038c26ec99b2 into model nwt
I0619 16:25:00.738204 24408064 cuckoo_watch.h:44] 68ms in ProcessBatch(/Users/miptgirl/Documents/coursera_ml_and_data_analysis_spec/structure_in_data/week_4/assignment_2/batches/aaaaad.batch) [including 4ms in LoadMessage; 1ms in InitializeSparseNdw; 56ms in InferThetaAndUpdateNwtSparse; ]
I0619 16:25:00.745396 24408064 processor.cc:746] Processor: start processing batch 655cd2ca-a884-4971-8f82-ba284303a518 into model nwt
I0619 16:25:00.752490 25481216 processor.cc:746] Processor: start processing batch a39646d9-c93c-4b46-9c31-62d6768a9e4d into model nwt
I0619 16:25:00.771705 23871488 processor.cc:842] Processor: complete processing batch d9d556fc-53f0-4412-a960-7064efe6a29f into model nwt
I0619 16:25:00.774740 23871488 cuckoo_watch.h:44] 83ms in ProcessBatch(/Users/miptgirl/Documents/coursera_ml_and_data_analysis_spec/structure_in_data/week_4/assignment_2/batches/aaaaaf.batch) [including 4ms in LoadMessage; 6ms in InitializeSparseNdw; 41ms in InferThetaAndUpdateNwtSparse; ]
I0619 16:25:00.782788 24408064 processor.cc:842] Processor: complete processing batch 655cd2ca-a884-4971-8f82-ba284303a518 into model nwt
I0619 16:25:00.785311 24408064 cuckoo_watch.h:44] 47ms in ProcessBatch(/Users/miptgirl/Documents/coursera_ml_and_data_analysis_spec/structure_in_data/week_4/assignment_2/batches/aaaaai.batch) [including 4ms in LoadMessage; 1ms in InitializeSparseNdw; 35ms in InferThetaAndUpdateNwtSparse; ]
I0619 16:25:00.791120 23871488 processor.cc:746] Processor: start processing batch a36830c6-b335-4acf-9c93-d53ca2ddea20 into model nwt
I0619 16:25:00.799197 24944640 processor.cc:842] Processor: complete processing batch d1fc1de5-37c2-4987-b827-0d3a835f4da7 into model nwt
I0619 16:25:00.800658 24408064 processor.cc:746] Processor: start processing batch 056d7f10-6699-407e-b143-2d8211909c87 into model nwt
I0619 16:25:00.802090 24944640 cuckoo_watch.h:44] 72ms in ProcessBatch(/Users/miptgirl/Documents/coursera_ml_and_data_analysis_spec/structure_in_data/week_4/assignment_2/batches/aaaaah.batch) [including 4ms in LoadMessage; 1ms in InitializeSparseNdw; 61ms in InferThetaAndUpdateNwtSparse; ]
I0619 16:25:00.816717 24944640 processor.cc:746] Processor: start processing batch eae3841a-2012-4922-a99c-d274e87a3c31 into model nwt
I0619 16:25:00.817868 25481216 processor.cc:842] Processor: complete processing batch a39646d9-c93c-4b46-9c31-62d6768a9e4d into model nwt
I0619 16:25:00.820405 25481216 cuckoo_watch.h:44] 99ms in ProcessBatch(/Users/miptgirl/Documents/coursera_ml_and_data_analysis_spec/structure_in_data/week_4/assignment_2/batches/aaaaag.batch) [including 29ms in LoadMessage; 2ms in InitializeSparseNdw; 62ms in InferThetaAndUpdateNwtSparse; ]
I0619 16:25:00.841231 25481216 processor.cc:746] Processor: start processing batch c0116f44-2e93-4075-bff2-492ffffb9e16 into model nwt
I0619 16:25:00.868710 23871488 processor.cc:842] Processor: complete processing batch a36830c6-b335-4acf-9c93-d53ca2ddea20 into model nwt
I0619 16:25:00.872727 23871488 cuckoo_watch.h:44] 97ms in ProcessBatch(/Users/miptgirl/Documents/coursera_ml_and_data_analysis_spec/structure_in_data/week_4/assignment_2/batches/aaaaaj.batch) [including 13ms in LoadMessage; 4ms in InitializeSparseNdw; 73ms in InferThetaAndUpdateNwtSparse; ]
I0619 16:25:00.886139 23871488 processor.cc:746] Processor: start processing batch f053904a-564b-4d2e-b458-6d05ddd7d42f into model nwt
I0619 16:25:00.960921 24408064 processor.cc:842] Processor: complete processing batch 056d7f10-6699-407e-b143-2d8211909c87 into model nwt
I0619 16:25:00.963179 24944640 processor.cc:842] Processor: complete processing batch eae3841a-2012-4922-a99c-d274e87a3c31 into model nwt
I0619 16:25:00.966822 24408064 cuckoo_watch.h:44] 181ms in ProcessBatch(/Users/miptgirl/Documents/coursera_ml_and_data_analysis_spec/structure_in_data/week_4/assignment_2/batches/aaaaak.batch) [including 13ms in LoadMessage; 18ms in InitializeSparseNdw; 141ms in InferThetaAndUpdateNwtSparse; ]
I0619 16:25:00.968706 24944640 cuckoo_watch.h:44] 166ms in ProcessBatch(/Users/miptgirl/Documents/coursera_ml_and_data_analysis_spec/structure_in_data/week_4/assignment_2/batches/aaaaal.batch) [including 12ms in LoadMessage; 11ms in InitializeSparseNdw; 134ms in InferThetaAndUpdateNwtSparse; ]
I0619 16:25:00.978628 24408064 processor.cc:746] Processor: start processing batch 8ce90dfc-918a-4917-b71a-e26020fe626a into model nwt
I0619 16:25:00.979478 24944640 processor.cc:746] Processor: start processing batch 654c13d6-dd97-4f03-a4d7-a13f5ea253f3 into model nwt
I0619 16:25:00.997766 25481216 processor.cc:842] Processor: complete processing batch c0116f44-2e93-4075-bff2-492ffffb9e16 into model nwt
I0619 16:25:01.002629 25481216 cuckoo_watch.h:44] 182ms in ProcessBatch(/Users/miptgirl/Documents/coursera_ml_and_data_analysis_spec/structure_in_data/week_4/assignment_2/batches/aaaaam.batch) [including 18ms in LoadMessage; 8ms in InitializeSparseNdw; 147ms in InferThetaAndUpdateNwtSparse; ]
I0619 16:25:01.007611 25481216 processor.cc:746] Processor: start processing batch 689e14a7-6922-4fa3-bc93-2cdb4fca8fdf into model nwt
I0619 16:25:01.015332 23871488 processor.cc:842] Processor: complete processing batch f053904a-564b-4d2e-b458-6d05ddd7d42f into model nwt
I0619 16:25:01.020337 23871488 cuckoo_watch.h:44] 147ms in ProcessBatch(/Users/miptgirl/Documents/coursera_ml_and_data_analysis_spec/structure_in_data/week_4/assignment_2/batches/aaaaan.batch) [including 11ms in LoadMessage; 7ms in InitializeSparseNdw; 122ms in InferThetaAndUpdateNwtSparse; ]
I0619 16:25:01.024569 23871488 processor.cc:746] Processor: start processing batch 1d30393b-e01f-4593-9876-0633c2152dae into model nwt
I0619 16:25:01.027380 25481216 processor.cc:842] Processor: complete processing batch 689e14a7-6922-4fa3-bc93-2cdb4fca8fdf into model nwt
I0619 16:25:01.028295 23871488 processor.cc:842] Processor: complete processing batch 1d30393b-e01f-4593-9876-0633c2152dae into model nwt
I0619 16:25:01.028838 23871488 cuckoo_watch.h:44] 8ms in ProcessBatch(/Users/miptgirl/Documents/coursera_ml_and_data_analysis_spec/structure_in_data/week_4/assignment_2/batches/aaaaar.batch) [including 1ms in LoadMessage; 0ms in InitializeSparseNdw; 3ms in InferThetaAndUpdateNwtSparse; ]
I0619 16:25:01.028976 25481216 cuckoo_watch.h:44] 26ms in ProcessBatch(/Users/miptgirl/Documents/coursera_ml_and_data_analysis_spec/structure_in_data/week_4/assignment_2/batches/aaaaaq.batch) [including 2ms in LoadMessage; 0ms in InitializeSparseNdw; 18ms in InferThetaAndUpdateNwtSparse; ]
I0619 16:25:01.051969 25481216 processor.cc:662] No data in processing queue, waiting...
I0619 16:25:01.052079 23871488 processor.cc:662] No data in processing queue, waiting...
I0619 16:25:01.073887 24944640 processor.cc:842] Processor: complete processing batch 654c13d6-dd97-4f03-a4d7-a13f5ea253f3 into model nwt
I0619 16:25:01.076733 24944640 cuckoo_watch.h:44] 107ms in ProcessBatch(/Users/miptgirl/Documents/coursera_ml_and_data_analysis_spec/structure_in_data/week_4/assignment_2/batches/aaaaap.batch) [including 8ms in LoadMessage; 5ms in InitializeSparseNdw; 88ms in InferThetaAndUpdateNwtSparse; ]
I0619 16:25:01.081971 24408064 processor.cc:842] Processor: complete processing batch 8ce90dfc-918a-4917-b71a-e26020fe626a into model nwt
I0619 16:25:01.084460 24408064 cuckoo_watch.h:44] 117ms in ProcessBatch(/Users/miptgirl/Documents/coursera_ml_and_data_analysis_spec/structure_in_data/week_4/assignment_2/batches/aaaaao.batch) [including 9ms in LoadMessage; 5ms in InitializeSparseNdw; 97ms in InferThetaAndUpdateNwtSparse; ]
I0619 16:25:01.085252 2021564416 master_component.cc:979] RegularizeModelArgs: rwt_target_name=rwt, pwt_source_name=pwt, nwt_source_name=nwt
I0619 16:25:01.085407 2021564416 master_component.cc:590] MasterComponent: start regularizing model pwt
I0619 16:25:01.100500 24944640 processor.cc:662] No data in processing queue, waiting...
I0619 16:25:01.108031 24408064 processor.cc:662] No data in processing queue, waiting...
I0619 16:25:01.149210 2021564416 master_component.cc:613] MasterComponent: complete regularizing model pwt
I0619 16:25:01.149262 2021564416 master_component.cc:990] NormalizeModelArgs: pwt_target_name=pwt, nwt_source_name=nwt, rwt_source_name=rwt
I0619 16:25:01.149271 2021564416 master_component.cc:617] MasterComponent: start normalizing model nwt
I0619 16:25:01.195760 2021564416 master_component.cc:639] MasterComponent: complete normalizing model nwt
I0619 16:25:01.332280 2021564416 master_component.cc:1014] DisposeModel rwt
I0619 16:25:01.347081 2021564416 c_interface.cc:332] Pass FitOfflineMasterModelArgs, batch_filename_size=18, batch_weight_size=18, num_collection_passes=1 to MN4artm4core15MasterComponentEFvRKNS_25FitOfflineMasterModelArgsEE
I0619 16:25:01.347101 2021564416 master_component.cc:941] ProcessBatchesArgs: nwt_target_name=nwt, batch_filename_size=18, batch_size=0, batch_weight_size=18, pwt_source_name=pwt, num_document_passes=10, regularizer=(name:SmoothPhi, tau:100000), class=(text:1), class=(author:1), reuse_theta=no, opt_for_avx=yes, predict_class_id=
I0619 16:25:01.381239 24408064 processor.cc:669] Processing queue has data, processing started
I0619 16:25:01.383594 24408064 processor.cc:746] Processor: start processing batch f912d5bb-bfe9-4607-9bf2-add4bac57d76 into model nwt
I0619 16:25:01.387476 25481216 processor.cc:669] Processing queue has data, processing started
I0619 16:25:01.392138 25481216 processor.cc:746] Processor: start processing batch 9042f92e-fd75-4444-973c-657f347edb55 into model nwt
I0619 16:25:01.392518 23871488 processor.cc:669] Processing queue has data, processing started
I0619 16:25:01.395612 23871488 processor.cc:746] Processor: start processing batch 6609c86e-5b7a-44da-be30-772c4f79a3f2 into model nwt
I0619 16:25:01.398313 24408064 processor.cc:842] Processor: complete processing batch f912d5bb-bfe9-4607-9bf2-add4bac57d76 into model nwt
I0619 16:25:01.399235 24408064 cuckoo_watch.h:44] 17ms in ProcessBatch(/Users/miptgirl/Documents/coursera_ml_and_data_analysis_spec/structure_in_data/week_4/assignment_2/batches/aaaaaa.batch) [including 1ms in LoadMessage; 0ms in InitializeSparseNdw; 14ms in InferThetaAndUpdateNwtSparse; ]
I0619 16:25:01.405220 24944640 processor.cc:669] Processing queue has data, processing started
I0619 16:25:01.410512 24944640 processor.cc:746] Processor: start processing batch cde3298e-97b7-41f7-a58d-038c26ec99b2 into model nwt
I0619 16:25:01.418777 25481216 processor.cc:842] Processor: complete processing batch 9042f92e-fd75-4444-973c-657f347edb55 into model nwt
I0619 16:25:01.421013 25481216 cuckoo_watch.h:44] 33ms in ProcessBatch(/Users/miptgirl/Documents/coursera_ml_and_data_analysis_spec/structure_in_data/week_4/assignment_2/batches/aaaaab.batch) [including 2ms in LoadMessage; 0ms in InitializeSparseNdw; 25ms in InferThetaAndUpdateNwtSparse; ]
I0619 16:25:01.424409 24408064 processor.cc:746] Processor: start processing batch cda8f3c4-f4f0-40ae-8586-057e31205b6c into model nwt
I0619 16:25:01.427675 23871488 processor.cc:842] Processor: complete processing batch 6609c86e-5b7a-44da-be30-772c4f79a3f2 into model nwt
I0619 16:25:01.428247 25481216 processor.cc:746] Processor: start processing batch d9d556fc-53f0-4412-a960-7064efe6a29f into model nwt
I0619 16:25:01.430107 23871488 cuckoo_watch.h:44] 37ms in ProcessBatch(/Users/miptgirl/Documents/coursera_ml_and_data_analysis_spec/structure_in_data/week_4/assignment_2/batches/aaaaac.batch) [including 1ms in LoadMessage; 0ms in InitializeSparseNdw; 31ms in InferThetaAndUpdateNwtSparse; ]
I0619 16:25:01.446091 23871488 processor.cc:746] Processor: start processing batch a39646d9-c93c-4b46-9c31-62d6768a9e4d into model nwt
I0619 16:25:01.455185 24944640 processor.cc:842] Processor: complete processing batch cde3298e-97b7-41f7-a58d-038c26ec99b2 into model nwt
I0619 16:25:01.457113 24944640 cuckoo_watch.h:44] 51ms in ProcessBatch(/Users/miptgirl/Documents/coursera_ml_and_data_analysis_spec/structure_in_data/week_4/assignment_2/batches/aaaaad.batch) [including 3ms in LoadMessage; 1ms in InitializeSparseNdw; 43ms in InferThetaAndUpdateNwtSparse; ]
I0619 16:25:01.461812 25481216 processor.cc:842] Processor: complete processing batch d9d556fc-53f0-4412-a960-7064efe6a29f into model nwt
I0619 16:25:01.463397 24944640 processor.cc:746] Processor: start processing batch d1fc1de5-37c2-4987-b827-0d3a835f4da7 into model nwt
I0619 16:25:01.464073 25481216 cuckoo_watch.h:44] 42ms in ProcessBatch(/Users/miptgirl/Documents/coursera_ml_and_data_analysis_spec/structure_in_data/week_4/assignment_2/batches/aaaaaf.batch) [including 4ms in LoadMessage; 1ms in InitializeSparseNdw; 31ms in InferThetaAndUpdateNwtSparse; ]
I0619 16:25:01.473603 24408064 processor.cc:842] Processor: complete processing batch cda8f3c4-f4f0-40ae-8586-057e31205b6c into model nwt
I0619 16:25:01.475522 24408064 cuckoo_watch.h:44] 57ms in ProcessBatch(/Users/miptgirl/Documents/coursera_ml_and_data_analysis_spec/structure_in_data/week_4/assignment_2/batches/aaaaae.batch) [including 3ms in LoadMessage; 1ms in InitializeSparseNdw; 47ms in InferThetaAndUpdateNwtSparse; ]
I0619 16:25:01.482069 25481216 processor.cc:746] Processor: start processing batch 655cd2ca-a884-4971-8f82-ba284303a518 into model nwt
I0619 16:25:01.484407 24408064 processor.cc:746] Processor: start processing batch a36830c6-b335-4acf-9c93-d53ca2ddea20 into model nwt
I0619 16:25:01.508265 23871488 processor.cc:842] Processor: complete processing batch a39646d9-c93c-4b46-9c31-62d6768a9e4d into model nwt
I0619 16:25:01.511009 23871488 cuckoo_watch.h:44] 72ms in ProcessBatch(/Users/miptgirl/Documents/coursera_ml_and_data_analysis_spec/structure_in_data/week_4/assignment_2/batches/aaaaag.batch) [including 5ms in LoadMessage; 2ms in InitializeSparseNdw; 59ms in InferThetaAndUpdateNwtSparse; ]
I0619 16:25:01.523821 24944640 processor.cc:842] Processor: complete processing batch d1fc1de5-37c2-4987-b827-0d3a835f4da7 into model nwt
I0619 16:25:01.525908 23871488 processor.cc:746] Processor: start processing batch 056d7f10-6699-407e-b143-2d8211909c87 into model nwt
I0619 16:25:01.526927 24944640 cuckoo_watch.h:44] 69ms in ProcessBatch(/Users/miptgirl/Documents/coursera_ml_and_data_analysis_spec/structure_in_data/week_4/assignment_2/batches/aaaaah.batch) [including 4ms in LoadMessage; 1ms in InitializeSparseNdw; 58ms in InferThetaAndUpdateNwtSparse; ]
I0619 16:25:01.541836 24944640 processor.cc:746] Processor: start processing batch eae3841a-2012-4922-a99c-d274e87a3c31 into model nwt
I0619 16:25:01.549778 25481216 processor.cc:842] Processor: complete processing batch 655cd2ca-a884-4971-8f82-ba284303a518 into model nwt
I0619 16:25:01.551890 25481216 cuckoo_watch.h:44] 87ms in ProcessBatch(/Users/miptgirl/Documents/coursera_ml_and_data_analysis_spec/structure_in_data/week_4/assignment_2/batches/aaaaai.batch) [including 9ms in LoadMessage; 1ms in InitializeSparseNdw; 65ms in InferThetaAndUpdateNwtSparse; ]
I0619 16:25:01.562669 24408064 processor.cc:842] Processor: complete processing batch a36830c6-b335-4acf-9c93-d53ca2ddea20 into model nwt
I0619 16:25:01.565018 25481216 processor.cc:746] Processor: start processing batch c0116f44-2e93-4075-bff2-492ffffb9e16 into model nwt
I0619 16:25:01.568076 24408064 cuckoo_watch.h:44] 92ms in ProcessBatch(/Users/miptgirl/Documents/coursera_ml_and_data_analysis_spec/structure_in_data/week_4/assignment_2/batches/aaaaaj.batch) [including 6ms in LoadMessage; 4ms in InitializeSparseNdw; 74ms in InferThetaAndUpdateNwtSparse; ]
I0619 16:25:01.580037 24408064 processor.cc:746] Processor: start processing batch f053904a-564b-4d2e-b458-6d05ddd7d42f into model nwt
I0619 16:25:01.710532 24944640 processor.cc:842] Processor: complete processing batch eae3841a-2012-4922-a99c-d274e87a3c31 into model nwt
I0619 16:25:01.715100 24944640 cuckoo_watch.h:44] 188ms in ProcessBatch(/Users/miptgirl/Documents/coursera_ml_and_data_analysis_spec/structure_in_data/week_4/assignment_2/batches/aaaaal.batch) [including 12ms in LoadMessage; 7ms in InitializeSparseNdw; 160ms in InferThetaAndUpdateNwtSparse; ]
I0619 16:25:01.735543 24944640 processor.cc:746] Processor: start processing batch 8ce90dfc-918a-4917-b71a-e26020fe626a into model nwt
I0619 16:25:01.746224 25481216 processor.cc:842] Processor: complete processing batch c0116f44-2e93-4075-bff2-492ffffb9e16 into model nwt
I0619 16:25:01.751014 25481216 cuckoo_watch.h:44] 199ms in ProcessBatch(/Users/miptgirl/Documents/coursera_ml_and_data_analysis_spec/structure_in_data/week_4/assignment_2/batches/aaaaam.batch) [including 11ms in LoadMessage; 7ms in InitializeSparseNdw; 173ms in InferThetaAndUpdateNwtSparse; ]
I0619 16:25:01.771116 25481216 processor.cc:746] Processor: start processing batch 654c13d6-dd97-4f03-a4d7-a13f5ea253f3 into model nwt
