I0619 16:25:14.858954 2021564416 master_component.cc:617] MasterComponent: start normalizing model nwt
I0619 16:25:14.907882 2021564416 master_component.cc:639] MasterComponent: complete normalizing model nwt
I0619 16:25:15.048465 2021564416 master_component.cc:1014] DisposeModel rwt
I0619 16:25:15.062526 2021564416 c_interface.cc:332] Pass FitOfflineMasterModelArgs, batch_filename_size=18, batch_weight_size=18, num_collection_passes=1 to MN4artm4core15MasterComponentEFvRKNS_25FitOfflineMasterModelArgsEE
I0619 16:25:15.062547 2021564416 master_component.cc:941] ProcessBatchesArgs: nwt_target_name=nwt, batch_filename_size=18, batch_size=0, batch_weight_size=18, pwt_source_name=pwt, num_document_passes=10, regularizer=(name:SmoothPhi, tau:100000), class=(text:1), class=(author:1), reuse_theta=no, opt_for_avx=yes, predict_class_id=
I0619 16:25:15.097203 24408064 processor.cc:669] Processing queue has data, processing started
I0619 16:25:15.100227 24408064 processor.cc:746] Processor: start processing batch f912d5bb-bfe9-4607-9bf2-add4bac57d76 into model nwt
I0619 16:25:15.106191 25481216 processor.cc:669] Processing queue has data, processing started
I0619 16:25:15.108686 24944640 processor.cc:669] Processing queue has data, processing started
I0619 16:25:15.110134 24408064 processor.cc:842] Processor: complete processing batch f912d5bb-bfe9-4607-9bf2-add4bac57d76 into model nwt
I0619 16:25:15.110781 25481216 processor.cc:746] Processor: start processing batch 9042f92e-fd75-4444-973c-657f347edb55 into model nwt
I0619 16:25:15.111184 24408064 cuckoo_watch.h:44] 13ms in ProcessBatch(/Users/miptgirl/Documents/coursera_ml_and_data_analysis_spec/structure_in_data/week_4/assignment_2/batches/aaaaaa.batch) [including 1ms in LoadMessage; 0ms in InitializeSparseNdw; 9ms in InferThetaAndUpdateNwtSparse; ]
I0619 16:25:15.113601 24944640 processor.cc:746] Processor: start processing batch 6609c86e-5b7a-44da-be30-772c4f79a3f2 into model nwt
I0619 16:25:15.126556 24408064 processor.cc:746] Processor: start processing batch cde3298e-97b7-41f7-a58d-038c26ec99b2 into model nwt
I0619 16:25:15.139870 23871488 processor.cc:669] Processing queue has data, processing started
I0619 16:25:15.147985 25481216 processor.cc:842] Processor: complete processing batch 9042f92e-fd75-4444-973c-657f347edb55 into model nwt
I0619 16:25:15.148124 23871488 processor.cc:746] Processor: start processing batch cda8f3c4-f4f0-40ae-8586-057e31205b6c into model nwt
I0619 16:25:15.152042 25481216 cuckoo_watch.h:44] 45ms in ProcessBatch(/Users/miptgirl/Documents/coursera_ml_and_data_analysis_spec/structure_in_data/week_4/assignment_2/batches/aaaaab.batch) [including 2ms in LoadMessage; 1ms in InitializeSparseNdw; 36ms in InferThetaAndUpdateNwtSparse; ]
I0619 16:25:15.156455 24944640 processor.cc:842] Processor: complete processing batch 6609c86e-5b7a-44da-be30-772c4f79a3f2 into model nwt
I0619 16:25:15.160527 24944640 cuckoo_watch.h:44] 51ms in ProcessBatch(/Users/miptgirl/Documents/coursera_ml_and_data_analysis_spec/structure_in_data/week_4/assignment_2/batches/aaaaac.batch) [including 3ms in LoadMessage; 1ms in InitializeSparseNdw; 41ms in InferThetaAndUpdateNwtSparse; ]
I0619 16:25:15.167111 25481216 processor.cc:746] Processor: start processing batch d9d556fc-53f0-4412-a960-7064efe6a29f into model nwt
I0619 16:25:15.177589 24408064 processor.cc:842] Processor: complete processing batch cde3298e-97b7-41f7-a58d-038c26ec99b2 into model nwt
I0619 16:25:15.180080 24944640 processor.cc:746] Processor: start processing batch a39646d9-c93c-4b46-9c31-62d6768a9e4d into model nwt
I0619 16:25:15.180829 24408064 cuckoo_watch.h:44] 60ms in ProcessBatch(/Users/miptgirl/Documents/coursera_ml_and_data_analysis_spec/structure_in_data/week_4/assignment_2/batches/aaaaad.batch) [including 3ms in LoadMessage; 2ms in InitializeSparseNdw; 48ms in InferThetaAndUpdateNwtSparse; ]
I0619 16:25:15.182219 23871488 processor.cc:842] Processor: complete processing batch cda8f3c4-f4f0-40ae-8586-057e31205b6c into model nwt
I0619 16:25:15.184718 23871488 cuckoo_watch.h:44] 44ms in ProcessBatch(/Users/miptgirl/Documents/coursera_ml_and_data_analysis_spec/structure_in_data/week_4/assignment_2/batches/aaaaae.batch) [including 5ms in LoadMessage; 1ms in InitializeSparseNdw; 32ms in InferThetaAndUpdateNwtSparse; ]
I0619 16:25:15.197388 23871488 processor.cc:746] Processor: start processing batch d1fc1de5-37c2-4987-b827-0d3a835f4da7 into model nwt
I0619 16:25:15.201390 25481216 processor.cc:842] Processor: complete processing batch d9d556fc-53f0-4412-a960-7064efe6a29f into model nwt
I0619 16:25:15.208984 25481216 cuckoo_watch.h:44] 52ms in ProcessBatch(/Users/miptgirl/Documents/coursera_ml_and_data_analysis_spec/structure_in_data/week_4/assignment_2/batches/aaaaaf.batch) [including 7ms in LoadMessage; 1ms in InitializeSparseNdw; 32ms in InferThetaAndUpdateNwtSparse; ]
I0619 16:25:15.209094 24408064 processor.cc:746] Processor: start processing batch 655cd2ca-a884-4971-8f82-ba284303a518 into model nwt
I0619 16:25:15.223273 25481216 processor.cc:746] Processor: start processing batch a36830c6-b335-4acf-9c93-d53ca2ddea20 into model nwt
I0619 16:25:15.242996 23871488 processor.cc:842] Processor: complete processing batch d1fc1de5-37c2-4987-b827-0d3a835f4da7 into model nwt
I0619 16:25:15.245929 23871488 cuckoo_watch.h:44] 55ms in ProcessBatch(/Users/miptgirl/Documents/coursera_ml_and_data_analysis_spec/structure_in_data/week_4/assignment_2/batches/aaaaah.batch) [including 4ms in LoadMessage; 1ms in InitializeSparseNdw; 44ms in InferThetaAndUpdateNwtSparse; ]
I0619 16:25:15.250855 24408064 processor.cc:842] Processor: complete processing batch 655cd2ca-a884-4971-8f82-ba284303a518 into model nwt
I0619 16:25:15.254678 24944640 processor.cc:842] Processor: complete processing batch a39646d9-c93c-4b46-9c31-62d6768a9e4d into model nwt
I0619 16:25:15.254722 24408064 cuckoo_watch.h:44] 51ms in ProcessBatch(/Users/miptgirl/Documents/coursera_ml_and_data_analysis_spec/structure_in_data/week_4/assignment_2/batches/aaaaai.batch) [including 4ms in LoadMessage; 1ms in InitializeSparseNdw; 40ms in InferThetaAndUpdateNwtSparse; ]
I0619 16:25:15.256762 24944640 cuckoo_watch.h:44] 85ms in ProcessBatch(/Users/miptgirl/Documents/coursera_ml_and_data_analysis_spec/structure_in_data/week_4/assignment_2/batches/aaaaag.batch) [including 6ms in LoadMessage; 3ms in InitializeSparseNdw; 71ms in InferThetaAndUpdateNwtSparse; ]
I0619 16:25:15.261857 23871488 processor.cc:746] Processor: start processing batch 056d7f10-6699-407e-b143-2d8211909c87 into model nwt
I0619 16:25:15.275116 24408064 processor.cc:746] Processor: start processing batch eae3841a-2012-4922-a99c-d274e87a3c31 into model nwt
I0619 16:25:15.279109 24944640 processor.cc:746] Processor: start processing batch c0116f44-2e93-4075-bff2-492ffffb9e16 into model nwt
I0619 16:25:15.319895 25481216 processor.cc:842] Processor: complete processing batch a36830c6-b335-4acf-9c93-d53ca2ddea20 into model nwt
I0619 16:25:15.325664 25481216 cuckoo_watch.h:44] 112ms in ProcessBatch(/Users/miptgirl/Documents/coursera_ml_and_data_analysis_spec/structure_in_data/week_4/assignment_2/batches/aaaaaj.batch) [including 8ms in LoadMessage; 3ms in InitializeSparseNdw; 92ms in InferThetaAndUpdateNwtSparse; ]
I0619 16:25:15.337707 25481216 processor.cc:746] Processor: start processing batch f053904a-564b-4d2e-b458-6d05ddd7d42f into model nwt
I0619 16:25:15.420230 23871488 processor.cc:842] Processor: complete processing batch 056d7f10-6699-407e-b143-2d8211909c87 into model nwt
I0619 16:25:15.427073 23871488 cuckoo_watch.h:44] 180ms in ProcessBatch(/Users/miptgirl/Documents/coursera_ml_and_data_analysis_spec/structure_in_data/week_4/assignment_2/batches/aaaaak.batch) [including 13ms in LoadMessage; 14ms in InitializeSparseNdw; 143ms in InferThetaAndUpdateNwtSparse; ]
I0619 16:25:15.428303 24408064 processor.cc:842] Processor: complete processing batch eae3841a-2012-4922-a99c-d274e87a3c31 into model nwt
I0619 16:25:15.432596 24408064 cuckoo_watch.h:44] 177ms in ProcessBatch(/Users/miptgirl/Documents/coursera_ml_and_data_analysis_spec/structure_in_data/week_4/assignment_2/batches/aaaaal.batch) [including 18ms in LoadMessage; 18ms in InitializeSparseNdw; 134ms in InferThetaAndUpdateNwtSparse; ]
I0619 16:25:15.437362 23871488 processor.cc:746] Processor: start processing batch 8ce90dfc-918a-4917-b71a-e26020fe626a into model nwt
I0619 16:25:15.439004 24944640 processor.cc:842] Processor: complete processing batch c0116f44-2e93-4075-bff2-492ffffb9e16 into model nwt
I0619 16:25:15.442750 24408064 processor.cc:746] Processor: start processing batch 654c13d6-dd97-4f03-a4d7-a13f5ea253f3 into model nwt
I0619 16:25:15.444478 24944640 cuckoo_watch.h:44] 187ms in ProcessBatch(/Users/miptgirl/Documents/coursera_ml_and_data_analysis_spec/structure_in_data/week_4/assignment_2/batches/aaaaam.batch) [including 11ms in LoadMessage; 10ms in InitializeSparseNdw; 149ms in InferThetaAndUpdateNwtSparse; ]
I0619 16:25:15.449101 24944640 processor.cc:746] Processor: start processing batch 689e14a7-6922-4fa3-bc93-2cdb4fca8fdf into model nwt
I0619 16:25:15.463755 25481216 processor.cc:842] Processor: complete processing batch f053904a-564b-4d2e-b458-6d05ddd7d42f into model nwt
I0619 16:25:15.469347 25481216 cuckoo_watch.h:44] 143ms in ProcessBatch(/Users/miptgirl/Documents/coursera_ml_and_data_analysis_spec/structure_in_data/week_4/assignment_2/batches/aaaaan.batch) [including 9ms in LoadMessage; 7ms in InitializeSparseNdw; 118ms in InferThetaAndUpdateNwtSparse; ]
I0619 16:25:15.472601 25481216 processor.cc:746] Processor: start processing batch 1d30393b-e01f-4593-9876-0633c2152dae into model nwt
I0619 16:25:15.473531 24944640 processor.cc:842] Processor: complete processing batch 689e14a7-6922-4fa3-bc93-2cdb4fca8fdf into model nwt
I0619 16:25:15.475742 24944640 cuckoo_watch.h:44] 31ms in ProcessBatch(/Users/miptgirl/Documents/coursera_ml_and_data_analysis_spec/structure_in_data/week_4/assignment_2/batches/aaaaaq.batch) [including 2ms in LoadMessage; 0ms in InitializeSparseNdw; 23ms in InferThetaAndUpdateNwtSparse; ]
I0619 16:25:15.477005 25481216 processor.cc:842] Processor: complete processing batch 1d30393b-e01f-4593-9876-0633c2152dae into model nwt
I0619 16:25:15.477566 25481216 cuckoo_watch.h:44] 8ms in ProcessBatch(/Users/miptgirl/Documents/coursera_ml_and_data_analysis_spec/structure_in_data/week_4/assignment_2/batches/aaaaar.batch) [including 0ms in LoadMessage; 0ms in InitializeSparseNdw; 4ms in InferThetaAndUpdateNwtSparse; ]
I0619 16:25:15.499320 25481216 processor.cc:662] No data in processing queue, waiting...
I0619 16:25:15.499320 24944640 processor.cc:662] No data in processing queue, waiting...
I0619 16:25:15.527492 23871488 processor.cc:842] Processor: complete processing batch 8ce90dfc-918a-4917-b71a-e26020fe626a into model nwt
I0619 16:25:15.530041 23871488 cuckoo_watch.h:44] 102ms in ProcessBatch(/Users/miptgirl/Documents/coursera_ml_and_data_analysis_spec/structure_in_data/week_4/assignment_2/batches/aaaaao.batch) [including 8ms in LoadMessage; 4ms in InitializeSparseNdw; 85ms in InferThetaAndUpdateNwtSparse; ]
I0619 16:25:15.537648 24408064 processor.cc:842] Processor: complete processing batch 654c13d6-dd97-4f03-a4d7-a13f5ea253f3 into model nwt
I0619 16:25:15.539486 24408064 cuckoo_watch.h:44] 106ms in ProcessBatch(/Users/miptgirl/Documents/coursera_ml_and_data_analysis_spec/structure_in_data/week_4/assignment_2/batches/aaaaap.batch) [including 7ms in LoadMessage; 5ms in InitializeSparseNdw; 89ms in InferThetaAndUpdateNwtSparse; ]
I0619 16:25:15.540236 2021564416 master_component.cc:979] RegularizeModelArgs: rwt_target_name=rwt, pwt_source_name=pwt, nwt_source_name=nwt
I0619 16:25:15.540400 2021564416 master_component.cc:590] MasterComponent: start regularizing model pwt
I0619 16:25:15.552917 23871488 processor.cc:662] No data in processing queue, waiting...
I0619 16:25:15.564164 24408064 processor.cc:662] No data in processing queue, waiting...
I0619 16:25:15.603931 2021564416 master_component.cc:613] MasterComponent: complete regularizing model pwt
I0619 16:25:15.603952 2021564416 master_component.cc:990] NormalizeModelArgs: pwt_target_name=pwt, nwt_source_name=nwt, rwt_source_name=rwt
I0619 16:25:15.603960 2021564416 master_component.cc:617] MasterComponent: start normalizing model nwt
I0619 16:25:15.659310 2021564416 master_component.cc:639] MasterComponent: complete normalizing model nwt
I0619 16:25:15.790984 2021564416 master_component.cc:1014] DisposeModel rwt
I0619 16:25:15.811682 2021564416 c_interface.cc:332] Pass FitOfflineMasterModelArgs, batch_filename_size=18, batch_weight_size=18, num_collection_passes=1 to MN4artm4core15MasterComponentEFvRKNS_25FitOfflineMasterModelArgsEE
I0619 16:25:15.811718 2021564416 master_component.cc:941] ProcessBatchesArgs: nwt_target_name=nwt, batch_filename_size=18, batch_size=0, batch_weight_size=18, pwt_source_name=pwt, num_document_passes=10, regularizer=(name:SmoothPhi, tau:100000), class=(text:1), class=(author:1), reuse_theta=no, opt_for_avx=yes, predict_class_id=
I0619 16:25:15.845566 24408064 processor.cc:669] Processing queue has data, processing started
I0619 16:25:15.847957 24408064 processor.cc:746] Processor: start processing batch f912d5bb-bfe9-4607-9bf2-add4bac57d76 into model nwt
I0619 16:25:15.850600 24944640 processor.cc:669] Processing queue has data, processing started
I0619 16:25:15.854229 24944640 processor.cc:746] Processor: start processing batch 9042f92e-fd75-4444-973c-657f347edb55 into model nwt
I0619 16:25:15.883922 23871488 processor.cc:669] Processing queue has data, processing started
I0619 16:25:15.904109 24408064 processor.cc:842] Processor: complete processing batch f912d5bb-bfe9-4607-9bf2-add4bac57d76 into model nwt
I0619 16:25:15.907380 23871488 processor.cc:746] Processor: start processing batch 6609c86e-5b7a-44da-be30-772c4f79a3f2 into model nwt
I0619 16:25:15.907893 24408064 cuckoo_watch.h:44] 62ms in ProcessBatch(/Users/miptgirl/Documents/coursera_ml_and_data_analysis_spec/structure_in_data/week_4/assignment_2/batches/aaaaaa.batch) [including 1ms in LoadMessage; 0ms in InitializeSparseNdw; 55ms in InferThetaAndUpdateNwtSparse; ]
I0619 16:25:15.931373 24408064 processor.cc:746] Processor: start processing batch cde3298e-97b7-41f7-a58d-038c26ec99b2 into model nwt
I0619 16:25:15.938292 25481216 processor.cc:669] Processing queue has data, processing started
I0619 16:25:15.949432 25481216 processor.cc:746] Processor: start processing batch cda8f3c4-f4f0-40ae-8586-057e31205b6c into model nwt
I0619 16:25:15.959327 24944640 processor.cc:842] Processor: complete processing batch 9042f92e-fd75-4444-973c-657f347edb55 into model nwt
I0619 16:25:15.965782 24944640 cuckoo_watch.h:44] 115ms in ProcessBatch(/Users/miptgirl/Documents/coursera_ml_and_data_analysis_spec/structure_in_data/week_4/assignment_2/batches/aaaaab.batch) [including 1ms in LoadMessage; 15ms in InitializeSparseNdw; 88ms in InferThetaAndUpdateNwtSparse; ]
I0619 16:25:15.976768 24944640 processor.cc:746] Processor: start processing batch d9d556fc-53f0-4412-a960-7064efe6a29f into model nwt
I0619 16:25:15.986572 23871488 processor.cc:842] Processor: complete processing batch 6609c86e-5b7a-44da-be30-772c4f79a3f2 into model nwt
I0619 16:25:15.987870 25481216 processor.cc:842] Processor: complete processing batch cda8f3c4-f4f0-40ae-8586-057e31205b6c into model nwt
I0619 16:25:15.989773 24408064 processor.cc:842] Processor: complete processing batch cde3298e-97b7-41f7-a58d-038c26ec99b2 into model nwt
I0619 16:25:15.991006 23871488 cuckoo_watch.h:44] 106ms in ProcessBatch(/Users/miptgirl/Documents/coursera_ml_and_data_analysis_spec/structure_in_data/week_4/assignment_2/batches/aaaaac.batch) [including 16ms in LoadMessage; 5ms in InitializeSparseNdw; 74ms in InferThetaAndUpdateNwtSparse; ]
I0619 16:25:15.991163 25481216 cuckoo_watch.h:44] 52ms in ProcessBatch(/Users/miptgirl/Documents/coursera_ml_and_data_analysis_spec/structure_in_data/week_4/assignment_2/batches/aaaaae.batch) [including 7ms in LoadMessage; 2ms in InitializeSparseNdw; 35ms in InferThetaAndUpdateNwtSparse; ]
I0619 16:25:15.993340 24408064 cuckoo_watch.h:44] 76ms in ProcessBatch(/Users/miptgirl/Documents/coursera_ml_and_data_analysis_spec/structure_in_data/week_4/assignment_2/batches/aaaaad.batch) [including 9ms in LoadMessage; 3ms in InitializeSparseNdw; 54ms in InferThetaAndUpdateNwtSparse; ]
I0619 16:25:15.999949 23871488 processor.cc:746] Processor: start processing batch a39646d9-c93c-4b46-9c31-62d6768a9e4d into model nwt
I0619 16:25:16.007119 25481216 processor.cc:746] Processor: start processing batch d1fc1de5-37c2-4987-b827-0d3a835f4da7 into model nwt
I0619 16:25:16.018805 24944640 processor.cc:842] Processor: complete processing batch d9d556fc-53f0-4412-a960-7064efe6a29f into model nwt
I0619 16:25:16.021369 24944640 cuckoo_watch.h:44] 53ms in ProcessBatch(/Users/miptgirl/Documents/coursera_ml_and_data_analysis_spec/structure_in_data/week_4/assignment_2/batches/aaaaaf.batch) [including 6ms in LoadMessage; 2ms in InitializeSparseNdw; 39ms in InferThetaAndUpdateNwtSparse; ]
I0619 16:25:16.022194 24408064 processor.cc:746] Processor: start processing batch 655cd2ca-a884-4971-8f82-ba284303a518 into model nwt
I0619 16:25:16.044535 24944640 processor.cc:746] Processor: start processing batch a36830c6-b335-4acf-9c93-d53ca2ddea20 into model nwt
I0619 16:25:16.047567 25481216 processor.cc:842] Processor: complete processing batch d1fc1de5-37c2-4987-b827-0d3a835f4da7 into model nwt
I0619 16:25:16.050065 25481216 cuckoo_watch.h:44] 50ms in ProcessBatch(/Users/miptgirl/Documents/coursera_ml_and_data_analysis_spec/structure_in_data/week_4/assignment_2/batches/aaaaah.batch) [including 5ms in LoadMessage; 2ms in InitializeSparseNdw; 38ms in InferThetaAndUpdateNwtSparse; ]
I0619 16:25:16.054946 24408064 processor.cc:842] Processor: complete processing batch 655cd2ca-a884-4971-8f82-ba284303a518 into model nwt
I0619 16:25:16.056747 24408064 cuckoo_watch.h:44] 41ms in ProcessBatch(/Users/miptgirl/Documents/coursera_ml_and_data_analysis_spec/structure_in_data/week_4/assignment_2/batches/aaaaai.batch) [including 4ms in LoadMessage; 1ms in InitializeSparseNdw; 30ms in InferThetaAndUpdateNwtSparse; ]
I0619 16:25:16.062925 25481216 processor.cc:746] Processor: start processing batch 056d7f10-6699-407e-b143-2d8211909c87 into model nwt
I0619 16:25:16.069012 23871488 processor.cc:842] Processor: complete processing batch a39646d9-c93c-4b46-9c31-62d6768a9e4d into model nwt
I0619 16:25:16.072499 23871488 cuckoo_watch.h:44] 81ms in ProcessBatch(/Users/miptgirl/Documents/coursera_ml_and_data_analysis_spec/structure_in_data/week_4/assignment_2/batches/aaaaag.batch) [including 6ms in LoadMessage; 2ms in InitializeSparseNdw; 66ms in InferThetaAndUpdateNwtSparse; ]
I0619 16:25:16.073562 24408064 processor.cc:746] Processor: start processing batch eae3841a-2012-4922-a99c-d274e87a3c31 into model nwt
I0619 16:25:16.084071 23871488 processor.cc:746] Processor: start processing batch c0116f44-2e93-4075-bff2-492ffffb9e16 into model nwt
I0619 16:25:16.140669 24944640 processor.cc:842] Processor: complete processing batch a36830c6-b335-4acf-9c93-d53ca2ddea20 into model nwt
I0619 16:25:16.143961 24944640 cuckoo_watch.h:44] 113ms in ProcessBatch(/Users/miptgirl/Documents/coursera_ml_and_data_analysis_spec/structure_in_data/week_4/assignment_2/batches/aaaaaj.batch) [including 6ms in LoadMessage; 4ms in InitializeSparseNdw; 91ms in InferThetaAndUpdateNwtSparse; ]
I0619 16:25:16.155936 24944640 processor.cc:746] Processor: start processing batch f053904a-564b-4d2e-b458-6d05ddd7d42f into model nwt
I0619 16:25:16.210340 25481216 processor.cc:842] Processor: complete processing batch 056d7f10-6699-407e-b143-2d8211909c87 into model nwt
I0619 16:25:16.215204 25481216 cuckoo_watch.h:44] 163ms in ProcessBatch(/Users/miptgirl/Documents/coursera_ml_and_data_analysis_spec/structure_in_data/week_4/assignment_2/batches/aaaaak.batch) [including 9ms in LoadMessage; 6ms in InitializeSparseNdw; 140ms in InferThetaAndUpdateNwtSparse; ]
I0619 16:25:16.222002 24408064 processor.cc:842] Processor: complete processing batch eae3841a-2012-4922-a99c-d274e87a3c31 into model nwt
I0619 16:25:16.226212 25481216 processor.cc:746] Processor: start processing batch 8ce90dfc-918a-4917-b71a-e26020fe626a into model nwt
I0619 16:25:16.227413 24408064 cuckoo_watch.h:44] 165ms in ProcessBatch(/Users/miptgirl/Documents/coursera_ml_and_data_analysis_spec/structure_in_data/week_4/assignment_2/batches/aaaaal.batch) [including 9ms in LoadMessage; 6ms in InitializeSparseNdw; 141ms in InferThetaAndUpdateNwtSparse; ]
I0619 16:25:16.237321 23871488 processor.cc:842] Processor: complete processing batch c0116f44-2e93-4075-bff2-492ffffb9e16 into model nwt
I0619 16:25:16.238351 24408064 processor.cc:746] Processor: start processing batch 654c13d6-dd97-4f03-a4d7-a13f5ea253f3 into model nwt
I0619 16:25:16.242740 23871488 cuckoo_watch.h:44] 170ms in ProcessBatch(/Users/miptgirl/Documents/coursera_ml_and_data_analysis_spec/structure_in_data/week_4/assignment_2/batches/aaaaam.batch) [including 9ms in LoadMessage; 9ms in InitializeSparseNdw; 144ms in InferThetaAndUpdateNwtSparse; ]
I0619 16:25:16.248116 23871488 processor.cc:746] Processor: start processing batch 689e14a7-6922-4fa3-bc93-2cdb4fca8fdf into model nwt
I0619 16:25:16.267657 23871488 processor.cc:842] Processor: complete processing batch 689e14a7-6922-4fa3-bc93-2cdb4fca8fdf into model nwt
I0619 16:25:16.271167 23871488 cuckoo_watch.h:44] 28ms in ProcessBatch(/Users/miptgirl/Documents/coursera_ml_and_data_analysis_spec/structure_in_data/week_4/assignment_2/batches/aaaaaq.batch) [including 3ms in LoadMessage; 0ms in InitializeSparseNdw; 18ms in InferThetaAndUpdateNwtSparse; ]
I0619 16:25:16.274144 23871488 processor.cc:746] Processor: start processing batch 1d30393b-e01f-4593-9876-0633c2152dae into model nwt
I0619 16:25:16.277653 23871488 processor.cc:842] Processor: complete processing batch 1d30393b-e01f-4593-9876-0633c2152dae into model nwt
I0619 16:25:16.278205 23871488 cuckoo_watch.h:44] 6ms in ProcessBatch(/Users/miptgirl/Documents/coursera_ml_and_data_analysis_spec/structure_in_data/week_4/assignment_2/batches/aaaaar.batch) [including 0ms in LoadMessage; 0ms in InitializeSparseNdw; 3ms in InferThetaAndUpdateNwtSparse; ]
I0619 16:25:16.281878 24944640 processor.cc:842] Processor: complete processing batch f053904a-564b-4d2e-b458-6d05ddd7d42f into model nwt
I0619 16:25:16.285913 24944640 cuckoo_watch.h:44] 141ms in ProcessBatch(/Users/miptgirl/Documents/coursera_ml_and_data_analysis_spec/structure_in_data/week_4/assignment_2/batches/aaaaan.batch) [including 9ms in LoadMessage; 6ms in InitializeSparseNdw; 119ms in InferThetaAndUpdateNwtSparse; ]
I0619 16:25:16.299825 23871488 processor.cc:662] No data in processing queue, waiting...
I0619 16:25:16.307883 24944640 processor.cc:662] No data in processing queue, waiting...
I0619 16:25:16.313518 25481216 processor.cc:842] Processor: complete processing batch 8ce90dfc-918a-4917-b71a-e26020fe626a into model nwt
I0619 16:25:16.316964 25481216 cuckoo_watch.h:44] 101ms in ProcessBatch(/Users/miptgirl/Documents/coursera_ml_and_data_analysis_spec/structure_in_data/week_4/assignment_2/batches/aaaaao.batch) [including 8ms in LoadMessage; 5ms in InitializeSparseNdw; 81ms in InferThetaAndUpdateNwtSparse; ]
I0619 16:25:16.319989 24408064 processor.cc:842] Processor: complete processing batch 654c13d6-dd97-4f03-a4d7-a13f5ea253f3 into model nwt
I0619 16:25:16.321841 24408064 cuckoo_watch.h:44] 94ms in ProcessBatch(/Users/miptgirl/Documents/coursera_ml_and_data_analysis_spec/structure_in_data/week_4/assignment_2/batches/aaaaap.batch) [including 8ms in LoadMessage; 5ms in InitializeSparseNdw; 76ms in InferThetaAndUpdateNwtSparse; ]
I0619 16:25:16.322482 2021564416 master_component.cc:979] RegularizeModelArgs: rwt_target_name=rwt, pwt_source_name=pwt, nwt_source_name=nwt
I0619 16:25:16.322614 2021564416 master_component.cc:590] MasterComponent: start regularizing model pwt
I0619 16:25:16.340417 25481216 processor.cc:662] No data in processing queue, waiting...
I0619 16:25:16.345474 24408064 processor.cc:662] No data in processing queue, waiting...
I0619 16:25:16.385797 2021564416 master_component.cc:613] MasterComponent: complete regularizing model pwt
I0619 16:25:16.385818 2021564416 master_component.cc:990] NormalizeModelArgs: pwt_target_name=pwt, nwt_source_name=nwt, rwt_source_name=rwt
I0619 16:25:16.385824 2021564416 master_component.cc:617] MasterComponent: start normalizing model nwt
I0619 16:25:16.430901 2021564416 master_component.cc:639] MasterComponent: complete normalizing model nwt
I0619 16:25:16.565742 2021564416 master_component.cc:1014] DisposeModel rwt
I0619 16:25:16.587043 2021564416 c_interface.cc:332] Pass MasterModelConfig: topic_name_size=30, class=(text:1), class=(author:1), score_config_size=2, num_processors=0, pwt_name=pwt, nwt_name=nwt, num_document_passes=10, regularizer=(SmoothPhi:100000), regularizer=(SparsePhi:-100000), reuse_theta=no, cache_theta=no, opt_for_avx=yes, disk_cache_path to MN4artm4core15MasterComponentEFvRKNS_17MasterModelConfigEE
I0619 16:25:16.587124 2021564416 instance.cc:351] MasterModelConfig.processors_count is automatically set to 4
I0619 16:25:16.587157 2021564416 instance.cc:212] Regularizer 'SmoothPhi' was cold-reconfigured
I0619 16:25:16.587182 2021564416 instance.cc:212] Regularizer 'SparsePhi' was cold-reconfigured
I0619 16:25:17.124796 2021564416 c_interface.cc:332] Pass FitOfflineMasterModelArgs, batch_filename_size=18, batch_weight_size=18, num_collection_passes=1 to MN4artm4core15MasterComponentEFvRKNS_25FitOfflineMasterModelArgsEE
I0619 16:25:17.124825 2021564416 master_component.cc:941] ProcessBatchesArgs: nwt_target_name=nwt, batch_filename_size=18, batch_size=0, batch_weight_size=18, pwt_source_name=pwt, num_document_passes=10, regularizer=(name:SmoothPhi, tau:100000), regularizer=(name:SparsePhi, tau:-100000), class=(text:1), class=(author:1), reuse_theta=no, opt_for_avx=yes, predict_class_id=
I0619 16:25:17.162866 25481216 processor.cc:669] Processing queue has data, processing started
I0619 16:25:17.166813 25481216 processor.cc:746] Processor: start processing batch f912d5bb-bfe9-4607-9bf2-add4bac57d76 into model nwt
I0619 16:25:17.170166 24408064 processor.cc:669] Processing queue has data, processing started
I0619 16:25:17.176369 24408064 processor.cc:746] Processor: start processing batch 9042f92e-fd75-4444-973c-657f347edb55 into model nwt
I0619 16:25:17.179245 23871488 processor.cc:669] Processing queue has data, processing started
I0619 16:25:17.180456 25481216 processor.cc:842] Processor: complete processing batch f912d5bb-bfe9-4607-9bf2-add4bac57d76 into model nwt
I0619 16:25:17.181381 25481216 cuckoo_watch.h:44] 18ms in ProcessBatch(/Users/miptgirl/Documents/coursera_ml_and_data_analysis_spec/structure_in_data/week_4/assignment_2/batches/aaaaaa.batch) [including 1ms in LoadMessage; 0ms in InitializeSparseNdw; 13ms in InferThetaAndUpdateNwtSparse; ]
I0619 16:25:17.186287 23871488 processor.cc:746] Processor: start processing batch 6609c86e-5b7a-44da-be30-772c4f79a3f2 into model nwt
I0619 16:25:17.192868 25481216 processor.cc:746] Processor: start processing batch cde3298e-97b7-41f7-a58d-038c26ec99b2 into model nwt
I0619 16:25:17.195683 24944640 processor.cc:669] Processing queue has data, processing started
I0619 16:25:17.201576 24944640 processor.cc:746] Processor: start processing batch cda8f3c4-f4f0-40ae-8586-057e31205b6c into model nwt
I0619 16:25:17.215759 24408064 processor.cc:842] Processor: complete processing batch 9042f92e-fd75-4444-973c-657f347edb55 into model nwt
I0619 16:25:17.217643 24408064 cuckoo_watch.h:44] 47ms in ProcessBatch(/Users/miptgirl/Documents/coursera_ml_and_data_analysis_spec/structure_in_data/week_4/assignment_2/batches/aaaaab.batch) [including 3ms in LoadMessage; 1ms in InitializeSparseNdw; 37ms in InferThetaAndUpdateNwtSparse; ]
I0619 16:25:17.223434 24408064 processor.cc:746] Processor: start processing batch d9d556fc-53f0-4412-a960-7064efe6a29f into model nwt
I0619 16:25:17.226701 23871488 processor.cc:842] Processor: complete processing batch 6609c86e-5b7a-44da-be30-772c4f79a3f2 into model nwt
I0619 16:25:17.228850 23871488 cuckoo_watch.h:44] 49ms in ProcessBatch(/Users/miptgirl/Documents/coursera_ml_and_data_analysis_spec/structure_in_data/week_4/assignment_2/batches/aaaaac.batch) [including 3ms in LoadMessage; 3ms in InitializeSparseNdw; 37ms in InferThetaAndUpdateNwtSparse; ]
I0619 16:25:17.236253 23871488 processor.cc:746] Processor: start processing batch a39646d9-c93c-4b46-9c31-62d6768a9e4d into model nwt
I0619 16:25:17.249897 24944640 processor.cc:842] Processor: complete processing batch cda8f3c4-f4f0-40ae-8586-057e31205b6c into model nwt
I0619 16:25:17.251760 24944640 cuckoo_watch.h:44] 56ms in ProcessBatch(/Users/miptgirl/Documents/coursera_ml_and_data_analysis_spec/structure_in_data/week_4/assignment_2/batches/aaaaae.batch) [including 3ms in LoadMessage; 1ms in InitializeSparseNdw; 46ms in InferThetaAndUpdateNwtSparse; ]
I0619 16:25:17.257501 24944640 processor.cc:746] Processor: start processing batch d1fc1de5-37c2-4987-b827-0d3a835f4da7 into model nwt
I0619 16:25:17.271456 25481216 processor.cc:842] Processor: complete processing batch cde3298e-97b7-41f7-a58d-038c26ec99b2 into model nwt
I0619 16:25:17.273906 25481216 cuckoo_watch.h:44] 86ms in ProcessBatch(/Users/miptgirl/Documents/coursera_ml_and_data_analysis_spec/structure_in_data/week_4/assignment_2/batches/aaaaad.batch) [including 3ms in LoadMessage; 1ms in InitializeSparseNdw; 76ms in InferThetaAndUpdateNwtSparse; ]
I0619 16:25:17.280494 25481216 processor.cc:746] Processor: start processing batch 655cd2ca-a884-4971-8f82-ba284303a518 into model nwt
I0619 16:25:17.281127 24408064 processor.cc:842] Processor: complete processing batch d9d556fc-53f0-4412-a960-7064efe6a29f into model nwt
I0619 16:25:17.283386 24408064 cuckoo_watch.h:44] 65ms in ProcessBatch(/Users/miptgirl/Documents/coursera_ml_and_data_analysis_spec/structure_in_data/week_4/assignment_2/batches/aaaaaf.batch) [including 3ms in LoadMessage; 1ms in InitializeSparseNdw; 56ms in InferThetaAndUpdateNwtSparse; ]
I0619 16:25:17.302775 24944640 processor.cc:842] Processor: complete processing batch d1fc1de5-37c2-4987-b827-0d3a835f4da7 into model nwt
I0619 16:25:17.303406 24408064 processor.cc:746] Processor: start processing batch a36830c6-b335-4acf-9c93-d53ca2ddea20 into model nwt
I0619 16:25:17.305109 24944640 cuckoo_watch.h:44] 53ms in ProcessBatch(/Users/miptgirl/Documents/coursera_ml_and_data_analysis_spec/structure_in_data/week_4/assignment_2/batches/aaaaah.batch) [including 3ms in LoadMessage; 1ms in InitializeSparseNdw; 43ms in InferThetaAndUpdateNwtSparse; ]
I0619 16:25:17.316997 25481216 processor.cc:842] Processor: complete processing batch 655cd2ca-a884-4971-8f82-ba284303a518 into model nwt
I0619 16:25:17.319416 25481216 cuckoo_watch.h:44] 45ms in ProcessBatch(/Users/miptgirl/Documents/coursera_ml_and_data_analysis_spec/structure_in_data/week_4/assignment_2/batches/aaaaai.batch) [including 4ms in LoadMessage; 1ms in InitializeSparseNdw; 34ms in InferThetaAndUpdateNwtSparse; ]
I0619 16:25:17.326604 24944640 processor.cc:746] Processor: start processing batch 056d7f10-6699-407e-b143-2d8211909c87 into model nwt
I0619 16:25:17.333842 23871488 processor.cc:842] Processor: complete processing batch a39646d9-c93c-4b46-9c31-62d6768a9e4d into model nwt
I0619 16:25:17.337155 23871488 cuckoo_watch.h:44] 108ms in ProcessBatch(/Users/miptgirl/Documents/coursera_ml_and_data_analysis_spec/structure_in_data/week_4/assignment_2/batches/aaaaag.batch) [including 5ms in LoadMessage; 2ms in InitializeSparseNdw; 94ms in InferThetaAndUpdateNwtSparse; ]
I0619 16:25:17.340987 25481216 processor.cc:746] Processor: start processing batch eae3841a-2012-4922-a99c-d274e87a3c31 into model nwt
I0619 16:25:17.349436 23871488 processor.cc:746] Processor: start processing batch c0116f44-2e93-4075-bff2-492ffffb9e16 into model nwt
I0619 16:25:17.405378 24408064 processor.cc:842] Processor: complete processing batch a36830c6-b335-4acf-9c93-d53ca2ddea20 into model nwt
I0619 16:25:17.408836 24408064 cuckoo_watch.h:44] 125ms in ProcessBatch(/Users/miptgirl/Documents/coursera_ml_and_data_analysis_spec/structure_in_data/week_4/assignment_2/batches/aaaaaj.batch) [including 17ms in LoadMessage; 3ms in InitializeSparseNdw; 97ms in InferThetaAndUpdateNwtSparse; ]
I0619 16:25:17.422467 24408064 processor.cc:746] Processor: start processing batch f053904a-564b-4d2e-b458-6d05ddd7d42f into model nwt
I0619 16:25:17.492828 24944640 processor.cc:842] Processor: complete processing batch 056d7f10-6699-407e-b143-2d8211909c87 into model nwt
I0619 16:25:17.499945 25481216 processor.cc:842] Processor: complete processing batch eae3841a-2012-4922-a99c-d274e87a3c31 into model nwt
I0619 16:25:17.500107 24944640 cuckoo_watch.h:44] 194ms in ProcessBatch(/Users/miptgirl/Documents/coursera_ml_and_data_analysis_spec/structure_in_data/week_4/assignment_2/batches/aaaaak.batch) [including 19ms in LoadMessage; 12ms in InitializeSparseNdw; 153ms in InferThetaAndUpdateNwtSparse; ]
I0619 16:25:17.504806 25481216 cuckoo_watch.h:44] 185ms in ProcessBatch(/Users/miptgirl/Documents/coursera_ml_and_data_analysis_spec/structure_in_data/week_4/assignment_2/batches/aaaaal.batch) [including 10ms in LoadMessage; 10ms in InitializeSparseNdw; 148ms in InferThetaAndUpdateNwtSparse; ]
I0619 16:25:17.508659 23871488 processor.cc:842] Processor: complete processing batch c0116f44-2e93-4075-bff2-492ffffb9e16 into model nwt
I0619 16:25:17.511144 24944640 processor.cc:746] Processor: start processing batch 8ce90dfc-918a-4917-b71a-e26020fe626a into model nwt
I0619 16:25:17.514153 23871488 cuckoo_watch.h:44] 176ms in ProcessBatch(/Users/miptgirl/Documents/coursera_ml_and_data_analysis_spec/structure_in_data/week_4/assignment_2/batches/aaaaam.batch) [including 10ms in LoadMessage; 8ms in InitializeSparseNdw; 150ms in InferThetaAndUpdateNwtSparse; ]
I0619 16:25:17.516083 25481216 processor.cc:746] Processor: start processing batch 654c13d6-dd97-4f03-a4d7-a13f5ea253f3 into model nwt
I0619 16:25:17.518626 23871488 processor.cc:746] Processor: start processing batch 689e14a7-6922-4fa3-bc93-2cdb4fca8fdf into model nwt
I0619 16:25:17.543644 23871488 processor.cc:842] Processor: complete processing batch 689e14a7-6922-4fa3-bc93-2cdb4fca8fdf into model nwt
I0619 16:25:17.547556 23871488 cuckoo_watch.h:44] 33ms in ProcessBatch(/Users/miptgirl/Documents/coursera_ml_and_data_analysis_spec/structure_in_data/week_4/assignment_2/batches/aaaaaq.batch) [including 2ms in LoadMessage; 0ms in InitializeSparseNdw; 24ms in InferThetaAndUpdateNwtSparse; ]
I0619 16:25:17.550626 23871488 processor.cc:746] Processor: start processing batch 1d30393b-e01f-4593-9876-0633c2152dae into model nwt
I0619 16:25:17.555454 23871488 processor.cc:842] Processor: complete processing batch 1d30393b-e01f-4593-9876-0633c2152dae into model nwt
I0619 16:25:17.555969 23871488 cuckoo_watch.h:44] 8ms in ProcessBatch(/Users/miptgirl/Documents/coursera_ml_and_data_analysis_spec/structure_in_data/week_4/assignment_2/batches/aaaaar.batch) [including 0ms in LoadMessage; 0ms in InitializeSparseNdw; 4ms in InferThetaAndUpdateNwtSparse; ]
I0619 16:25:17.559087 24408064 processor.cc:842] Processor: complete processing batch f053904a-564b-4d2e-b458-6d05ddd7d42f into model nwt
I0619 16:25:17.562389 24408064 cuckoo_watch.h:44] 153ms in ProcessBatch(/Users/miptgirl/Documents/coursera_ml_and_data_analysis_spec/structure_in_data/week_4/assignment_2/batches/aaaaan.batch) [including 11ms in LoadMessage; 6ms in InitializeSparseNdw; 129ms in InferThetaAndUpdateNwtSparse; ]
I0619 16:25:17.578622 23871488 processor.cc:662] No data in processing queue, waiting...
I0619 16:25:17.583804 24408064 processor.cc:662] No data in processing queue, waiting...
I0619 16:25:17.597165 24944640 processor.cc:842] Processor: complete processing batch 8ce90dfc-918a-4917-b71a-e26020fe626a into model nwt
I0619 16:25:17.599171 25481216 processor.cc:842] Processor: complete processing batch 654c13d6-dd97-4f03-a4d7-a13f5ea253f3 into model nwt
I0619 16:25:17.600107 24944640 cuckoo_watch.h:44] 99ms in ProcessBatch(/Users/miptgirl/Documents/coursera_ml_and_data_analysis_spec/structure_in_data/week_4/assignment_2/batches/aaaaao.batch) [including 9ms in LoadMessage; 5ms in InitializeSparseNdw; 80ms in InferThetaAndUpdateNwtSparse; ]
I0619 16:25:17.601384 25481216 cuckoo_watch.h:44] 96ms in ProcessBatch(/Users/miptgirl/Documents/coursera_ml_and_data_analysis_spec/structure_in_data/week_4/assignment_2/batches/aaaaap.batch) [including 7ms in LoadMessage; 6ms in InitializeSparseNdw; 76ms in InferThetaAndUpdateNwtSparse; ]
I0619 16:25:17.601876 2021564416 master_component.cc:979] RegularizeModelArgs: rwt_target_name=rwt, pwt_source_name=pwt, nwt_source_name=nwt
I0619 16:25:17.601953 2021564416 master_component.cc:590] MasterComponent: start regularizing model pwt
I0619 16:25:17.623546 24944640 processor.cc:662] No data in processing queue, waiting...
I0619 16:25:17.624832 25481216 processor.cc:662] No data in processing queue, waiting...
I0619 16:25:17.687867 2021564416 master_component.cc:613] MasterComponent: complete regularizing model pwt
I0619 16:25:17.687922 2021564416 master_component.cc:990] NormalizeModelArgs: pwt_target_name=pwt, nwt_source_name=nwt, rwt_source_name=rwt
I0619 16:25:17.687932 2021564416 master_component.cc:617] MasterComponent: start normalizing model nwt
I0619 16:25:17.748666 2021564416 master_component.cc:639] MasterComponent: complete normalizing model nwt
I0619 16:25:17.895948 2021564416 master_component.cc:1014] DisposeModel rwt
I0619 16:25:17.914655 2021564416 c_interface.cc:332] Pass FitOfflineMasterModelArgs, batch_filename_size=18, batch_weight_size=18, num_collection_passes=1 to MN4artm4core15MasterComponentEFvRKNS_25FitOfflineMasterModelArgsEE
I0619 16:25:17.914680 2021564416 master_component.cc:941] ProcessBatchesArgs: nwt_target_name=nwt, batch_filename_size=18, batch_size=0, batch_weight_size=18, pwt_source_name=pwt, num_document_passes=10, regularizer=(name:SmoothPhi, tau:100000), regularizer=(name:SparsePhi, tau:-100000), class=(text:1), class=(author:1), reuse_theta=no, opt_for_avx=yes, predict_class_id=
I0619 16:25:17.951654 24944640 processor.cc:669] Processing queue has data, processing started
I0619 16:25:17.954026 24944640 processor.cc:746] Processor: start processing batch f912d5bb-bfe9-4607-9bf2-add4bac57d76 into model nwt
I0619 16:25:17.956703 24408064 processor.cc:669] Processing queue has data, processing started
I0619 16:25:17.961194 24408064 processor.cc:746] Processor: start processing batch 9042f92e-fd75-4444-973c-657f347edb55 into model nwt
I0619 16:25:17.961740 23871488 processor.cc:669] Processing queue has data, processing started
I0619 16:25:17.964802 24944640 processor.cc:842] Processor: complete processing batch f912d5bb-bfe9-4607-9bf2-add4bac57d76 into model nwt
I0619 16:25:17.965900 24944640 cuckoo_watch.h:44] 14ms in ProcessBatch(/Users/miptgirl/Documents/coursera_ml_and_data_analysis_spec/structure_in_data/week_4/assignment_2/batches/aaaaaa.batch) [including 1ms in LoadMessage; 0ms in InitializeSparseNdw; 10ms in InferThetaAndUpdateNwtSparse; ]
I0619 16:25:17.967118 23871488 processor.cc:746] Processor: start processing batch 6609c86e-5b7a-44da-be30-772c4f79a3f2 into model nwt
I0619 16:25:17.976399 24944640 processor.cc:746] Processor: start processing batch cde3298e-97b7-41f7-a58d-038c26ec99b2 into model nwt
I0619 16:25:17.985364 25481216 processor.cc:669] Processing queue has data, processing started
I0619 16:25:17.987440 24408064 processor.cc:842] Processor: complete processing batch 9042f92e-fd75-4444-973c-657f347edb55 into model nwt
I0619 16:25:17.989557 24408064 cuckoo_watch.h:44] 32ms in ProcessBatch(/Users/miptgirl/Documents/coursera_ml_and_data_analysis_spec/structure_in_data/week_4/assignment_2/batches/aaaaab.batch) [including 2ms in LoadMessage; 0ms in InitializeSparseNdw; 25ms in InferThetaAndUpdateNwtSparse; ]
I0619 16:25:17.997771 24408064 processor.cc:746] Processor: start processing batch d9d556fc-53f0-4412-a960-7064efe6a29f into model nwt
I0619 16:25:17.999236 25481216 processor.cc:746] Processor: start processing batch cda8f3c4-f4f0-40ae-8586-057e31205b6c into model nwt
I0619 16:25:18.012311 23871488 processor.cc:842] Processor: complete processing batch 6609c86e-5b7a-44da-be30-772c4f79a3f2 into model nwt
I0619 16:25:18.014459 23871488 cuckoo_watch.h:44] 52ms in ProcessBatch(/Users/miptgirl/Documents/coursera_ml_and_data_analysis_spec/structure_in_data/week_4/assignment_2/batches/aaaaac.batch) [including 3ms in LoadMessage; 1ms in InitializeSparseNdw; 43ms in InferThetaAndUpdateNwtSparse; ]
I0619 16:25:18.038529 23871488 processor.cc:746] Processor: start processing batch a39646d9-c93c-4b46-9c31-62d6768a9e4d into model nwt
I0619 16:25:18.038617 24408064 processor.cc:842] Processor: complete processing batch d9d556fc-53f0-4412-a960-7064efe6a29f into model nwt
I0619 16:25:18.041750 24408064 cuckoo_watch.h:44] 50ms in ProcessBatch(/Users/miptgirl/Documents/coursera_ml_and_data_analysis_spec/structure_in_data/week_4/assignment_2/batches/aaaaaf.batch) [including 4ms in LoadMessage; 1ms in InitializeSparseNdw; 39ms in InferThetaAndUpdateNwtSparse; ]
I0619 16:25:18.052754 24408064 processor.cc:746] Processor: start processing batch d1fc1de5-37c2-4987-b827-0d3a835f4da7 into model nwt
I0619 16:25:18.102887 24944640 processor.cc:842] Processor: complete processing batch cde3298e-97b7-41f7-a58d-038c26ec99b2 into model nwt
I0619 16:25:18.105103 24944640 cuckoo_watch.h:44] 135ms in ProcessBatch(/Users/miptgirl/Documents/coursera_ml_and_data_analysis_spec/structure_in_data/week_4/assignment_2/batches/aaaaad.batch) [including 4ms in LoadMessage; 5ms in InitializeSparseNdw; 121ms in InferThetaAndUpdateNwtSparse; ]
I0619 16:25:18.111948 24944640 processor.cc:746] Processor: start processing batch 655cd2ca-a884-4971-8f82-ba284303a518 into model nwt
I0619 16:25:18.125085 25481216 processor.cc:842] Processor: complete processing batch cda8f3c4-f4f0-40ae-8586-057e31205b6c into model nwt
I0619 16:25:18.126917 25481216 cuckoo_watch.h:44] 141ms in ProcessBatch(/Users/miptgirl/Documents/coursera_ml_and_data_analysis_spec/structure_in_data/week_4/assignment_2/batches/aaaaae.batch) [including 4ms in LoadMessage; 1ms in InitializeSparseNdw; 124ms in InferThetaAndUpdateNwtSparse; ]
I0619 16:25:18.141233 25481216 processor.cc:746] Processor: start processing batch a36830c6-b335-4acf-9c93-d53ca2ddea20 into model nwt
I0619 16:25:18.157871 24944640 processor.cc:842] Processor: complete processing batch 655cd2ca-a884-4971-8f82-ba284303a518 into model nwt
I0619 16:25:18.159909 24944640 cuckoo_watch.h:44] 54ms in ProcessBatch(/Users/miptgirl/Documents/coursera_ml_and_data_analysis_spec/structure_in_data/week_4/assignment_2/batches/aaaaai.batch) [including 4ms in LoadMessage; 3ms in InitializeSparseNdw; 42ms in InferThetaAndUpdateNwtSparse; ]
I0619 16:25:18.173221 24944640 processor.cc:746] Processor: start processing batch 056d7f10-6699-407e-b143-2d8211909c87 into model nwt
I0619 16:25:18.228965 23871488 processor.cc:842] Processor: complete processing batch a39646d9-c93c-4b46-9c31-62d6768a9e4d into model nwt
I0619 16:25:18.232092 23871488 cuckoo_watch.h:44] 217ms in ProcessBatch(/Users/miptgirl/Documents/coursera_ml_and_data_analysis_spec/structure_in_data/week_4/assignment_2/batches/aaaaag.batch) [including 14ms in LoadMessage; 6ms in InitializeSparseNdw; 184ms in InferThetaAndUpdateNwtSparse; ]
I0619 16:25:18.256122 23871488 processor.cc:746] Processor: start processing batch eae3841a-2012-4922-a99c-d274e87a3c31 into model nwt
I0619 16:25:18.328145 24408064 processor.cc:842] Processor: complete processing batch d1fc1de5-37c2-4987-b827-0d3a835f4da7 into model nwt
I0619 16:25:18.333487 24408064 cuckoo_watch.h:44] 291ms in ProcessBatch(/Users/miptgirl/Documents/coursera_ml_and_data_analysis_spec/structure_in_data/week_4/assignment_2/batches/aaaaah.batch) [including 6ms in LoadMessage; 5ms in InitializeSparseNdw; 269ms in InferThetaAndUpdateNwtSparse; ]
I0619 16:25:18.362958 24408064 processor.cc:746] Processor: start processing batch c0116f44-2e93-4075-bff2-492ffffb9e16 into model nwt
I0619 16:25:18.406898 25481216 processor.cc:842] Processor: complete processing batch a36830c6-b335-4acf-9c93-d53ca2ddea20 into model nwt
I0619 16:25:18.438395 25481216 cuckoo_watch.h:44] 311ms in ProcessBatch(/Users/miptgirl/Documents/coursera_ml_and_data_analysis_spec/structure_in_data/week_4/assignment_2/batches/aaaaaj.batch) [including 11ms in LoadMessage; 4ms in InitializeSparseNdw; 261ms in InferThetaAndUpdateNwtSparse; ]
I0619 16:25:18.467296 25481216 processor.cc:746] Processor: start processing batch f053904a-564b-4d2e-b458-6d05ddd7d42f into model nwt
I0619 16:25:18.477016 24944640 processor.cc:842] Processor: complete processing batch 056d7f10-6699-407e-b143-2d8211909c87 into model nwt
I0619 16:25:18.483429 24944640 cuckoo_watch.h:44] 323ms in ProcessBatch(/Users/miptgirl/Documents/coursera_ml_and_data_analysis_spec/structure_in_data/week_4/assignment_2/batches/aaaaak.batch) [including 11ms in LoadMessage; 13ms in InitializeSparseNdw; 290ms in InferThetaAndUpdateNwtSparse; ]
I0619 16:25:18.498677 24944640 processor.cc:746] Processor: start processing batch 8ce90dfc-918a-4917-b71a-e26020fe626a into model nwt
I0619 16:25:18.573426 23871488 processor.cc:842] Processor: complete processing batch eae3841a-2012-4922-a99c-d274e87a3c31 into model nwt
I0619 16:25:18.579115 23871488 cuckoo_watch.h:44] 346ms in ProcessBatch(/Users/miptgirl/Documents/coursera_ml_and_data_analysis_spec/structure_in_data/week_4/assignment_2/batches/aaaaal.batch) [including 21ms in LoadMessage; 14ms in InitializeSparseNdw; 303ms in InferThetaAndUpdateNwtSparse; ]
I0619 16:25:18.599777 23871488 processor.cc:746] Processor: start processing batch 654c13d6-dd97-4f03-a4d7-a13f5ea253f3 into model nwt
I0619 16:25:18.680446 24408064 processor.cc:842] Processor: complete processing batch c0116f44-2e93-4075-bff2-492ffffb9e16 into model nwt
I0619 16:25:18.686075 24408064 cuckoo_watch.h:44] 352ms in ProcessBatch(/Users/miptgirl/Documents/coursera_ml_and_data_analysis_spec/structure_in_data/week_4/assignment_2/batches/aaaaam.batch) [including 25ms in LoadMessage; 10ms in InitializeSparseNdw; 306ms in InferThetaAndUpdateNwtSparse; ]
I0619 16:25:18.690546 24408064 processor.cc:746] Processor: start processing batch 689e14a7-6922-4fa3-bc93-2cdb4fca8fdf into model nwt
I0619 16:25:18.691061 25481216 processor.cc:842] Processor: complete processing batch f053904a-564b-4d2e-b458-6d05ddd7d42f into model nwt
I0619 16:25:18.697888 25481216 cuckoo_watch.h:44] 259ms in ProcessBatch(/Users/miptgirl/Documents/coursera_ml_and_data_analysis_spec/structure_in_data/week_4/assignment_2/batches/aaaaan.batch) [including 23ms in LoadMessage; 7ms in InitializeSparseNdw; 216ms in InferThetaAndUpdateNwtSparse; ]
I0619 16:25:18.701237 25481216 processor.cc:746] Processor: start processing batch 1d30393b-e01f-4593-9876-0633c2152dae into model nwt
I0619 16:25:18.704684 24944640 processor.cc:842] Processor: complete processing batch 8ce90dfc-918a-4917-b71a-e26020fe626a into model nwt
I0619 16:25:18.704888 25481216 processor.cc:842] Processor: complete processing batch 1d30393b-e01f-4593-9876-0633c2152dae into model nwt
I0619 16:25:18.705462 25481216 cuckoo_watch.h:44] 7ms in ProcessBatch(/Users/miptgirl/Documents/coursera_ml_and_data_analysis_spec/structure_in_data/week_4/assignment_2/batches/aaaaar.batch) [including 0ms in LoadMessage; 0ms in InitializeSparseNdw; 3ms in InferThetaAndUpdateNwtSparse; ]
I0619 16:25:18.709381 24944640 cuckoo_watch.h:44] 225ms in ProcessBatch(/Users/miptgirl/Documents/coursera_ml_and_data_analysis_spec/structure_in_data/week_4/assignment_2/batches/aaaaao.batch) [including 11ms in LoadMessage; 5ms in InitializeSparseNdw; 200ms in InferThetaAndUpdateNwtSparse; ]
I0619 16:25:18.714865 24408064 processor.cc:842] Processor: complete processing batch 689e14a7-6922-4fa3-bc93-2cdb4fca8fdf into model nwt
I0619 16:25:18.715792 24408064 cuckoo_watch.h:44] 29ms in ProcessBatch(/Users/miptgirl/Documents/coursera_ml_and_data_analysis_spec/structure_in_data/week_4/assignment_2/batches/aaaaaq.batch) [including 2ms in LoadMessage; 0ms in InitializeSparseNdw; 23ms in InferThetaAndUpdateNwtSparse; ]
I0619 16:25:18.730926 25481216 processor.cc:662] No data in processing queue, waiting...
I0619 16:25:18.731591 23871488 processor.cc:842] Processor: complete processing batch 654c13d6-dd97-4f03-a4d7-a13f5ea253f3 into model nwt
I0619 16:25:18.732194 24944640 processor.cc:662] No data in processing queue, waiting...
I0619 16:25:18.733377 23871488 cuckoo_watch.h:44] 154ms in ProcessBatch(/Users/miptgirl/Documents/coursera_ml_and_data_analysis_spec/structure_in_data/week_4/assignment_2/batches/aaaaap.batch) [including 18ms in LoadMessage; 5ms in InitializeSparseNdw; 125ms in InferThetaAndUpdateNwtSparse; ]
I0619 16:25:18.733546 2021564416 master_component.cc:979] RegularizeModelArgs: rwt_target_name=rwt, pwt_source_name=pwt, nwt_source_name=nwt
I0619 16:25:18.733568 2021564416 master_component.cc:590] MasterComponent: start regularizing model pwt
I0619 16:25:18.738483 24408064 processor.cc:662] No data in processing queue, waiting...
I0619 16:25:18.756947 23871488 processor.cc:662] No data in processing queue, waiting...
I0619 16:25:18.821080 2021564416 master_component.cc:613] MasterComponent: complete regularizing model pwt
I0619 16:25:18.821128 2021564416 master_component.cc:990] NormalizeModelArgs: pwt_target_name=pwt, nwt_source_name=nwt, rwt_source_name=rwt
I0619 16:25:18.821138 2021564416 master_component.cc:617] MasterComponent: start normalizing model nwt
I0619 16:25:18.893777 2021564416 master_component.cc:639] MasterComponent: complete normalizing model nwt
